###############################################################################
#                                                                             #
# IAR ELF Linker V6.30.1.53127/W32 for ARM              30/Apr/2019  09:28:26 #
# Copyright 2007-2011 IAR Systems AB.                                         #
#                                                                             #
#    Output file  =  D:\Git\tmp\XGM30\SOFTWARE\Debug\Exe\Project.out          #
#    Map file     =  D:\Git\tmp\XGM30\SOFTWARE\Debug\List\Project.map         #
#    Command line =  D:\Git\tmp\XGM30\SOFTWARE\Debug\Obj\Shell_main.o         #
#                    D:\Git\tmp\XGM30\SOFTWARE\Debug\Obj\api_lib.o            #
#                    D:\Git\tmp\XGM30\SOFTWARE\Debug\Obj\api_msg.o            #
#                    D:\Git\tmp\XGM30\SOFTWARE\Debug\Obj\app.o                #
#                    D:\Git\tmp\XGM30\SOFTWARE\Debug\Obj\app_vect.o           #
#                    D:\Git\tmp\XGM30\SOFTWARE\Debug\Obj\autoip.o             #
#                    D:\Git\tmp\XGM30\SOFTWARE\Debug\Obj\bsp.o                #
#                    D:\Git\tmp\XGM30\SOFTWARE\Debug\Obj\bsp_eth.o            #
#                    D:\Git\tmp\XGM30\SOFTWARE\Debug\Obj\bsp_int.o            #
#                    D:\Git\tmp\XGM30\SOFTWARE\Debug\Obj\bsp_lib.o            #
#                    D:\Git\tmp\XGM30\SOFTWARE\Debug\Obj\bsp_periph.o         #
#                    D:\Git\tmp\XGM30\SOFTWARE\Debug\Obj\bsp_spi.o            #
#                    D:\Git\tmp\XGM30\SOFTWARE\Debug\Obj\bsp_usart.o          #
#                    D:\Git\tmp\XGM30\SOFTWARE\Debug\Obj\config.o             #
#                    D:\Git\tmp\XGM30\SOFTWARE\Debug\Obj\cpu_a.o              #
#                    D:\Git\tmp\XGM30\SOFTWARE\Debug\Obj\cpu_c.o              #
#                    D:\Git\tmp\XGM30\SOFTWARE\Debug\Obj\cpu_core.o           #
#                    D:\Git\tmp\XGM30\SOFTWARE\Debug\Obj\def.o                #
#                    D:\Git\tmp\XGM30\SOFTWARE\Debug\Obj\dhcp.o               #
#                    D:\Git\tmp\XGM30\SOFTWARE\Debug\Obj\dns.o                #
#                    D:\Git\tmp\XGM30\SOFTWARE\Debug\Obj\eeprom.o             #
#                    D:\Git\tmp\XGM30\SOFTWARE\Debug\Obj\err.o                #
#                    D:\Git\tmp\XGM30\SOFTWARE\Debug\Obj\etharp.o             #
#                    D:\Git\tmp\XGM30\SOFTWARE\Debug\Obj\ethernetif.o         #
#                    D:\Git\tmp\XGM30\SOFTWARE\Debug\Obj\fpga_handler.o       #
#                    D:\Git\tmp\XGM30\SOFTWARE\Debug\Obj\fs.o                 #
#                    D:\Git\tmp\XGM30\SOFTWARE\Debug\Obj\gnss_handler.o       #
#                    D:\Git\tmp\XGM30\SOFTWARE\Debug\Obj\gnss_receiver.o      #
#                    D:\Git\tmp\XGM30\SOFTWARE\Debug\Obj\gnss_task.o          #
#                    D:\Git\tmp\XGM30\SOFTWARE\Debug\Obj\httpd.o              #
#                    D:\Git\tmp\XGM30\SOFTWARE\Debug\Obj\icmp.o               #
#                    D:\Git\tmp\XGM30\SOFTWARE\Debug\Obj\igmp.o               #
#                    D:\Git\tmp\XGM30\SOFTWARE\Debug\Obj\inet.o               #
#                    D:\Git\tmp\XGM30\SOFTWARE\Debug\Obj\inet_chksum.o        #
#                    D:\Git\tmp\XGM30\SOFTWARE\Debug\Obj\init.o               #
#                    D:\Git\tmp\XGM30\SOFTWARE\Debug\Obj\ip.o                 #
#                    D:\Git\tmp\XGM30\SOFTWARE\Debug\Obj\ip_addr.o            #
#                    D:\Git\tmp\XGM30\SOFTWARE\Debug\Obj\ip_frag.o            #
#                    D:\Git\tmp\XGM30\SOFTWARE\Debug\Obj\led_interrupt.o      #
#                    D:\Git\tmp\XGM30\SOFTWARE\Debug\Obj\lib_ascii.o          #
#                    D:\Git\tmp\XGM30\SOFTWARE\Debug\Obj\lib_math.o           #
#                    D:\Git\tmp\XGM30\SOFTWARE\Debug\Obj\lib_mem.o            #
#                    D:\Git\tmp\XGM30\SOFTWARE\Debug\Obj\lib_str.o            #
#                    D:\Git\tmp\XGM30\SOFTWARE\Debug\Obj\loopif.o             #
#                    D:\Git\tmp\XGM30\SOFTWARE\Debug\Obj\lwip.o               #
#                    D:\Git\tmp\XGM30\SOFTWARE\Debug\Obj\memp.o               #
#                    D:\Git\tmp\XGM30\SOFTWARE\Debug\Obj\misc.o               #
#                    D:\Git\tmp\XGM30\SOFTWARE\Debug\Obj\mtfs30_debug.o       #
#                    D:\Git\tmp\XGM30\SOFTWARE\Debug\Obj\netbuf.o             #
#                    D:\Git\tmp\XGM30\SOFTWARE\Debug\Obj\netdb.o              #
#                    D:\Git\tmp\XGM30\SOFTWARE\Debug\Obj\netif.o              #
#                    D:\Git\tmp\XGM30\SOFTWARE\Debug\Obj\netifapi.o           #
#                    D:\Git\tmp\XGM30\SOFTWARE\Debug\Obj\os_app_hooks.o       #
#                    D:\Git\tmp\XGM30\SOFTWARE\Debug\Obj\os_cfg_app.o         #
#                    D:\Git\tmp\XGM30\SOFTWARE\Debug\Obj\os_core.o            #
#                    D:\Git\tmp\XGM30\SOFTWARE\Debug\Obj\os_cpu_a.o           #
#                    D:\Git\tmp\XGM30\SOFTWARE\Debug\Obj\os_cpu_c.o           #
#                    D:\Git\tmp\XGM30\SOFTWARE\Debug\Obj\os_dbg.o             #
#                    D:\Git\tmp\XGM30\SOFTWARE\Debug\Obj\os_flag.o            #
#                    D:\Git\tmp\XGM30\SOFTWARE\Debug\Obj\os_int.o             #
#                    D:\Git\tmp\XGM30\SOFTWARE\Debug\Obj\os_mem.o             #
#                    D:\Git\tmp\XGM30\SOFTWARE\Debug\Obj\os_msg.o             #
#                    D:\Git\tmp\XGM30\SOFTWARE\Debug\Obj\os_mutex.o           #
#                    D:\Git\tmp\XGM30\SOFTWARE\Debug\Obj\os_pend_multi.o      #
#                    D:\Git\tmp\XGM30\SOFTWARE\Debug\Obj\os_prio.o            #
#                    D:\Git\tmp\XGM30\SOFTWARE\Debug\Obj\os_q.o               #
#                    D:\Git\tmp\XGM30\SOFTWARE\Debug\Obj\os_sem.o             #
#                    D:\Git\tmp\XGM30\SOFTWARE\Debug\Obj\os_stat.o            #
#                    D:\Git\tmp\XGM30\SOFTWARE\Debug\Obj\os_task.o            #
#                    D:\Git\tmp\XGM30\SOFTWARE\Debug\Obj\os_tick.o            #
#                    D:\Git\tmp\XGM30\SOFTWARE\Debug\Obj\os_time.o            #
#                    D:\Git\tmp\XGM30\SOFTWARE\Debug\Obj\os_tmr.o             #
#                    D:\Git\tmp\XGM30\SOFTWARE\Debug\Obj\os_var.o             #
#                    D:\Git\tmp\XGM30\SOFTWARE\Debug\Obj\out_ntp.o            #
#                    D:\Git\tmp\XGM30\SOFTWARE\Debug\Obj\out_pps_tod.o        #
#                    D:\Git\tmp\XGM30\SOFTWARE\Debug\Obj\out_ptp.o            #
#                    D:\Git\tmp\XGM30\SOFTWARE\Debug\Obj\pbuf.o               #
#                    D:\Git\tmp\XGM30\SOFTWARE\Debug\Obj\raw.o                #
#                    D:\Git\tmp\XGM30\SOFTWARE\Debug\Obj\roll_count.o         #
#                    D:\Git\tmp\XGM30\SOFTWARE\Debug\Obj\roll_print.o         #
#                    D:\Git\tmp\XGM30\SOFTWARE\Debug\Obj\roll_task.o          #
#                    D:\Git\tmp\XGM30\SOFTWARE\Debug\Obj\serial.o             #
#                    D:\Git\tmp\XGM30\SOFTWARE\Debug\Obj\slipif.o             #
#                    D:\Git\tmp\XGM30\SOFTWARE\Debug\Obj\snmp_SNMP.o          #
#                    D:\Git\tmp\XGM30\SOFTWARE\Debug\Obj\snmp_flash.o         #
#                    D:\Git\tmp\XGM30\SOFTWARE\Debug\Obj\snmp_main.o          #
#                    D:\Git\tmp\XGM30\SOFTWARE\Debug\Obj\snmp_mib.o           #
#                    D:\Git\tmp\XGM30\SOFTWARE\Debug\Obj\snmp_snmpAgent.o     #
#                    D:\Git\tmp\XGM30\SOFTWARE\Debug\Obj\snmp_snmpInit.o      #
#                    D:\Git\tmp\XGM30\SOFTWARE\Debug\Obj\snmp_snmpRefresh.o   #
#                    D:\Git\tmp\XGM30\SOFTWARE\Debug\Obj\sockets.o            #
#                    D:\Git\tmp\XGM30\SOFTWARE\Debug\Obj\stats.o              #
#                    D:\Git\tmp\XGM30\SOFTWARE\Debug\Obj\stm32f4x7_eth.o      #
#                    D:\Git\tmp\XGM30\SOFTWARE\Debug\Obj\stm32f4xx_adc.o      #
#                    D:\Git\tmp\XGM30\SOFTWARE\Debug\Obj\stm32f4xx_can.o      #
#                    D:\Git\tmp\XGM30\SOFTWARE\Debug\Obj\stm32f4xx_crc.o      #
#                    D:\Git\tmp\XGM30\SOFTWARE\Debug\Obj\stm32f4xx_cryp.o     #
#                    D:\Git\tmp\XGM30\SOFTWARE\Debug\Obj\stm32f4xx_cryp_aes.o #
#                     D:\Git\tmp\XGM30\SOFTWARE\Debug\Obj\stm32f4xx_cryp_des. #
#                    o D:\Git\tmp\XGM30\SOFTWARE\Debug\Obj\stm32f4xx_cryp_tde #
#                    s.o D:\Git\tmp\XGM30\SOFTWARE\Debug\Obj\stm32f4xx_dac.o  #
#                    D:\Git\tmp\XGM30\SOFTWARE\Debug\Obj\stm32f4xx_dbgmcu.o   #
#                    D:\Git\tmp\XGM30\SOFTWARE\Debug\Obj\stm32f4xx_dcmi.o     #
#                    D:\Git\tmp\XGM30\SOFTWARE\Debug\Obj\stm32f4xx_dma.o      #
#                    D:\Git\tmp\XGM30\SOFTWARE\Debug\Obj\stm32f4xx_exti.o     #
#                    D:\Git\tmp\XGM30\SOFTWARE\Debug\Obj\stm32f4xx_flash.o    #
#                    D:\Git\tmp\XGM30\SOFTWARE\Debug\Obj\stm32f4xx_fsmc.o     #
#                    D:\Git\tmp\XGM30\SOFTWARE\Debug\Obj\stm32f4xx_gpio.o     #
#                    D:\Git\tmp\XGM30\SOFTWARE\Debug\Obj\stm32f4xx_hash.o     #
#                    D:\Git\tmp\XGM30\SOFTWARE\Debug\Obj\stm32f4xx_hash_md5.o #
#                     D:\Git\tmp\XGM30\SOFTWARE\Debug\Obj\stm32f4xx_hash_sha1 #
#                    .o D:\Git\tmp\XGM30\SOFTWARE\Debug\Obj\stm32f4xx_i2c.o   #
#                    D:\Git\tmp\XGM30\SOFTWARE\Debug\Obj\stm32f4xx_iwdg.o     #
#                    D:\Git\tmp\XGM30\SOFTWARE\Debug\Obj\stm32f4xx_pwr.o      #
#                    D:\Git\tmp\XGM30\SOFTWARE\Debug\Obj\stm32f4xx_rcc.o      #
#                    D:\Git\tmp\XGM30\SOFTWARE\Debug\Obj\stm32f4xx_rng.o      #
#                    D:\Git\tmp\XGM30\SOFTWARE\Debug\Obj\stm32f4xx_rtc.o      #
#                    D:\Git\tmp\XGM30\SOFTWARE\Debug\Obj\stm32f4xx_sdio.o     #
#                    D:\Git\tmp\XGM30\SOFTWARE\Debug\Obj\stm32f4xx_spi.o      #
#                    D:\Git\tmp\XGM30\SOFTWARE\Debug\Obj\stm32f4xx_syscfg.o   #
#                    D:\Git\tmp\XGM30\SOFTWARE\Debug\Obj\stm32f4xx_tim.o      #
#                    D:\Git\tmp\XGM30\SOFTWARE\Debug\Obj\stm32f4xx_usart.o    #
#                    D:\Git\tmp\XGM30\SOFTWARE\Debug\Obj\stm32f4xx_wwdg.o     #
#                    D:\Git\tmp\XGM30\SOFTWARE\Debug\Obj\sys_arch.o           #
#                    D:\Git\tmp\XGM30\SOFTWARE\Debug\Obj\system.o             #
#                    D:\Git\tmp\XGM30\SOFTWARE\Debug\Obj\system_stm32f4xx.o   #
#                    D:\Git\tmp\XGM30\SOFTWARE\Debug\Obj\tcp.o                #
#                    D:\Git\tmp\XGM30\SOFTWARE\Debug\Obj\tcp_in.o             #
#                    D:\Git\tmp\XGM30\SOFTWARE\Debug\Obj\tcp_out.o            #
#                    D:\Git\tmp\XGM30\SOFTWARE\Debug\Obj\tcpip.o              #
#                    D:\Git\tmp\XGM30\SOFTWARE\Debug\Obj\timers.o             #
#                    D:\Git\tmp\XGM30\SOFTWARE\Debug\Obj\udp.o                #
#                    D:\Git\tmp\XGM30\SOFTWARE\Debug\Obj\usart_debug_task.o   #
#                    D:\Git\tmp\XGM30\SOFTWARE\Debug\Obj\user_cmd.o           #
#                    D:\Git\tmp\XGM30\SOFTWARE\Debug\Obj\ustdlib.o            #
#                    D:\Git\tmp\XGM30\SOFTWARE\Debug\Obj\ut4b0_receiver.o     #
#                    D:\Git\tmp\XGM30\SOFTWARE\Debug\Obj\util_check.o         #
#                    D:\Git\tmp\XGM30\SOFTWARE\Debug\Obj\util_ringbuffer.o    #
#                    D:\Git\tmp\XGM30\SOFTWARE\Debug\Obj\util_string.o        #
#                    D:\Git\tmp\XGM30\SOFTWARE\Debug\Obj\watchdog_task.o      #
#                    D:\Git\tmp\XGM30\SOFTWARE\Debug\Obj\web_main.o -o        #
#                    D:\Git\tmp\XGM30\SOFTWARE\Debug\Exe\Project.out --map    #
#                    D:\Git\tmp\XGM30\SOFTWARE\Debug\List\Project.map         #
#                    --config D:\Git\tmp\XGM30\SOFTWARE\BSP\stm32f407xE.icf   #
#                    --semihosting --entry __iar_program_start --vfe          #
#                                                                             #
#                                                                             #
###############################################################################

*******************************************************************************
*** RUNTIME MODEL ATTRIBUTES
***

CppFlavor       = *
__Heap_Handler  = Basic
__SystemLibrary = DLib


*******************************************************************************
*** PLACEMENT SUMMARY
***

"A1":  place at 0x08000000 { ro section .intvec };
"P1":  place in [from 0x08000000 to 0x080fffff] { ro };
"P3":  place in [from 0x10000000 to 0x1000ffff] { block CSTACK, section .ccram };
"P4":  place in [from 0x20000000 to 0x2001ffff] { rw, block HEAP };

  Section             Kind        Address     Size  Object
  -------             ----        -------     ----  ------
"A1":                                        0x184
  .intvec             const    0x08000000    0x184  app_vect.o [1]
                             - 0x08000184    0x184

"P1":                                      0x39334
  .rodata             const    0x08000184   0x5224  fs.o [1]
  .rodata             const    0x080053a8   0x3ae4  fs.o [1]
  .rodata             const    0x08008e8c   0x2c68  fs.o [1]
  .rodata             const    0x0800baf4   0x22f4  fs.o [1]
  .rodata             const    0x0800dde8   0x21a8  fs.o [1]
  .rodata             const    0x0800ff90   0x1f34  fs.o [1]
  .text               ro code  0x08011ec4   0x1d68  config.o [1]
  .text               ro code  0x08013c2c     0x76  ABImemcpy.o [5]
  .text               ro code  0x08013ca2     0x22  zero_init3.o [5]
  .text               ro code  0x08013cc4    0x6dc  eeprom.o [1]
  .text               ro code  0x080143a0    0x1d4  ip_addr.o [1]
  .text               ro code  0x08014574     0x36  def.o [1]
  .text               ro code  0x080145aa      0xe  util_ringbuffer.o [1]
  .text               ro code  0x080145b8   0x11f4  httpd.o [1]
  .text               ro code  0x080157ac    0x178  lwip.o [1]
  .text               ro code  0x08015924     0x42  strcmp.o [5]
  .text               ro code  0x08015966     0x1a  xsnprout.o [3]
  .text               ro code  0x08015980    0x284  ustdlib.o [1]
  .text               ro code  0x08015c04     0x24  config.o [1]
  .text               ro code  0x08015c28     0x36  strlen.o [5]
  .text               ro code  0x08015c5e     0x2a  strncmp.o [3]
  .text               ro code  0x08015c88     0x14  udp.o [1]
  .text               ro code  0x08015c9c     0x34  sprintf.o [3]
  .text               ro code  0x08015cd0     0x1e  strcat.o [3]
  .text               ro code  0x08015cee      0xa  xsprout.o [3]
  .text               ro code  0x08015cf8    0x428  gnss_receiver.o [1]
  .text               ro code  0x08016120     0xc4  mtfs30_debug.o [1]
  .text               ro code  0x080161e4      0x8  ut4b0_receiver.o [1]
  .text               ro code  0x080161ec     0x6c  strncpy.o [5]
  .text               ro code  0x08016258    0x19c  stm32f4xx_flash.o [1]
  .text               ro code  0x080163f4     0x24  printf.o [3]
  .text               ro code  0x08016418    0x24c  bsp_lib.o [1]
  .text               ro code  0x08016664     0xee  fs.o [1]
  .rodata             const    0x08016752      0x2  led_interrupt.o [1]
  .text               ro code  0x08016754    0xfc0  tcp_out.o [1]
  .text               ro code  0x08017714    0xcfc  tcp.o [1]
  .text               ro code  0x08018410     0x16  strchr.o [5]
  .rodata             const    0x08018426      0x2  os_cfg_app.o [1]
  .text               ro code  0x08018428    0x7e4  pbuf.o [1]
  .text               ro code  0x08018c0c    0x45c  os_sem.o [1]
  .text               ro code  0x08019068    0x52e  bsp_eth.o [1]
  .rodata             const    0x08019596      0x2  os_cfg_app.o [1]
  .text               ro code  0x08019598    0x12e  ethernetif.o [1]
  .rodata             const    0x080196c6      0x2  os_cfg_app.o [1]
  .text               ro code  0x080196c8    0x178  tcpip.o [1]
  .text               ro code  0x08019840    0x22c  netif.o [1]
  .text               ro code  0x08019a6c    0x29e  sys_arch.o [1]
  .text               ro code  0x08019d0a     0x10  config.o [1]
  .rodata             const    0x08019d1a      0x2  os_cfg_app.o [1]
  .text               ro code  0x08019d1c     0x66  ABImemset.o [5]
  .rodata             const    0x08019d82      0x2  os_cfg_app.o [1]
  .text               ro code  0x08019d84    0xd1e  xprintffull_nomb.o [3]
  .rodata             const    0x0801aaa2      0x2  os_cfg_app.o [1]
  .text               ro code  0x0801aaa4     0x5c  bsp.o [1]
  .text               ro code  0x0801ab00   0x1200  ut4b0_receiver.o [1]
  .text               ro code  0x0801bd00     0x44  strcpy.o [5]
  .text               ro code  0x0801bd44     0x4c  strtok.o [3]
  .text               ro code  0x0801bd90     0x70  usart_debug_task.o [1]
  .text               ro code  0x0801be00      0x6  ABImemclr4.o [5]
  .rodata             const    0x0801be06      0x2  os_cfg_app.o [1]
  .text               ro code  0x0801be08     0x3c  vsnprint.o [3]
  .text               ro code  0x0801be44    0x4ac  bsp_usart.o [1]
  .text               ro code  0x0801c2f0     0x2c  strstr.o [3]
  CODE                ro code  0x0801c31c     0x2a  cpu_a.o [1]
  .rodata             const    0x0801c346      0x2  os_cfg_app.o [1]
  .text               ro code  0x0801c348    0x1a4  cpu_core.o [1]
  .text               ro code  0x0801c4ec     0xbc  xxmemxmalloc.o [3]
  .text               ro code  0x0801c5a8     0x88  xxmemxfree.o [3]
  .text               ro code  0x0801c630    0x178  realloc.o [3]
  .text               ro code  0x0801c7a8    0x124  memp.o [1]
  .text               ro code  0x0801c8cc    0x3f4  ip.o [1]
  .text               ro code  0x0801ccc0    0x218  timers.o [1]
  .text               ro code  0x0801ced8    0xb18  os_core.o [1]
  .text               ro code  0x0801d9f0    0x3c0  os_int.o [1]
  .text               ro code  0x0801ddb0    0xa98  stm32f4x7_eth.o [1]
  .text               ro code  0x0801e848     0x28  bsp_periph.o [1]
  .text               ro code  0x0801e870    0x1c4  stm32f4xx_rcc.o [1]
  .text               ro code  0x0801ea34     0x60  stm32f4xx_syscfg.o [1]
  .text               ro code  0x0801ea94     0xf8  stm32f4xx_gpio.o [1]
  .text               ro code  0x0801eb8c    0x100  stm32f4xx_exti.o [1]
  .text               ro code  0x0801ec8c    0x3d8  bsp_int.o [1]
  .text               ro code  0x0801f064    0xadc  etharp.o [1]
  .text               ro code  0x0801fb40     0x1c  init.o [1]
  .text               ro code  0x0801fb5c    0x36c  igmp.o [1]
  .text               ro code  0x0801fec8    0x588  os_q.o [1]
  .text               ro code  0x08020450    0x154  os_mem.o [1]
  .text               ro code  0x080205a4    0xcfc  os_task.o [1]
  .text               ro code  0x080212a0     0x58  memchr.o [5]
  .text               ro code  0x080212f8     0xee  I64DivMod.o [5]
  .text               ro code  0x080213e6     0x44  xdnorm.o [4]
  .rodata             const    0x0802142a      0x2  os_cfg_app.o [1]
  .text               ro code  0x0802142c     0x2e  DblCmpLe.o [4]
  .rodata             const    0x0802145a      0x2  os_cfg_app.o [1]
  .text               ro code  0x0802145c     0x2e  DblCmpGe.o [4]
  .rodata             const    0x0802148a      0x2  os_cfg_app.o [1]
  .text               ro code  0x0802148c    0x11a  xdscale.o [4]
  .rodata             const    0x080215a6      0x2  os_dbg.o [1]
  .text               ro code  0x080215a8     0x58  DblToI32.o [4]
  .text               ro code  0x08021600     0x30  I32ToDbl.o [4]
  .text               ro code  0x08021630    0x180  DblSub.o [4]
  .text               ro code  0x080217b0    0x1a2  DblMul.o [4]
  .rodata             const    0x08021952      0x2  os_dbg.o [1]
  .text               ro code  0x08021954    0x246  DblDiv.o [4]
  .text               ro code  0x08021b9a      0xe  div.o [3]
  .text               ro code  0x08021ba8    0x594  bsp_spi.o [1]
  .text               ro code  0x0802213c    0x2b4  os_time.o [1]
  .text               ro code  0x080223f0    0x104  util_check.o [1]
  .text               ro code  0x080224f4      0x8  atoi.o [3]
  .text               ro code  0x080224fc     0x44  snprintf.o [3]
  .text               ro code  0x08022540      0x2  xtls.o [3]
  .text               ro code  0x08022542     0x22  strspn.o [3]
  .text               ro code  0x08022564     0x22  strcspn.o [3]
  .rodata             const    0x08022586      0x2  os_dbg.o [1]
  .text               ro code  0x08022588    0x2c4  user_cmd.o [1]
  .text               ro code  0x0802284c     0x32  ABImemset48.o [5]
  .rodata             const    0x0802287e      0x2  os_dbg.o [1]
  .text               ro code  0x08022880     0x88  misc.o [1]
  .text               ro code  0x08022908    0x1d2  stm32f4xx_usart.o [1]
  .rodata             const    0x08022ada      0x2  os_dbg.o [1]
  .text               ro code  0x08022adc    0x254  stm32f4xx_dma.o [1]
  .text               ro code  0x08022d30     0x58  util_ringbuffer.o [1]
  .text               ro code  0x08022d88     0x6a  lib_mem.o [1]
  .rodata             const    0x08022df2      0x2  os_dbg.o [1]
  .text               ro code  0x08022df4     0x94  xsyslock.o [3]
  .text               ro code  0x08022e88     0x28  xgetmemchunk.o [3]
  .text               ro code  0x08022eb0     0x78  ABImemmove.o [5]
  .text               ro code  0x08022f28     0x9c  raw.o [1]
  .text               ro code  0x08022fc4    0x21c  udp.o [1]
  .text               ro code  0x080231e0   0x154c  tcp_in.o [1]
  .text               ro code  0x0802472c    0x260  icmp.o [1]
  .text               ro code  0x0802498c     0x8c  os_prio.o [1]
  .text               ro code  0x08024a18    0x3d4  os_tick.o [1]
  .text               ro code  0x08024dec    0x3e0  os_stat.o [1]
  .text               ro code  0x080251cc    0x27c  os_flag.o [1]
  .text               ro code  0x08025448    0x1f4  os_msg.o [1]
  .text               ro code  0x0802563c     0x34  os_mutex.o [1]
  .text               ro code  0x08025670    0x304  os_tmr.o [1]
  .text               ro code  0x08025974    0x208  os_dbg.o [1]
  .text               ro code  0x08025b7c    0x22c  os_cpu_c.o [1]
  .text               ro code  0x08025da8    0x1b8  os_cfg_app.o [1]
  CODE                ro code  0x08025f60     0x88  os_cpu_a.o [1]
  .text               ro code  0x08025fe8    0x1b4  led_interrupt.o [1]
  .text               ro code  0x0802619c    0x31c  cpu_c.o [1]
  .text               ro code  0x080264b8     0xc8  inet_chksum.o [1]
  .text               ro code  0x08026580     0xc4  rand.o [3]
  .text               ro code  0x08026644      0x2  I64DivZer.o [5]
  .rodata             const    0x08026646      0x2  os_dbg.o [1]
  .text               ro code  0x08026648     0xd4  DblAdd.o [4]
  .text               ro code  0x0802671c     0x78  stm32f4xx_spi.o [1]
  .text               ro code  0x08026794      0x4  strtoul.o [3]
  .text               ro code  0x08026798    0x178  xstoul.o [3]
  .text               ro code  0x08026910      0x8  xmtx.o [3]
  .text               ro code  0x08026918      0xc  errno.o [3]
  .rodata             const    0x08026924   0x1d0c  fs.o [1]
  .rodata             const    0x08028630   0x116c  fs.o [1]
  .rodata             const    0x0802979c    0xfac  fs.o [1]
  .rodata             const    0x0802a748    0xb74  fs.o [1]
  .rodata             const    0x0802b2bc    0xae4  fs.o [1]
  .rodata             const    0x0802bda0    0xae0  fs.o [1]
  .rodata             const    0x0802c880    0xa88  fs.o [1]
  .rodata             const    0x0802d308    0xa34  fs.o [1]
  .rodata             const    0x0802dd3c    0x994  fs.o [1]
  .rodata             const    0x0802e6d0    0x8b8  fs.o [1]
  .rodata             const    0x0802ef88    0x7bc  fs.o [1]
  .rodata             const    0x0802f744    0x6c0  fs.o [1]
  .rodata             const    0x0802fe04    0x6b8  fs.o [1]
  .rodata             const    0x080304bc    0x6b4  fs.o [1]
  .rodata             const    0x08030b70    0x6a8  fs.o [1]
  .rodata             const    0x08031218    0x5c4  fs.o [1]
  .rodata             const    0x080317dc    0x5a8  fs.o [1]
  .rodata             const    0x08031d84    0x4d8  fs.o [1]
  .rodata             const    0x0803225c    0x468  fs.o [1]
  .rodata             const    0x080326c4    0x460  fs.o [1]
  .rodata             const    0x08032b24    0x424  gnss_handler.o [1]
  .rodata             const    0x08032f48    0x400  util_check.o [1]
  .rodata             const    0x08033348    0x3c0  fs.o [1]
  .text               ro code  0x08033708    0x334  fpga_handler.o [1]
  .text               ro code  0x08033a3c    0x31c  gnss_handler.o [1]
  .text               ro code  0x08033d58      0xc  system.o [1]
  .rodata             const    0x08033d64    0x1ec  fs.o [1]
  .rodata             const    0x08033f50    0x19c  config.o [1]
  .rodata             const    0x080340ec    0x160  fs.o [1]
  .text               ro code  0x0803424c    0x15c  app.o [1]
  .text               ro code  0x080343a8    0x144  system_stm32f4xx.o [1]
  .text               ro code  0x080344ec     0x74  watchdog_task.o [1]
  .text               ro code  0x08034560     0xf0  web_main.o [1]
  .text               ro code  0x08034650     0xa0  gnss_task.o [1]
  .text               ro code  0x080346f0     0x68  roll_task.o [1]
  .text               ro code  0x08034758     0x74  roll_print.o [1]
  .text               ro code  0x080347cc     0xa0  packbits_init3.o [5]
  .rodata             const    0x0803486c     0x94  config.o [1]
  .rodata             const    0x08034900     0x70  config.o [1]
  .rodata             const    0x08034970     0x6c  ut4b0_receiver.o [1]
  .text               ro code  0x080349dc     0x6c  iarttio.o [6]
  .text               ro code  0x08034a48      0x8  XShttio.o [3]
  .rodata             const    0x08034a50     0x58  httpd.o [1]
  .rodata             const    0x08034aa8     0x58  tcp_out.o [1]
  .rodata             const    0x08034b00     0x54  config.o [1]
  .rodata             const    0x08034b54     0x54  config.o [1]
  .rodata             const    0x08034ba8     0x54  config.o [1]
  .rodata             const    0x08034bfc     0x54  config.o [1]
  .rodata             const    0x08034c50     0x54  config.o [1]
  .rodata             const    0x08034ca4     0x54  config.o [1]
  .rodata             const    0x08034cf8     0x54  config.o [1]
  .rodata             const    0x08034d4c     0x54  config.o [1]
  .rodata             const    0x08034da0     0x50  config.o [1]
  .rodata             const    0x08034df0     0x50  config.o [1]
  .rodata             const    0x08034e40     0x50  config.o [1]
  .rodata             const    0x08034e90     0x50  config.o [1]
  .rodata             const    0x08034ee0     0x50  config.o [1]
  .rodata             const    0x08034f30     0x50  config.o [1]
  .rodata             const    0x08034f80     0x50  config.o [1]
  .rodata             const    0x08034fd0     0x50  config.o [1]
  .rodata             const    0x08035020     0x50  config.o [1]
  .rodata             const    0x08035070     0x50  config.o [1]
  .rodata             const    0x080350c0     0x50  config.o [1]
  .rodata             const    0x08035110     0x50  config.o [1]
  .rodata             const    0x08035160     0x50  fpga_handler.o [1]
  .rodata             const    0x080351b0     0x50  fpga_handler.o [1]
  .rodata             const    0x08035200     0x50  gnss_receiver.o [1]
  .rodata             const    0x08035250     0x50  httpd.o [1]
  .rodata             const    0x080352a0     0x48  config.o [1]
  .rodata             const    0x080352e8     0x44  config.o [1]
  .rodata             const    0x0803532c     0x44  config.o [1]
  .rodata             const    0x08035370     0x44  config.o [1]
  .rodata             const    0x080353b4     0x44  config.o [1]
  .rodata             const    0x080353f8     0x44  config.o [1]
  .rodata             const    0x0803543c     0x44  etharp.o [1]
  .rodata             const    0x08035480     0x44  fpga_handler.o [1]
  .rodata             const    0x080354c4     0x44  fpga_handler.o [1]
  .rodata             const    0x08035508     0x44  gnss_receiver.o [1]
  .rodata             const    0x0803554c     0x44  sys_arch.o [1]
  .rodata             const    0x08035590     0x40  config.o [1]
  .rodata             const    0x080355d0     0x40  config.o [1]
  .rodata             const    0x08035610     0x40  config.o [1]
  .rodata             const    0x08035650     0x40  config.o [1]
  .rodata             const    0x08035690     0x40  config.o [1]
  .rodata             const    0x080356d0     0x40  config.o [1]
  .rodata             const    0x08035710     0x40  config.o [1]
  .rodata             const    0x08035750     0x40  config.o [1]
  .rodata             const    0x08035790     0x40  etharp.o [1]
  .rodata             const    0x080357d0     0x40  httpd.o [1]
  .rodata             const    0x08035810     0x40  tcp_out.o [1]
  .rodata             const    0x08035850     0x3c  config.o [1]
  .rodata             const    0x0803588c     0x3c  fpga_handler.o [1]
  .rodata             const    0x080358c8     0x3c  igmp.o [1]
  .rodata             const    0x08035904     0x3c  tcp_out.o [1]
  .rodata             const    0x08035940     0x3c  tcp_out.o [1]
  .rodata             const    0x0803597c     0x38  gnss_handler.o [1]
  .rodata             const    0x080359b4     0x38  gnss_receiver.o [1]
  .rodata             const    0x080359ec     0x38  icmp.o [1]
  .rodata             const    0x08035a24     0x38  ip_addr.o [1]
  .rodata             const    0x08035a5c     0x38  pbuf.o [1]
  .rodata             const    0x08035a94     0x38  tcp_in.o [1]
  .rodata             const    0x08035acc     0x38  tcp_out.o [1]
  .rodata             const    0x08035b04     0x34  bsp_lib.o [1]
  .rodata             const    0x08035b38     0x34  bsp_lib.o [1]
  .rodata             const    0x08035b6c     0x34  etharp.o [1]
  .rodata             const    0x08035ba0     0x34  etharp.o [1]
  .rodata             const    0x08035bd4     0x34  icmp.o [1]
  .rodata             const    0x08035c08     0x34  icmp.o [1]
  .rodata             const    0x08035c3c     0x34  icmp.o [1]
  .rodata             const    0x08035c70     0x34  igmp.o [1]
  .rodata             const    0x08035ca4     0x34  ip.o [1]
  .rodata             const    0x08035cd8     0x34  pbuf.o [1]
  .rodata             const    0x08035d0c     0x34  pbuf.o [1]
  .rodata             const    0x08035d40     0x34  tcp.o [1]
  .rodata             const    0x08035d74     0x34  tcp_in.o [1]
  .rodata             const    0x08035da8     0x34  tcp_out.o [1]
  .rodata             const    0x08035ddc     0x34  tcp_out.o [1]
  .rodata             const    0x08035e10     0x34  tcp_out.o [1]
  .rodata             const    0x08035e44     0x34  user_cmd.o [1]
  .rodata             const    0x08035e78     0x34  ut4b0_receiver.o [1]
  .rodata             const    0x08035eac     0x34  ut4b0_receiver.o [1]
  .rodata             const    0x08035ee0     0x34  ut4b0_receiver.o [1]
  .rodata             const    0x08035f14     0x30  bsp_lib.o [1]
  .rodata             const    0x08035f44     0x30  bsp_spi.o [1]
  .rodata             const    0x08035f74     0x30  bsp_spi.o [1]
  .rodata             const    0x08035fa4     0x30  bsp_spi.o [1]
  .rodata             const    0x08035fd4     0x30  bsp_spi.o [1]
  .rodata             const    0x08036004     0x30  fpga_handler.o [1]
  .rodata             const    0x08036034     0x30  fpga_handler.o [1]
  .rodata             const    0x08036064     0x30  gnss_receiver.o [1]
  .rodata             const    0x08036094     0x30  httpd.o [1]
  .rodata             const    0x080360c4     0x30  httpd.o [1]
  .rodata             const    0x080360f4     0x30  ip.o [1]
  .rodata             const    0x08036124     0x30  memp.o [1]
  .rodata             const    0x08036154     0x30  netif.o [1]
  .rodata             const    0x08036184     0x30  pbuf.o [1]
  .rodata             const    0x080361b4     0x30  pbuf.o [1]
  .rodata             const    0x080361e4     0x30  pbuf.o [1]
  .rodata             const    0x08036214     0x30  pbuf.o [1]
  .rodata             const    0x08036244     0x30  pbuf.o [1]
  .rodata             const    0x08036274     0x30  sys_arch.o [1]
  .rodata             const    0x080362a4     0x30  tcp.o [1]
  .rodata             const    0x080362d4     0x30  tcp.o [1]
  .rodata             const    0x08036304     0x30  tcp.o [1]
  .rodata             const    0x08036334     0x30  tcp_in.o [1]
  .rodata             const    0x08036364     0x30  tcp_out.o [1]
  .rodata             const    0x08036394     0x30  tcp_out.o [1]
  .rodata             const    0x080363c4     0x30  tcpip.o [1]
  .rodata             const    0x080363f4     0x30  udp.o [1]
  .rodata             const    0x08036424     0x30  ut4b0_receiver.o [1]
  .rodata             const    0x08036454     0x2c  bsp_lib.o [1]
  .rodata             const    0x08036480     0x2c  config.o [1]
  .rodata             const    0x080364ac     0x2c  config.o [1]
  .rodata             const    0x080364d8     0x2c  etharp.o [1]
  .rodata             const    0x08036504     0x2c  gnss_receiver.o [1]
  .rodata             const    0x08036530     0x2c  httpd.o [1]
  .rodata             const    0x0803655c     0x2c  httpd.o [1]
  .rodata             const    0x08036588     0x2c  httpd.o [1]
  .rodata             const    0x080365b4     0x2c  httpd.o [1]
  .rodata             const    0x080365e0     0x2c  icmp.o [1]
  .rodata             const    0x0803660c     0x2c  pbuf.o [1]
  .rodata             const    0x08036638     0x2c  pbuf.o [1]
  .rodata             const    0x08036664     0x2c  sys_arch.o [1]
  .rodata             const    0x08036690     0x2c  sys_arch.o [1]
  .rodata             const    0x080366bc     0x2c  tcp.o [1]
  .rodata             const    0x080366e8     0x2c  tcp.o [1]
  .rodata             const    0x08036714     0x2c  tcp.o [1]
  .rodata             const    0x08036740     0x2c  tcp.o [1]
  .rodata             const    0x0803676c     0x2c  tcp_in.o [1]
  .rodata             const    0x08036798     0x2c  tcp_in.o [1]
  .rodata             const    0x080367c4     0x2c  tcp_in.o [1]
  .rodata             const    0x080367f0     0x2c  tcp_out.o [1]
  .rodata             const    0x0803681c     0x2c  user_cmd.o [1]
  .rodata             const    0x08036848     0x2c  ut4b0_receiver.o [1]
  .rodata             const    0x08036874     0x2c  ut4b0_receiver.o [1]
  .rodata             const    0x080368a0     0x2c  ut4b0_receiver.o [1]
  .rodata             const    0x080368cc     0x2c  ut4b0_receiver.o [1]
  .rodata             const    0x080368f8     0x2c  util_check.o [1]
  .rodata             const    0x08036924     0x2c  util_ringbuffer.o [1]
  .text               ro code  0x08036950     0x2c  data_init3.o [5]
  .rodata             const    0x0803697c     0x28  bsp_lib.o [1]
  .rodata             const    0x080369a4     0x28  bsp_spi.o [1]
  .rodata             const    0x080369cc     0x28  etharp.o [1]
  .rodata             const    0x080369f4     0x28  etharp.o [1]
  .rodata             const    0x08036a1c     0x28  etharp.o [1]
  .rodata             const    0x08036a44     0x28  httpd.o [1]
  .rodata             const    0x08036a6c     0x28  httpd.o [1]
  .rodata             const    0x08036a94     0x28  icmp.o [1]
  .rodata             const    0x08036abc     0x28  icmp.o [1]
  .rodata             const    0x08036ae4     0x28  igmp.o [1]
  .rodata             const    0x08036b0c     0x28  ip.o [1]
  .rodata             const    0x08036b34     0x28  ip_addr.o [1]
  .rodata             const    0x08036b5c     0x28  memp.o [1]
  .rodata             const    0x08036b84     0x28  netif.o [1]
  .rodata             const    0x08036bac     0x28  pbuf.o [1]
  .rodata             const    0x08036bd4     0x28  sys_arch.o [1]
  .rodata             const    0x08036bfc     0x28  tcp.o [1]
  .rodata             const    0x08036c24     0x28  tcp.o [1]
  .rodata             const    0x08036c4c     0x28  tcp.o [1]
  .rodata             const    0x08036c74     0x28  tcp.o [1]
  .rodata             const    0x08036c9c     0x28  tcp_in.o [1]
  .rodata             const    0x08036cc4     0x28  tcp_in.o [1]
  .rodata             const    0x08036cec     0x28  tcp_in.o [1]
  .rodata             const    0x08036d14     0x28  tcp_in.o [1]
  .rodata             const    0x08036d3c     0x28  tcp_out.o [1]
  .rodata             const    0x08036d64     0x28  tcp_out.o [1]
  .rodata             const    0x08036d8c     0x28  tcpip.o [1]
  .rodata             const    0x08036db4     0x28  udp.o [1]
  .rodata             const    0x08036ddc     0x28  user_cmd.o [1]
  .rodata             const    0x08036e04     0x28  user_cmd.o [1]
  .rodata             const    0x08036e2c     0x28  util_check.o [1]
  .rodata             const    0x08036e54     0x28  util_ringbuffer.o [1]
  .text               ro code  0x08036e7c     0x28  putchar.o [3]
  .text               ro code  0x08036ea4     0x10  write.o [6]
  .text               ro code  0x08036eb4     0x1e  dwrite.o [6]
  .text               ro code  0x08036ed2     0x20  iarwstd.o [6]
  .text               ro code  0x08036ef2     0x22  iarwrite.o [6]
  .rodata             const    0x08036f14     0x24  bsp_spi.o [1]
  .rodata             const    0x08036f38     0x24  bsp_spi.o [1]
  .rodata             const    0x08036f5c     0x24  bsp_spi.o [1]
  .rodata             const    0x08036f80     0x24  bsp_spi.o [1]
  .rodata             const    0x08036fa4     0x24  config.o [1]
  .rodata             const    0x08036fc8     0x24  etharp.o [1]
  .rodata             const    0x08036fec     0x24  httpd.o [1]
  .rodata             const    0x08037010     0x24  httpd.o [1]
  .rodata             const    0x08037034     0x24  icmp.o [1]
  .rodata             const    0x08037058     0x24  memp.o [1]
  .rodata             const    0x0803707c     0x24  pbuf.o [1]
  .rodata             const    0x080370a0     0x24  sys_arch.o [1]
  .rodata             const    0x080370c4     0x24  tcp.o [1]
  .rodata             const    0x080370e8     0x24  tcp.o [1]
  .rodata             const    0x0803710c     0x24  tcpip.o [1]
  .rodata             const    0x08037130     0x24  user_cmd.o [1]
  .rodata             const    0x08037154     0x24  user_cmd.o [1]
  .rodata             const    0x08037178     0x24  ut4b0_receiver.o [1]
  .rodata             const    0x0803719c     0x24  ut4b0_receiver.o [1]
  .rodata             const    0x080371c0     0x24  ut4b0_receiver.o [1]
  .rodata             const    0x080371e4     0x24  util_check.o [1]
  .iar.init_table     const    0x08037208     0x2c  - Linker created -
  .rodata             const    0x08037234     0x20  bsp_lib.o [1]
  .rodata             const    0x08037254     0x20  config.o [1]
  .rodata             const    0x08037274     0x20  config.o [1]
  .rodata             const    0x08037294     0x20  config.o [1]
  .rodata             const    0x080372b4     0x20  gnss_handler.o [1]
  .rodata             const    0x080372d4     0x20  gnss_receiver.o [1]
  .rodata             const    0x080372f4     0x20  gnss_receiver.o [1]
  .rodata             const    0x08037314     0x20  gnss_receiver.o [1]
  .rodata             const    0x08037334     0x20  gnss_receiver.o [1]
  .rodata             const    0x08037354     0x20  httpd.o [1]
  .rodata             const    0x08037374     0x20  httpd.o [1]
  .rodata             const    0x08037394     0x20  httpd.o [1]
  .rodata             const    0x080373b4     0x20  httpd.o [1]
  .rodata             const    0x080373d4     0x20  httpd.o [1]
  .rodata             const    0x080373f4     0x20  httpd.o [1]
  .rodata             const    0x08037414     0x20  httpd.o [1]
  .rodata             const    0x08037434     0x20  httpd.o [1]
  .rodata             const    0x08037454     0x20  httpd.o [1]
  .rodata             const    0x08037474     0x20  memp.o [1]
  .rodata             const    0x08037494     0x20  memp.o [1]
  .rodata             const    0x080374b4     0x20  pbuf.o [1]
  .rodata             const    0x080374d4     0x20  pbuf.o [1]
  .rodata             const    0x080374f4     0x20  tcp_in.o [1]
  .rodata             const    0x08037514     0x20  tcp_in.o [1]
  .rodata             const    0x08037534     0x20  tcp_in.o [1]
  .rodata             const    0x08037554     0x20  tcp_out.o [1]
  .rodata             const    0x08037574     0x20  tcp_out.o [1]
  .rodata             const    0x08037594     0x20  tcp_out.o [1]
  .rodata             const    0x080375b4     0x20  tcpip.o [1]
  .rodata             const    0x080375d4     0x20  user_cmd.o [1]
  .rodata             const    0x080375f4     0x20  ut4b0_receiver.o [1]
  .rodata             const    0x08037614     0x20  ut4b0_receiver.o [1]
  .rodata             const    0x08037634     0x20  ut4b0_receiver.o [1]
  .rodata             const    0x08037654     0x20  ut4b0_receiver.o [1]
  .rodata             const    0x08037674     0x20  ut4b0_receiver.o [1]
  .rodata             const    0x08037694     0x20  ut4b0_receiver.o [1]
  .rodata             const    0x080376b4     0x20  ut4b0_receiver.o [1]
  .rodata             const    0x080376d4     0x20  ut4b0_receiver.o [1]
  .rodata             const    0x080376f4     0x20  ut4b0_receiver.o [1]
  .rodata             const    0x08037714     0x20  ut4b0_receiver.o [1]
  .rodata             const    0x08037734     0x20  ut4b0_receiver.o [1]
  .rodata             const    0x08037754     0x20  ut4b0_receiver.o [1]
  .rodata             const    0x08037774     0x1c  bsp_lib.o [1]
  .rodata             const    0x08037790     0x1c  bsp_usart.o [1]
  .rodata             const    0x080377ac     0x1c  etharp.o [1]
  .rodata             const    0x080377c8     0x1c  gnss_handler.o [1]
  .rodata             const    0x080377e4     0x1c  gnss_receiver.o [1]
  .rodata             const    0x08037800     0x1c  gnss_receiver.o [1]
  .rodata             const    0x0803781c     0x1c  gnss_receiver.o [1]
  .rodata             const    0x08037838     0x1c  gnss_receiver.o [1]
  .rodata             const    0x08037854     0x1c  httpd.o [1]
  .rodata             const    0x08037870     0x1c  httpd.o [1]
  .rodata             const    0x0803788c     0x1c  httpd.o [1]
  .rodata             const    0x080378a8     0x1c  httpd.o [1]
  .rodata             const    0x080378c4     0x1c  httpd.o [1]
  .rodata             const    0x080378e0     0x1c  httpd.o [1]
  .rodata             const    0x080378fc     0x1c  httpd.o [1]
  .rodata             const    0x08037918     0x1c  httpd.o [1]
  .rodata             const    0x08037934     0x1c  httpd.o [1]
  .rodata             const    0x08037950     0x1c  httpd.o [1]
  .rodata             const    0x0803796c     0x1c  httpd.o [1]
  .rodata             const    0x08037988     0x1c  memp.o [1]
  .rodata             const    0x080379a4     0x1c  memp.o [1]
  .rodata             const    0x080379c0     0x1c  os_int.o [1]
  .rodata             const    0x080379dc     0x1c  pbuf.o [1]
  .rodata             const    0x080379f8     0x1c  pbuf.o [1]
  .rodata             const    0x08037a14     0x1c  pbuf.o [1]
  .rodata             const    0x08037a30     0x1c  pbuf.o [1]
  .rodata             const    0x08037a4c     0x1c  pbuf.o [1]
  .rodata             const    0x08037a68     0x1c  tcp.o [1]
  .rodata             const    0x08037a84     0x1c  tcp.o [1]
  .rodata             const    0x08037aa0     0x1c  tcp.o [1]
  .rodata             const    0x08037abc     0x1c  tcp_in.o [1]
  .rodata             const    0x08037ad8     0x1c  user_cmd.o [1]
  .rodata             const    0x08037af4     0x1c  user_cmd.o [1]
  .rodata             const    0x08037b10     0x1c  ut4b0_receiver.o [1]
  .rodata             const    0x08037b2c     0x1c  ut4b0_receiver.o [1]
  .rodata             const    0x08037b48     0x1c  ut4b0_receiver.o [1]
  .rodata             const    0x08037b64     0x1c  ut4b0_receiver.o [1]
  .rodata             const    0x08037b80     0x1c  ut4b0_receiver.o [1]
  .rodata             const    0x08037b9c     0x1c  ut4b0_receiver.o [1]
  .rodata             const    0x08037bb8     0x1c  ut4b0_receiver.o [1]
  .rodata             const    0x08037bd4     0x1c  ut4b0_receiver.o [1]
  .rodata             const    0x08037bf0     0x1c  ut4b0_receiver.o [1]
  .rodata             const    0x08037c0c     0x18  bsp_spi.o [1]
  .rodata             const    0x08037c24     0x18  bsp_usart.o [1]
  .rodata             const    0x08037c3c     0x18  etharp.o [1]
  .rodata             const    0x08037c54     0x18  fpga_handler.o [1]
  .rodata             const    0x08037c6c     0x18  fpga_handler.o [1]
  .rodata             const    0x08037c84     0x18  fpga_handler.o [1]
  .rodata             const    0x08037c9c     0x18  fpga_handler.o [1]
  .rodata             const    0x08037cb4     0x18  gnss_handler.o [1]
  .rodata             const    0x08037ccc     0x18  gnss_handler.o [1]
  .rodata             const    0x08037ce4     0x18  gnss_receiver.o [1]
  .rodata             const    0x08037cfc     0x18  gnss_receiver.o [1]
  .rodata             const    0x08037d14     0x18  gnss_receiver.o [1]
  .rodata             const    0x08037d2c     0x18  gnss_receiver.o [1]
  .rodata             const    0x08037d44     0x18  httpd.o [1]
  .rodata             const    0x08037d5c     0x18  httpd.o [1]
  .rodata             const    0x08037d74     0x18  httpd.o [1]
  .rodata             const    0x08037d8c     0x18  netif.o [1]
  .rodata             const    0x08037da4     0x18  os_tmr.o [1]
  .rodata             const    0x08037dbc     0x18  pbuf.o [1]
  .rodata             const    0x08037dd4     0x18  pbuf.o [1]
  .rodata             const    0x08037dec     0x18  pbuf.o [1]
  .rodata             const    0x08037e04     0x18  pbuf.o [1]
  .rodata             const    0x08037e1c     0x18  pbuf.o [1]
  .rodata             const    0x08037e34     0x18  tcp.o [1]
  .rodata             const    0x08037e4c     0x18  tcp_in.o [1]
  .rodata             const    0x08037e64     0x18  tcp_out.o [1]
  .rodata             const    0x08037e7c     0x18  tcp_out.o [1]
  .rodata             const    0x08037e94     0x18  ut4b0_receiver.o [1]
  .rodata             const    0x08037eac     0x18  ut4b0_receiver.o [1]
  .rodata             const    0x08037ec4     0x18  ut4b0_receiver.o [1]
  .rodata             const    0x08037edc     0x18  ut4b0_receiver.o [1]
  .rodata             const    0x08037ef4     0x18  ut4b0_receiver.o [1]
  .rodata             const    0x08037f0c     0x18  ut4b0_receiver.o [1]
  .rodata             const    0x08037f24     0x18  ut4b0_receiver.o [1]
  .rodata             const    0x08037f3c     0x18  util_ringbuffer.o [1]
  .text               ro code  0x08037f54     0x16  cmain.o [5]
  .text               ro code  0x08037f6a      0x4  low_level_init.o [3]
  .text               ro code  0x08037f6e      0x4  exit.o [3]
  .rodata             const    0x08037f72      0x2  os_dbg.o [1]
  .text               ro code  0x08037f74      0xe  cexit.o [5]
  .rodata             const    0x08037f82      0x2  os_dbg.o [1]
  .text               ro code  0x08037f84     0x14  exit.o [6]
  .text               ro code  0x08037f98     0x16  xprout.o [3]
  .rodata             const    0x08037fae      0x2  os_dbg.o [1]
  .rodata             const    0x08037fb0     0x14  bsp_spi.o [1]
  .rodata             const    0x08037fc4     0x14  bsp_spi.o [1]
  .rodata             const    0x08037fd8     0x14  bsp_spi.o [1]
  .rodata             const    0x08037fec     0x14  bsp_spi.o [1]
  .rodata             const    0x08038000     0x14  config.o [1]
  .rodata             const    0x08038014     0x14  etharp.o [1]
  .rodata             const    0x08038028     0x14  fs.o [1]
  .rodata             const    0x0803803c     0x14  fs.o [1]
  .rodata             const    0x08038050     0x14  fs.o [1]
  .rodata             const    0x08038064     0x14  fs.o [1]
  .rodata             const    0x08038078     0x14  fs.o [1]
  .rodata             const    0x0803808c     0x14  fs.o [1]
  .rodata             const    0x080380a0     0x14  fs.o [1]
  .rodata             const    0x080380b4     0x14  fs.o [1]
  .rodata             const    0x080380c8     0x14  fs.o [1]
  .rodata             const    0x080380dc     0x14  fs.o [1]
  .rodata             const    0x080380f0     0x14  fs.o [1]
  .rodata             const    0x08038104     0x14  fs.o [1]
  .rodata             const    0x08038118     0x14  fs.o [1]
  .rodata             const    0x0803812c     0x14  fs.o [1]
  .rodata             const    0x08038140     0x14  fs.o [1]
  .rodata             const    0x08038154     0x14  fs.o [1]
  .rodata             const    0x08038168     0x14  fs.o [1]
  .rodata             const    0x0803817c     0x14  fs.o [1]
  .rodata             const    0x08038190     0x14  fs.o [1]
  .rodata             const    0x080381a4     0x14  fs.o [1]
  .rodata             const    0x080381b8     0x14  fs.o [1]
  .rodata             const    0x080381cc     0x14  fs.o [1]
  .rodata             const    0x080381e0     0x14  fs.o [1]
  .rodata             const    0x080381f4     0x14  fs.o [1]
  .rodata             const    0x08038208     0x14  fs.o [1]
  .rodata             const    0x0803821c     0x14  fs.o [1]
  .rodata             const    0x08038230     0x14  fs.o [1]
  .rodata             const    0x08038244     0x14  fs.o [1]
  .rodata             const    0x08038258     0x14  fs.o [1]
  .rodata             const    0x0803826c     0x14  gnss_handler.o [1]
  .rodata             const    0x08038280     0x14  gnss_handler.o [1]
  .rodata             const    0x08038294     0x14  gnss_handler.o [1]
  .rodata             const    0x080382a8     0x14  gnss_handler.o [1]
  .rodata             const    0x080382bc     0x14  gnss_receiver.o [1]
  .rodata             const    0x080382d0     0x14  gnss_receiver.o [1]
  .rodata             const    0x080382e4     0x14  httpd.o [1]
  .rodata             const    0x080382f8     0x14  httpd.o [1]
  .rodata             const    0x0803830c     0x14  httpd.o [1]
  .rodata             const    0x08038320     0x14  httpd.o [1]
  .rodata             const    0x08038334     0x14  httpd.o [1]
  .rodata             const    0x08038348     0x14  os_core.o [1]
  .rodata             const    0x0803835c     0x14  os_stat.o [1]
  .rodata             const    0x08038370     0x14  os_tick.o [1]
  .rodata             const    0x08038384     0x14  pbuf.o [1]
  .rodata             const    0x08038398     0x14  pbuf.o [1]
  .rodata             const    0x080383ac     0x14  tcp_in.o [1]
  .rodata             const    0x080383c0     0x14  tcp_in.o [1]
  .rodata             const    0x080383d4     0x14  tcp_out.o [1]
  .rodata             const    0x080383e8     0x14  tcp_out.o [1]
  .rodata             const    0x080383fc     0x14  udp.o [1]
  .rodata             const    0x08038410     0x14  udp.o [1]
  .rodata             const    0x08038424     0x14  usart_debug_task.o [1]
  .rodata             const    0x08038438     0x14  ustdlib.o [1]
  .rodata             const    0x0803844c     0x14  ut4b0_receiver.o [1]
  .rodata             const    0x08038460     0x14  ut4b0_receiver.o [1]
  .rodata             const    0x08038474     0x14  ut4b0_receiver.o [1]
  .rodata             const    0x08038488     0x14  util_check.o [1]
  .rodata             const    0x0803849c     0x10  app.o [1]
  .rodata             const    0x080384ac     0x10  app.o [1]
  .rodata             const    0x080384bc     0x10  config.o [1]
  .rodata             const    0x080384cc     0x10  config.o [1]
  .rodata             const    0x080384dc     0x10  config.o [1]
  .rodata             const    0x080384ec     0x10  config.o [1]
  .rodata             const    0x080384fc     0x10  config.o [1]
  .rodata             const    0x0803850c     0x10  config.o [1]
  .rodata             const    0x0803851c     0x10  config.o [1]
  .rodata             const    0x0803852c     0x10  config.o [1]
  .rodata             const    0x0803853c     0x10  config.o [1]
  .rodata             const    0x0803854c     0x10  config.o [1]
  .rodata             const    0x0803855c     0x10  config.o [1]
  .rodata             const    0x0803856c     0x10  config.o [1]
  .rodata             const    0x0803857c     0x10  etharp.o [1]
  .rodata             const    0x0803858c     0x10  etharp.o [1]
  .rodata             const    0x0803859c     0x10  etharp.o [1]
  .rodata             const    0x080385ac     0x10  fpga_handler.o [1]
  .rodata             const    0x080385bc     0x10  fpga_handler.o [1]
  .rodata             const    0x080385cc     0x10  gnss_handler.o [1]
  .rodata             const    0x080385dc     0x10  gnss_handler.o [1]
  .rodata             const    0x080385ec     0x10  gnss_handler.o [1]
  .rodata             const    0x080385fc     0x10  gnss_handler.o [1]
  .rodata             const    0x0803860c     0x10  gnss_handler.o [1]
  .rodata             const    0x0803861c     0x10  gnss_receiver.o [1]
  .rodata             const    0x0803862c     0x10  gnss_receiver.o [1]
  .rodata             const    0x0803863c     0x10  httpd.o [1]
  .rodata             const    0x0803864c     0x10  httpd.o [1]
  .rodata             const    0x0803865c     0x10  httpd.o [1]
  .rodata             const    0x0803866c     0x10  httpd.o [1]
  .rodata             const    0x0803867c     0x10  httpd.o [1]
  .rodata             const    0x0803868c     0x10  lwip.o [1]
  .rodata             const    0x0803869c     0x10  mtfs30_debug.o [1]
  .rodata             const    0x080386ac     0x10  pbuf.o [1]
  .rodata             const    0x080386bc     0x10  pbuf.o [1]
  .rodata             const    0x080386cc     0x10  pbuf.o [1]
  .rodata             const    0x080386dc     0x10  roll_print.o [1]
  .rodata             const    0x080386ec     0x10  sys_arch.o [1]
  .rodata             const    0x080386fc     0x10  tcp.o [1]
  .rodata             const    0x0803870c     0x10  tcp.o [1]
  .rodata             const    0x0803871c     0x10  tcp_in.o [1]
  .rodata             const    0x0803872c     0x10  tcp_in.o [1]
  .rodata             const    0x0803873c     0x10  tcp_in.o [1]
  .rodata             const    0x0803874c     0x10  tcp_out.o [1]
  .rodata             const    0x0803875c     0x10  tcpip.o [1]
  .rodata             const    0x0803876c     0x10  user_cmd.o [1]
  .rodata             const    0x0803877c     0x10  ut4b0_receiver.o [1]
  .rodata             const    0x0803878c     0x10  ut4b0_receiver.o [1]
  .rodata             const    0x0803879c     0x10  ut4b0_receiver.o [1]
  .rodata             const    0x080387ac     0x10  util_check.o [1]
  .rodata             const    0x080387bc     0x10  watchdog_task.o [1]
  .rodata             const    0x080387cc      0xc  app.o [1]
  .rodata             const    0x080387d8      0xc  app.o [1]
  .rodata             const    0x080387e4      0xc  config.o [1]
  .rodata             const    0x080387f0      0xc  config.o [1]
  .rodata             const    0x080387fc      0xc  config.o [1]
  .rodata             const    0x08038808      0xc  config.o [1]
  .rodata             const    0x08038814      0xc  config.o [1]
  .rodata             const    0x08038820      0xc  config.o [1]
  .rodata             const    0x0803882c      0xc  config.o [1]
  .rodata             const    0x08038838      0xc  config.o [1]
  .rodata             const    0x08038844      0xc  config.o [1]
  .rodata             const    0x08038850      0xc  config.o [1]
  .rodata             const    0x0803885c      0xc  config.o [1]
  .rodata             const    0x08038868      0xc  config.o [1]
  .rodata             const    0x08038874      0xc  config.o [1]
  .rodata             const    0x08038880      0xc  config.o [1]
  .rodata             const    0x0803888c      0xc  config.o [1]
  .rodata             const    0x08038898      0xc  config.o [1]
  .rodata             const    0x080388a4      0xc  config.o [1]
  .rodata             const    0x080388b0      0xc  config.o [1]
  .rodata             const    0x080388bc      0xc  config.o [1]
  .rodata             const    0x080388c8      0xc  config.o [1]
  .rodata             const    0x080388d4      0xc  config.o [1]
  .rodata             const    0x080388e0      0xc  etharp.o [1]
  .rodata             const    0x080388ec      0xc  fpga_handler.o [1]
  .rodata             const    0x080388f8      0xc  gnss_task.o [1]
  .rodata             const    0x08038904      0xc  httpd.o [1]
  .rodata             const    0x08038910      0xc  httpd.o [1]
  .rodata             const    0x0803891c      0xc  httpd.o [1]
  .rodata             const    0x08038928      0xc  httpd.o [1]
  .rodata             const    0x08038934      0xc  httpd.o [1]
  .rodata             const    0x08038940      0xc  httpd.o [1]
  .rodata             const    0x0803894c      0xc  httpd.o [1]
  .rodata             const    0x08038958      0xc  httpd.o [1]
  .rodata             const    0x08038964      0xc  httpd.o [1]
  .rodata             const    0x08038970      0xc  ip.o [1]
  .rodata             const    0x0803897c      0xc  ip_addr.o [1]
  .rodata             const    0x08038988      0xc  lwip.o [1]
  .rodata             const    0x08038994      0xc  pbuf.o [1]
  .rodata             const    0x080389a0      0xc  roll_task.o [1]
  .rodata             const    0x080389ac      0xc  sys_arch.o [1]
  .rodata             const    0x080389b8      0xc  sys_arch.o [1]
  .rodata             const    0x080389c4      0xc  user_cmd.o [1]
  .rodata             const    0x080389d0      0xc  user_cmd.o [1]
  .rodata             const    0x080389dc      0xc  user_cmd.o [1]
  .rodata             const    0x080389e8      0xc  user_cmd.o [1]
  .rodata             const    0x080389f4      0xc  user_cmd.o [1]
  .rodata             const    0x08038a00      0xc  user_cmd.o [1]
  .rodata             const    0x08038a0c      0xc  user_cmd.o [1]
  .rodata             const    0x08038a18      0xc  user_cmd.o [1]
  .rodata             const    0x08038a24      0xc  ut4b0_receiver.o [1]
  .rodata             const    0x08038a30      0xc  ut4b0_receiver.o [1]
  .rodata             const    0x08038a3c      0xc  ut4b0_receiver.o [1]
  .rodata             const    0x08038a48      0xc  ut4b0_receiver.o [1]
  .rodata             const    0x08038a54      0xc  ut4b0_receiver.o [1]
  .rodata             const    0x08038a60      0xc  ut4b0_receiver.o [1]
  .rodata             const    0x08038a6c      0xc  ut4b0_receiver.o [1]
  .rodata             const    0x08038a78      0xc  ut4b0_receiver.o [1]
  .rodata             const    0x08038a84      0xc  ut4b0_receiver.o [1]
  .rodata             const    0x08038a90      0xc  ut4b0_receiver.o [1]
  .rodata             const    0x08038a9c      0xc  ut4b0_receiver.o [1]
  .rodata             const    0x08038aa8      0xc  ut4b0_receiver.o [1]
  .rodata             const    0x08038ab4      0xc  ut4b0_receiver.o [1]
  .rodata             const    0x08038ac0      0xc  ut4b0_receiver.o [1]
  .rodata             const    0x08038acc      0xc  util_check.o [1]
  .text               ro code  0x08038ad8      0xc  app_vect.o [1]
  .text               ro code  0x08038ae4      0xc  cstartup_M.o [5]
  .rodata             const    0x08038af0      0x8  config.o [1]
  .rodata             const    0x08038af8      0x8  config.o [1]
  .rodata             const    0x08038b00      0x8  config.o [1]
  .rodata             const    0x08038b08      0x8  config.o [1]
  .rodata             const    0x08038b10      0x8  config.o [1]
  .rodata             const    0x08038b18      0x8  config.o [1]
  .rodata             const    0x08038b20      0x8  config.o [1]
  .rodata             const    0x08038b28      0x8  config.o [1]
  .rodata             const    0x08038b30      0x8  config.o [1]
  .rodata             const    0x08038b38      0x8  config.o [1]
  .rodata             const    0x08038b40      0x8  config.o [1]
  .rodata             const    0x08038b48      0x8  config.o [1]
  .rodata             const    0x08038b50      0x8  config.o [1]
  .rodata             const    0x08038b58      0x8  config.o [1]
  .rodata             const    0x08038b60      0x8  config.o [1]
  .rodata             const    0x08038b68      0x8  config.o [1]
  .rodata             const    0x08038b70      0x8  config.o [1]
  .rodata             const    0x08038b78      0x8  config.o [1]
  .rodata             const    0x08038b80      0x8  config.o [1]
  .rodata             const    0x08038b88      0x8  config.o [1]
  .rodata             const    0x08038b90      0x8  config.o [1]
  .rodata             const    0x08038b98      0x8  config.o [1]
  .rodata             const    0x08038ba0      0x8  config.o [1]
  .rodata             const    0x08038ba8      0x8  config.o [1]
  .rodata             const    0x08038bb0      0x8  config.o [1]
  .rodata             const    0x08038bb8      0x8  config.o [1]
  .rodata             const    0x08038bc0      0x8  config.o [1]
  .rodata             const    0x08038bc8      0x8  config.o [1]
  .rodata             const    0x08038bd0      0x8  config.o [1]
  .rodata             const    0x08038bd8      0x8  config.o [1]
  .rodata             const    0x08038be0      0x8  config.o [1]
  .rodata             const    0x08038be8      0x8  config.o [1]
  .rodata             const    0x08038bf0      0x8  config.o [1]
  .rodata             const    0x08038bf8      0x8  config.o [1]
  .rodata             const    0x08038c00      0x8  config.o [1]
  .rodata             const    0x08038c08      0x8  config.o [1]
  .rodata             const    0x08038c10      0x8  config.o [1]
  .rodata             const    0x08038c18      0x8  config.o [1]
  .rodata             const    0x08038c20      0x8  config.o [1]
  .rodata             const    0x08038c28      0x8  config.o [1]
  .rodata             const    0x08038c30      0x8  config.o [1]
  .rodata             const    0x08038c38      0x8  config.o [1]
  .rodata             const    0x08038c40      0x8  config.o [1]
  .rodata             const    0x08038c48      0x8  config.o [1]
  .rodata             const    0x08038c50      0x8  config.o [1]
  .rodata             const    0x08038c58      0x8  config.o [1]
  .rodata             const    0x08038c60      0x8  config.o [1]
  .rodata             const    0x08038c68      0x8  config.o [1]
  .rodata             const    0x08038c70      0x8  config.o [1]
  .rodata             const    0x08038c78      0x8  config.o [1]
  .rodata             const    0x08038c80      0x8  config.o [1]
  .rodata             const    0x08038c88      0x8  config.o [1]
  .rodata             const    0x08038c90      0x8  config.o [1]
  .rodata             const    0x08038c98      0x8  config.o [1]
  .rodata             const    0x08038ca0      0x8  config.o [1]
  .rodata             const    0x08038ca8      0x8  config.o [1]
  .rodata             const    0x08038cb0      0x8  config.o [1]
  .rodata             const    0x08038cb8      0x8  config.o [1]
  .rodata             const    0x08038cc0      0x8  config.o [1]
  .rodata             const    0x08038cc8      0x8  config.o [1]
  .rodata             const    0x08038cd0      0x8  config.o [1]
  .rodata             const    0x08038cd8      0x8  config.o [1]
  .rodata             const    0x08038ce0      0x8  config.o [1]
  .rodata             const    0x08038ce8      0x8  config.o [1]
  .rodata             const    0x08038cf0      0x8  config.o [1]
  .rodata             const    0x08038cf8      0x8  config.o [1]
  .rodata             const    0x08038d00      0x8  config.o [1]
  .rodata             const    0x08038d08      0x8  config.o [1]
  .rodata             const    0x08038d10      0x8  config.o [1]
  .rodata             const    0x08038d18      0x8  config.o [1]
  .rodata             const    0x08038d20      0x8  config.o [1]
  .rodata             const    0x08038d28      0x8  config.o [1]
  .rodata             const    0x08038d30      0x8  config.o [1]
  .rodata             const    0x08038d38      0x8  config.o [1]
  .rodata             const    0x08038d40      0x8  config.o [1]
  .rodata             const    0x08038d48      0x8  config.o [1]
  .rodata             const    0x08038d50      0x8  config.o [1]
  .rodata             const    0x08038d58      0x8  config.o [1]
  .rodata             const    0x08038d60      0x8  config.o [1]
  .rodata             const    0x08038d68      0x8  etharp.o [1]
  .rodata             const    0x08038d70      0x8  etharp.o [1]
  .rodata             const    0x08038d78      0x8  gnss_handler.o [1]
  .rodata             const    0x08038d80      0x8  gnss_handler.o [1]
  .rodata             const    0x08038d88      0x8  gnss_handler.o [1]
  .rodata             const    0x08038d90      0x8  gnss_handler.o [1]
  .rodata             const    0x08038d98      0x8  gnss_handler.o [1]
  .rodata             const    0x08038da0      0x8  gnss_receiver.o [1]
  .rodata             const    0x08038da8      0x8  gnss_receiver.o [1]
  .rodata             const    0x08038db0      0x8  gnss_receiver.o [1]
  .rodata             const    0x08038db8      0x8  gnss_receiver.o [1]
  .rodata             const    0x08038dc0      0x8  gnss_receiver.o [1]
  .rodata             const    0x08038dc8      0x8  gnss_receiver.o [1]
  .rodata             const    0x08038dd0      0x8  gnss_receiver.o [1]
  .rodata             const    0x08038dd8      0x8  gnss_receiver.o [1]
  .rodata             const    0x08038de0      0x8  gnss_receiver.o [1]
  .rodata             const    0x08038de8      0x8  gnss_receiver.o [1]
  .rodata             const    0x08038df0      0x8  gnss_receiver.o [1]
  .rodata             const    0x08038df8      0x8  httpd.o [1]
  .rodata             const    0x08038e00      0x8  httpd.o [1]
  .rodata             const    0x08038e08      0x8  httpd.o [1]
  .rodata             const    0x08038e10      0x8  httpd.o [1]
  .rodata             const    0x08038e18      0x8  httpd.o [1]
  .rodata             const    0x08038e20      0x8  httpd.o [1]
  .rodata             const    0x08038e28      0x8  httpd.o [1]
  .rodata             const    0x08038e30      0x8  httpd.o [1]
  .rodata             const    0x08038e38      0x8  httpd.o [1]
  .rodata             const    0x08038e40      0x8  httpd.o [1]
  .rodata             const    0x08038e48      0x8  httpd.o [1]
  .rodata             const    0x08038e50      0x8  httpd.o [1]
  .rodata             const    0x08038e58      0x8  lwip.o [1]
  .rodata             const    0x08038e60      0x8  os_task.o [1]
  .rodata             const    0x08038e68      0x8  tcp.o [1]
  .rodata             const    0x08038e70      0x8  user_cmd.o [1]
  .rodata             const    0x08038e78      0x8  user_cmd.o [1]
  .rodata             const    0x08038e80      0x8  user_cmd.o [1]
  .rodata             const    0x08038e88      0x8  ustdlib.o [1]
  .rodata             const    0x08038e90      0x8  ut4b0_receiver.o [1]
  .rodata             const    0x08038e98      0x8  ut4b0_receiver.o [1]
  .rodata             const    0x08038ea0      0x8  ut4b0_receiver.o [1]
  .rodata             const    0x08038ea8      0x8  ut4b0_receiver.o [1]
  .rodata             const    0x08038eb0      0x8  ut4b0_receiver.o [1]
  .rodata             const    0x08038eb8      0x8  ut4b0_receiver.o [1]
  .rodata             const    0x08038ec0      0x8  ut4b0_receiver.o [1]
  .rodata             const    0x08038ec8      0x8  ut4b0_receiver.o [1]
  .rodata             const    0x08038ed0      0x8  ut4b0_receiver.o [1]
  .rodata             const    0x08038ed8      0x8  ut4b0_receiver.o [1]
  .rodata             const    0x08038ee0      0x8  ut4b0_receiver.o [1]
  .rodata             const    0x08038ee8      0x8  ut4b0_receiver.o [1]
  .rodata             const    0x08038ef0      0x8  ut4b0_receiver.o [1]
  .rodata             const    0x08038ef8      0x8  ut4b0_receiver.o [1]
  .rodata             const    0x08038f00      0x8  ut4b0_receiver.o [1]
  .rodata             const    0x08038f08      0x8  ut4b0_receiver.o [1]
  .rodata             const    0x08038f10      0x8  ut4b0_receiver.o [1]
  .rodata             const    0x08038f18      0x8  ut4b0_receiver.o [1]
  .rodata             const    0x08038f20      0x8  ut4b0_receiver.o [1]
  .rodata             const    0x08038f28      0x8  ut4b0_receiver.o [1]
  .rodata             const    0x08038f30      0x8  ut4b0_receiver.o [1]
  .rodata             const    0x08038f38      0x8  ut4b0_receiver.o [1]
  .rodata             const    0x08038f40      0x8  ut4b0_receiver.o [1]
  .rodata             const    0x08038f48      0x8  ut4b0_receiver.o [1]
  .rodata             const    0x08038f50      0x8  ut4b0_receiver.o [1]
  .rodata             const    0x08038f58      0x8  ut4b0_receiver.o [1]
  .rodata             const    0x08038f60      0x8  web_main.o [1]
  .rodata             const    0x08038f68      0x4  config.o [1]
  .rodata             const    0x08038f6c      0x4  config.o [1]
  .rodata             const    0x08038f70      0x4  config.o [1]
  .rodata             const    0x08038f74      0x4  config.o [1]
  .rodata             const    0x08038f78      0x4  config.o [1]
  .rodata             const    0x08038f7c      0x4  config.o [1]
  .rodata             const    0x08038f80      0x4  config.o [1]
  .rodata             const    0x08038f84      0x4  config.o [1]
  .rodata             const    0x08038f88      0x4  config.o [1]
  .rodata             const    0x08038f8c      0x4  config.o [1]
  .rodata             const    0x08038f90      0x4  config.o [1]
  .rodata             const    0x08038f94      0x4  config.o [1]
  .rodata             const    0x08038f98      0x4  gnss_receiver.o [1]
  .rodata             const    0x08038f9c      0x4  gnss_receiver.o [1]
  .rodata             const    0x08038fa0      0x4  gnss_receiver.o [1]
  .rodata             const    0x08038fa4      0x4  gnss_receiver.o [1]
  .rodata             const    0x08038fa8      0x4  gnss_receiver.o [1]
  .rodata             const    0x08038fac      0x4  gnss_receiver.o [1]
  .rodata             const    0x08038fb0      0x4  gnss_receiver.o [1]
  .rodata             const    0x08038fb4      0x4  gnss_receiver.o [1]
  .rodata             const    0x08038fb8      0x4  gnss_receiver.o [1]
  .rodata             const    0x08038fbc      0x4  gnss_receiver.o [1]
  .rodata             const    0x08038fc0      0x4  gnss_receiver.o [1]
  .rodata             const    0x08038fc4      0x4  gnss_receiver.o [1]
  .rodata             const    0x08038fc8      0x4  gnss_receiver.o [1]
  .rodata             const    0x08038fcc      0x4  gnss_receiver.o [1]
  .rodata             const    0x08038fd0      0x4  httpd.o [1]
  .rodata             const    0x08038fd4      0x4  httpd.o [1]
  .rodata             const    0x08038fd8      0x4  httpd.o [1]
  .rodata             const    0x08038fdc      0x4  httpd.o [1]
  .rodata             const    0x08038fe0      0x4  httpd.o [1]
  .rodata             const    0x08038fe4      0x4  httpd.o [1]
  .rodata             const    0x08038fe8      0x4  httpd.o [1]
  .rodata             const    0x08038fec      0x4  httpd.o [1]
  .rodata             const    0x08038ff0      0x4  httpd.o [1]
  .rodata             const    0x08038ff4      0x4  httpd.o [1]
  .rodata             const    0x08038ff8      0x4  httpd.o [1]
  .rodata             const    0x08038ffc      0x4  httpd.o [1]
  .rodata             const    0x08039000      0x4  httpd.o [1]
  .rodata             const    0x08039004      0x4  httpd.o [1]
  .rodata             const    0x08039008      0x4  httpd.o [1]
  .rodata             const    0x0803900c      0x4  httpd.o [1]
  .rodata             const    0x08039010      0x4  ip_addr.o [1]
  .rodata             const    0x08039014      0x4  os_cfg_app.o [1]
  .rodata             const    0x08039018      0x4  os_cfg_app.o [1]
  .rodata             const    0x0803901c      0x4  os_cfg_app.o [1]
  .rodata             const    0x08039020      0x4  os_cfg_app.o [1]
  .rodata             const    0x08039024      0x4  os_cfg_app.o [1]
  .rodata             const    0x08039028      0x4  os_cfg_app.o [1]
  .rodata             const    0x0803902c      0x4  os_cfg_app.o [1]
  .rodata             const    0x08039030      0x4  os_cfg_app.o [1]
  .rodata             const    0x08039034      0x4  os_cfg_app.o [1]
  .rodata             const    0x08039038      0x4  os_cfg_app.o [1]
  .rodata             const    0x0803903c      0x4  os_cfg_app.o [1]
  .rodata             const    0x08039040      0x4  os_cfg_app.o [1]
  .rodata             const    0x08039044      0x4  os_cfg_app.o [1]
  .rodata             const    0x08039048      0x4  os_cfg_app.o [1]
  .rodata             const    0x0803904c      0x4  os_cfg_app.o [1]
  .rodata             const    0x08039050      0x4  os_cfg_app.o [1]
  .rodata             const    0x08039054      0x4  os_cfg_app.o [1]
  .rodata             const    0x08039058      0x4  os_cfg_app.o [1]
  .rodata             const    0x0803905c      0x4  os_cfg_app.o [1]
  .rodata             const    0x08039060      0x4  os_cfg_app.o [1]
  .rodata             const    0x08039064      0x4  os_cfg_app.o [1]
  .rodata             const    0x08039068      0x4  os_cfg_app.o [1]
  .rodata             const    0x0803906c      0x4  os_cfg_app.o [1]
  .rodata             const    0x08039070      0x4  os_cfg_app.o [1]
  .rodata             const    0x08039074      0x4  os_cfg_app.o [1]
  .rodata             const    0x08039078      0x4  os_cfg_app.o [1]
  .rodata             const    0x0803907c      0x4  os_cfg_app.o [1]
  .rodata             const    0x08039080      0x4  os_cfg_app.o [1]
  .rodata             const    0x08039084      0x4  os_cfg_app.o [1]
  .rodata             const    0x08039088      0x4  os_cfg_app.o [1]
  .rodata             const    0x0803908c      0x4  os_cfg_app.o [1]
  .rodata             const    0x08039090      0x4  os_cfg_app.o [1]
  .rodata             const    0x08039094      0x4  os_cfg_app.o [1]
  .rodata             const    0x08039098      0x4  os_cfg_app.o [1]
  .rodata             const    0x0803909c      0x4  os_cfg_app.o [1]
  .rodata             const    0x080390a0      0x4  os_cfg_app.o [1]
  .rodata             const    0x080390a4      0x4  os_cfg_app.o [1]
  .rodata             const    0x080390a8      0x4  os_cfg_app.o [1]
  .rodata             const    0x080390ac      0x4  os_cfg_app.o [1]
  .rodata             const    0x080390b0      0x4  os_cfg_app.o [1]
  .rodata             const    0x080390b4      0x4  os_cfg_app.o [1]
  .rodata             const    0x080390b8      0x4  os_dbg.o [1]
  .rodata             const    0x080390bc      0x4  os_dbg.o [1]
  .rodata             const    0x080390c0      0x4  os_dbg.o [1]
  .rodata             const    0x080390c4      0x4  sys_arch.o [1]
  .rodata             const    0x080390c8      0x4  ustdlib.o [1]
  .rodata             const    0x080390cc      0x2  os_dbg.o [1]
  .rodata             const    0x080390ce      0x2  os_dbg.o [1]
  .rodata             const    0x080390d0      0x2  os_dbg.o [1]
  .rodata             const    0x080390d2      0x2  os_dbg.o [1]
  .rodata             const    0x080390d4      0x2  os_dbg.o [1]
  .rodata             const    0x080390d6      0x2  os_dbg.o [1]
  .rodata             const    0x080390d8      0x2  os_dbg.o [1]
  .rodata             const    0x080390da      0x2  os_dbg.o [1]
  .rodata             const    0x080390dc      0x2  os_dbg.o [1]
  .rodata             const    0x080390de      0x2  os_dbg.o [1]
  .rodata             const    0x080390e0      0x2  os_dbg.o [1]
  .rodata             const    0x080390e2      0x2  os_dbg.o [1]
  .rodata             const    0x080390e4      0x2  os_dbg.o [1]
  .rodata             const    0x080390e6      0x2  os_dbg.o [1]
  .rodata             const    0x080390e8      0x1  os_cfg_app.o [1]
  .rodata             const    0x080390e9      0x1  os_cfg_app.o [1]
  .rodata             const    0x080390ea      0x1  os_cfg_app.o [1]
  .rodata             const    0x080390eb      0x1  os_dbg.o [1]
  .rodata             const    0x080390ec      0x1  os_dbg.o [1]
  .rodata             const    0x080390ed      0x1  os_dbg.o [1]
  .rodata             const    0x080390ee      0x1  os_dbg.o [1]
  .rodata             const    0x080390ef      0x1  os_dbg.o [1]
  .rodata             const    0x080390f0      0x1  os_dbg.o [1]
  .rodata             const    0x080390f1      0x1  os_dbg.o [1]
  .rodata             const    0x080390f2      0x1  os_dbg.o [1]
  .rodata             const    0x080390f3      0x1  os_dbg.o [1]
  .rodata             const    0x080390f4      0x1  os_dbg.o [1]
  .rodata             const    0x080390f5      0x1  os_dbg.o [1]
  .rodata             const    0x080390f6      0x1  os_dbg.o [1]
  .rodata             const    0x080390f7      0x1  os_dbg.o [1]
  .rodata             const    0x080390f8      0x1  os_dbg.o [1]
  .rodata             const    0x080390f9      0x1  os_dbg.o [1]
  .rodata             const    0x080390fa      0x1  os_dbg.o [1]
  .rodata             const    0x080390fb      0x1  os_dbg.o [1]
  .rodata             const    0x080390fc      0x1  os_dbg.o [1]
  .rodata             const    0x080390fd      0x1  os_dbg.o [1]
  .rodata             const    0x080390fe      0x1  os_dbg.o [1]
  .rodata             const    0x080390ff      0x1  os_dbg.o [1]
  .rodata             const    0x08039100      0x1  os_dbg.o [1]
  .rodata             const    0x08039101      0x1  os_dbg.o [1]
  .rodata             const    0x08039102      0x1  os_dbg.o [1]
  .rodata             const    0x08039103      0x1  os_dbg.o [1]
  .rodata             const    0x08039104      0x1  os_dbg.o [1]
  .rodata             const    0x08039105      0x1  os_dbg.o [1]
  .rodata             const    0x08039106      0x1  os_dbg.o [1]
  .rodata             const    0x08039107      0x1  os_dbg.o [1]
  .rodata             const    0x08039108      0x1  os_dbg.o [1]
  .rodata             const    0x08039109      0x1  os_dbg.o [1]
  .rodata             const    0x0803910a      0x1  os_dbg.o [1]
  .rodata             const    0x0803910b      0x1  os_dbg.o [1]
  .rodata             const    0x0803910c      0x1  os_dbg.o [1]
  .rodata             const    0x0803910d      0x1  os_dbg.o [1]
  .rodata             const    0x0803910e      0x1  os_dbg.o [1]
  .rodata             const    0x0803910f      0x1  os_dbg.o [1]
  .rodata             const    0x08039110      0x1  os_dbg.o [1]
  .text               ro code  0x08039114      0x0  cstart_clearlocks.o [5]
  .rodata             const    0x08039114      0x0  bwt_init3c.o [5]
  Initializer bytes   ro data  0x08039114    0x3a2  <for P4 s0>
                             - 0x080394b6  0x39332

"P3":                                       0x1000
  CSTACK                       0x10000000   0x1000  <Block>
    CSTACK            uninit   0x10000000   0x1000  <Block tail>
                             - 0x10001000   0x1000

"P4", part 1 of 3:                           0x630
  P4 s0                        0x20000000    0x62e  <Init block>
    .data             inited   0x20000000    0x210  fs.o [1]
    .data             inited   0x20000210     0xfc  config.o [1]
    .data             inited   0x2000030c     0xfc  ut4b0_receiver.o [1]
    __DLIB_PERTHREAD  inited   0x20000408     0x8c  rand.o [3]
    .data             inited   0x20000494     0x88  httpd.o [1]
    .data             inited   0x2000051c     0x6c  user_cmd.o [1]
    .data             inited   0x20000588     0x68  httpd.o [1]
[...]
gnss_receiver_stmt_set  0x08015ea1    0xe0  Code  Gb  gnss_receiver.o [1]
gnss_serial_baud_set_handler
                        0x08033baf    0x20  Code  Gb  gnss_handler.o [1]
gnss_stmt_echo          0x08033b4d    0x3a  Code  Gb  gnss_handler.o [1]
gnss_stmt_set_handler   0x08033d39    0x20  Code  Gb  gnss_handler.o [1]
gnss_task               0x0803468d    0x48  Code  Lc  gnss_task.o [1]
gnss_task_create        0x08034651    0x3c  Code  Gb  gnss_task.o [1]
gtask_usart_debug_stk   0x2000cfcc   0x4b0  Data  Lc  usart_debug_task.o [1]
gtask_usart_debug_tcb   0x20010060    0xc8  Data  Gb  usart_debug_task.o [1]
http_accept             0x0801559b    0x5c  Code  Lc  httpd.o [1]
http_close_conn         0x080146e5    0x50  Code  Lc  httpd.o [1]
http_err                0x0801545d     0xc  Code  Lc  httpd.o [1]
http_find_file          0x0801524d   0x13c  Code  Lc  httpd.o [1]
http_get_404_file       0x080150d5    0x3a  Code  Lc  httpd.o [1]
http_init_file          0x08015391    0xa6  Code  Lc  httpd.o [1]
http_parse_request      0x0801510f   0x138  Code  Lc  httpd.o [1]
http_poll               0x08015485    0x4c  Code  Lc  httpd.o [1]
http_recv               0x080154d1    0xca  Code  Lc  httpd.o [1]
http_send_data          0x080149bd   0x718  Code  Lc  httpd.o [1]
http_sent               0x08015469    0x1c  Code  Lc  httpd.o [1]
http_set_cgi_handlers   0x080156d9    0x34  Code  Gb  httpd.o [1]
http_set_ssi_handler    0x0801568b    0x4e  Code  Gb  httpd.o [1]
http_state_alloc        0x0801460f    0x26  Code  Lc  httpd.o [1]
http_state_free         0x08014635    0x30  Code  Lc  httpd.o [1]
http_write              0x08014665    0x80  Code  Lc  httpd.o [1]
httpd_init              0x08015681     0xa  Code  Gb  httpd.o [1]
httpd_init_addr         0x08015601    0x80  Code  Lc  httpd.o [1]
httpd_req_buf           0x2000d47c   0x400  Data  Lc  httpd.o [1]
icmp_dest_unreach       0x080248d7     0xe  Code  Gb  icmp.o [1]
icmp_input              0x0802472d   0x1aa  Code  Gb  icmp.o [1]
icmp_send_response      0x080248e5    0x7e  Code  Lc  icmp.o [1]
igmp_delaying_member    0x0801fda9    0x30  Code  Lc  igmp.o [1]
igmp_group_list         0x20010aa4     0x4  Data  Lc  igmp.o [1]
igmp_init               0x0801fb5d    0x16  Code  Gb  igmp.o [1]
igmp_input              0x0801fc4f    0xfe  Code  Gb  igmp.o [1]
igmp_ip_output_if       0x0801fdd9    0x2e  Code  Lc  igmp.o [1]
igmp_lookfor_group      0x0801fbcd    0x28  Code  Gb  igmp.o [1]
igmp_lookup_group       0x0801fbf5    0x5a  Code  Lc  igmp.o [1]
igmp_report_groups      0x0801fbab    0x22  Code  Gb  igmp.o [1]
igmp_send               0x0801fe07    0x9c  Code  Lc  igmp.o [1]
igmp_start              0x0801fb73    0x38  Code  Gb  igmp.o [1]
igmp_start_timer        0x0801fd85    0x24  Code  Lc  igmp.o [1]
igmp_timeout            0x0801fd75    0x10  Code  Lc  igmp.o [1]
igmp_timer              0x0801cd2b    0x12  Code  Lc  timers.o [1]
igmp_tmr                0x0801fd4d    0x28  Code  Gb  igmp.o [1]
inet_chksum             0x0802651d     0xe  Code  Gb  inet_chksum.o [1]
inet_chksum_pbuf        0x0802652b    0x56  Code  Gb  inet_chksum.o [1]
inseg                   0x20010a18    0x10  Data  Lc  tcp_in.o [1]
ip4_addr_isbroadcast    0x080143a1    0x4c  Code  Gb  ip_addr.o [1]
ip_addr_any             0x08039010     0x4  Data  Gb  ip_addr.o [1]
ip_id                   0x20010bb6     0x2  Data  Lc  ip.o [1]
ip_input                0x0801c91f   0x1ca  Code  Gb  ip.o [1]
ip_output               0x0801cc45    0x50  Code  Gb  ip.o [1]
ip_output_if            0x0801cae9    0x26  Code  Gb  ip.o [1]
ip_output_if_opt        0x0801cb0f   0x136  Code  Gb  ip.o [1]
ip_route                0x0801c8cd    0x52  Code  Gb  ip.o [1]
ipaddr_addr             0x080143ed    0x16  Code  Gb  ip_addr.o [1]
ipaddr_aton             0x08014403   0x164  Code  Gb  ip_addr.o [1]
iphdr                   0x20010b7c     0x4  Data  Lc  tcp_in.o [1]
isdigit                 0x08019d0b    0x10  Code  Gb  config.o [1]
isxdigit                0x08015c05    0x24  Code  Gb  config.o [1]
led_gpio_init           0x0802603f    0x36  Code  Gb  led_interrupt.o [1]
low_level_input         0x080195d9    0x4e  Code  Gb  ethernetif.o [1]
low_level_output        0x08019599    0x40  Code  Gb  ethernetif.o [1]
lwIPInit                0x080157df    0xc4  Code  Gb  lwip.o [1]
lwIPLocalIPAddrGet      0x080158e7     0x6  Code  Gb  lwip.o [1]
lwIPNetworkConfigChange
                        0x080158a3    0x44  Code  Gb  lwip.o [1]
lwip_htonl              0x0801458b    0x18  Code  Gb  def.o [1]
lwip_htons              0x08014575     0xc  Code  Gb  def.o [1]
lwip_init               0x0801fb41    0x1c  Code  Gb  init.o [1]
lwip_ntohl              0x080145a3     0x8  Code  Gb  def.o [1]
lwip_ntohs              0x08014581     0xa  Code  Gb  def.o [1]
lwip_sem                0x20010988    0x20  Data  Gb  lwip.o [1]
lwip_standard_chksum    0x080264b9    0x64  Code  Lc  inet_chksum.o [1]
main                    0x0803424d    0x50  Code  Gb  app.o [1]
main_net                0x2000d87c    0x3c  Data  Gb  lwip.o [1]
malloc                  0x0801c4ed    0xb6  Code  Gb  xxmemxmalloc.o [3]
mbox                    0x20010920    0x28  Data  Lc  tcpip.o [1]
mem_init                0x08019b3d     0x2  Code  Gb  sys_arch.o [1]
memchr                  0x080212a1          Code  Gb  memchr.o [5]
memcpy                  0x080145ab     0xe  Code  Gb  util_ringbuffer.o [1]
memp_free               0x0801c863    0x44  Code  Gb  memp.o [1]
memp_init               0x0801c7a9    0x5a  Code  Gb  memp.o [1]
memp_malloc             0x0801c803    0x60  Code  Gb  memp.o [1]
memp_memory             0x20005630  0x2674  Data  Lc  memp.o [1]
memp_num                0x080379a4    0x1c  Data  Lc  memp.o [1]
memp_sizes              0x08037988    0x1c  Data  Lc  memp.o [1]
memp_tab                0x20010888    0x38  Data  Lc  memp.o [1]
memset                  0x08015c89    0x14  Code  Gb  udp.o [1]
mtfs30_debug_set_handler
                        0x08016181    0x54  Code  Gb  mtfs30_debug.o [1]
mtx                     0x200109ac    0x14  Data  Lc  xsyslock.o [3]
ndigs                   0x080268e8    0x28  Data  Lc  xstoul.o [3]
netif_add               0x08019843    0x94  Code  Gb  netif.o [1]
netif_default           0x20010ac8     0x4  Data  Gb  netif.o [1]
netif_init              0x08019841     0x2  Code  Gb  netif.o [1]
netif_list              0x20010ac4     0x4  Data  Gb  netif.o [1]
netif_set_addr          0x080198d7    0x20  Code  Gb  netif.o [1]
netif_set_default       0x08019977     0x6  Code  Gb  netif.o [1]
netif_set_down          0x080199e1    0x16  Code  Gb  netif.o [1]
netif_set_gw            0x0801995b     0xe  Code  Gb  netif.o [1]
netif_set_ipaddr        0x080198f7    0x64  Code  Gb  netif.o [1]
netif_set_link_callback
                        0x08019a65     0x8  Code  Gb  netif.o [1]
netif_set_link_down     0x08019a43    0x22  Code  Gb  netif.o [1]
netif_set_link_up       0x080199f7    0x4c  Code  Gb  netif.o [1]
netif_set_netmask       0x08019969     0xe  Code  Gb  netif.o [1]
netif_set_up            0x080199a1    0x40  Code  Gb  netif.o [1]
next_timeout            0x20010b98     0x4  Data  Lc  timers.o [1]
pbuf_alloc              0x08018429   0x26e  Code  Gb  pbuf.o [1]
pbuf_cat                0x08018951    0x78  Code  Gb  pbuf.o [1]
pbuf_clen               0x08018925    0x12  Code  Gb  pbuf.o [1]
pbuf_copy               0x080189c9   0x118  Code  Gb  pbuf.o [1]
pbuf_copy_partial       0x08018ae1    0xb4  Code  Gb  pbuf.o [1]
pbuf_free               0x0801885b    0xca  Code  Gb  pbuf.o [1]
pbuf_header             0x08018787    0xd4  Code  Gb  pbuf.o [1]
pbuf_realloc            0x08018697    0xf0  Code  Gb  pbuf.o [1]
pbuf_ref                0x08018937    0x1a  Code  Gb  pbuf.o [1]
printf                  0x080163f5    0x24  Code  Gb  printf.o [3]
putchar                 0x08036e7d    0x28  Code  Gb  putchar.o [3]
pvNullPointer           0x080390c4     0x4  Data  Gb  sys_arch.o [1]
rand                    0x08026581    0xc4  Code  Gb  rand.o [3]
raw_input               0x08022f29    0x8e  Code  Gb  raw.o [1]
raw_pcbs                0x20010b50     0x4  Data  Lc  raw.o [1]
reConnect_config        0x08019385    0x12  Code  Gb  bsp_eth.o [1]
realloc                 0x0801c705    0xa4  Code  Gb  realloc.o [3]
recv_data               0x20010b88     0x4  Data  Lc  tcp_in.o [1]
recv_flags              0x20010be4     0x1  Data  Lc  tcp_in.o [1]
roll_print_gnss_info    0x08034761     0x8  Code  Lc  roll_print.o [1]
roll_print_info         0x08034759     0x8  Code  Gb  roll_print.o [1]
roll_print_set_handler  0x08034769    0x54  Code  Gb  roll_print.o [1]
roll_task               0x0803472d    0x18  Code  Lc  roll_task.o [1]
roll_task_create        0x080346f1    0x3c  Code  Gb  roll_task.o [1]
sem_init                0x0803432f    0x2a  Code  Lc  app.o [1]
seqno                   0x20010b80     0x4  Data  Lc  tcp_in.o [1]
snprintf                0x080224fd    0x44  Code  Gb  snprintf.o [3]
split1_gnss_info        0x08012dfb    0x9c  Code  Lc  config.o [1]
split_gnss_info         0x08012d15    0xe6  Code  Lc  config.o [1]
sprintf                 0x08015c9d    0x34  Code  Gb  sprintf.o [3]
strcat                  0x08015cd1    0x1e  Code  Gb  strcat.o [3]
strchr                  0x08018411          Code  Gb  strchr.o [5]
strcmp                  0x08015925          Code  Gb  strcmp.o [5]
strcpy                  0x0801bd01          Code  Gb  strcpy.o [5]
strcspn                 0x08022565    0x22  Code  Gb  strcspn.o [3]
strlen                  0x08015c29          Code  Gb  strlen.o [5]
strncmp                 0x08015c5f    0x2a  Code  Gb  strncmp.o [3]
strncpy                 0x080161ed          Code  Gb  strncpy.o [5]
strnstr                 0x080145b9    0x56  Code  Lc  httpd.o [1]
strspn                  0x08022543    0x22  Code  Gb  strspn.o [3]
strstr                  0x080161e5     0x8  Code  Gb  ut4b0_receiver.o [1]
strtok                  0x0801bd45    0x4c  Code  Gb  strtok.o [3]
strtoul                 0x08026795     0x4  Code  Gb  strtoul.o [3]
sys_arch_mbox_fetch     0x08019ad3    0x4a  Code  Gb  sys_arch.o [1]
sys_arch_protect        0x08019ce9    0x12  Code  Gb  sys_arch.o [1]
sys_arch_unprotect      0x08019cfb    0x10  Code  Gb  sys_arch.o [1]
sys_init                0x08019b3f    0x3a  Code  Gb  sys_arch.o [1]
sys_mbox_new            0x08019a6d    0x3c  Code  Gb  sys_arch.o [1]
sys_mbox_trypost        0x08019aa9    0x2a  Code  Gb  sys_arch.o [1]
sys_mbox_valid          0x08019b1d    0x20  Code  Gb  sys_arch.o [1]
sys_thread_new          0x08019b79   0x134  Code  Gb  sys_arch.o [1]
sys_timeout             0x0801cd57    0x8c  Code  Gb  timers.o [1]
sys_timeouts_init       0x0801cd3d    0x1a  Code  Gb  timers.o [1]
sys_timeouts_mbox_fetch
                        0x0801ce3b    0x82  Code  Gb  timers.o [1]
sys_untimeout           0x0801cde3    0x58  Code  Gb  timers.o [1]
syslock_o               0x200109a8     0x4  Data  Lc  xsyslock.o [3]
syslog                  0x20010bd0     0x1  Data  Gb  config.o [1]
system_set_leap         0x08033d59     0xc  Code  Gb  system.o [1]
tcp_abandon             0x08017929    0xb8  Code  Gb  tcp.o [1]
tcp_abort               0x080179e1     0xa  Code  Gb  tcp.o [1]
tcp_accept              0x08018271     0x4  Code  Gb  tcp.o [1]
tcp_accept_null         0x08017a8b     0x6  Code  Lc  tcp.o [1]
tcp_active_pcbs         0x20010b6c     0x4  Data  Gb  tcp.o [1]
tcp_alloc               0x08018179    0xc4  Code  Gb  tcp.o [1]
tcp_arg                 0x0801825b     0x4  Code  Gb  tcp.o [1]
tcp_backoff             0x080386fc    0x10  Data  Gb  tcp.o [1]
tcp_bind                0x080179eb    0xa0  Code  Gb  tcp.o [1]
tcp_bound_pcbs          0x20010b64     0x4  Data  Gb  tcp.o [1]
tcp_close               0x0801790d    0x1c  Code  Gb  tcp.o [1]
tcp_close_shutdown      0x08017733   0x1da  Code  Lc  tcp.o [1]
tcp_create_segment      0x08016841    0xca  Code  Lc  tcp_out.o [1]
tcp_eff_send_mss        0x0801837b    0x28  Code  Gb  tcp.o [1]
tcp_enqueue_flags       0x08016f25   0x1aa  Code  Gb  tcp_out.o [1]
tcp_err                 0x0801826b     0x6  Code  Gb  tcp.o [1]
tcp_fasttmr             0x08018013    0x80  Code  Gb  tcp.o [1]
tcp_input               0x080231e1   0x576  Code  Gb  tcp_in.o [1]
tcp_input_pcb           0x20010b8c     0x4  Data  Gb  tcp_in.o [1]
tcp_keepalive           0x08017623    0x3c  Code  Gb  tcp_out.o [1]
tcp_kill_prio           0x080180ed    0x48  Code  Lc  tcp.o [1]
tcp_kill_timewait       0x08018135    0x32  Code  Lc  tcp.o [1]
tcp_listen_input        0x08023757   0x116  Code  Lc  tcp_in.o [1]
tcp_listen_pcbs         0x20010b68     0x4  Data  Gb  tcp.o [1]
tcp_listen_with_backlog
                        0x08017a91    0xe8  Code  Gb  tcp.o [1]
tcp_new                 0x08018251     0xa  Code  Gb  tcp.o [1]
tcp_new_port            0x08017c41    0x54  Code  Lc  tcp.o [1]
tcp_next_iss            0x08018367    0x14  Code  Gb  tcp.o [1]
tcp_output              0x08017123   0x222  Code  Gb  tcp_out.o [1]
tcp_output_alloc_header
                        0x08016755    0xaa  Code  Lc  tcp_out.o [1]
tcp_output_segment      0x08017345    0xd2  Code  Lc  tcp_out.o [1]
tcp_parseopt            0x08024629    0xb0  Code  Lc  tcp_in.o [1]
tcp_pbuf_prealloc       0x0801690b    0x8c  Code  Lc  tcp_out.o [1]
tcp_pcb_lists           0x0803870c    0x10  Data  Gb  tcp.o [1]
tcp_pcb_purge           0x0801827f    0x46  Code  Gb  tcp.o [1]
tcp_pcb_remove          0x080182c5    0xa2  Code  Gb  tcp.o [1]
tcp_persist_backoff     0x08038e68     0x8  Data  Gb  tcp.o [1]
tcp_poll                0x08018275     0xa  Code  Gb  tcp.o [1]
tcp_process             0x08023915   0x56c  Code  Lc  tcp_in.o [1]
tcp_receive             0x08023ee9   0x73a  Code  Lc  tcp_in.o [1]
tcp_recv                0x0801825f     0x6  Code  Gb  tcp.o [1]
tcp_recv_null           0x080180c7    0x26  Code  Gb  tcp.o [1]
tcp_recved              0x08017be1    0x60  Code  Gb  tcp.o [1]
tcp_rexmit              0x0801755d    0x4e  Code  Gb  tcp_out.o [1]
tcp_rexmit_fast         0x080175ab    0x78  Code  Gb  tcp_out.o [1]
tcp_rexmit_rto          0x08017529    0x34  Code  Gb  tcp_out.o [1]
tcp_rst                 0x08017421    0xa8  Code  Gb  tcp_out.o [1]
tcp_seg_free            0x080180a5    0x1e  Code  Gb  tcp.o [1]
tcp_segs_free           0x08018093    0x12  Code  Gb  tcp.o [1]
tcp_send_empty_ack      0x080170cf    0x54  Code  Gb  tcp_out.o [1]
tcp_send_fin            0x080167ff    0x42  Code  Gb  tcp_out.o [1]
tcp_sent                0x08018265     0x6  Code  Gb  tcp.o [1]
tcp_setprio             0x080180c3     0x4  Code  Gb  tcp.o [1]
tcp_slowtmr             0x08017c95   0x37e  Code  Gb  tcp.o [1]
tcp_ticks               0x20010b60     0x4  Data  Gb  tcp.o [1]
tcp_timer               0x20010be2     0x1  Data  Lc  tcp.o [1]
tcp_timer_needed        0x0801cceb    0x2c  Code  Gb  timers.o [1]
tcp_timewait_input      0x0802386d    0xa8  Code  Lc  tcp_in.o [1]
tcp_tmp_pcb             0x20010b74     0x4  Data  Gb  tcp.o [1]
tcp_tmr                 0x08017715    0x1e  Code  Gb  tcp.o [1]
tcp_tw_pcbs             0x20010b70     0x4  Data  Gb  tcp.o [1]
tcp_update_rcv_ann_wnd  0x08017b79    0x68  Code  Gb  tcp.o [1]
tcp_write               0x08016a51   0x4d4  Code  Gb  tcp_out.o [1]
tcp_write_checks        0x08016997    0xba  Code  Lc  tcp_out.o [1]
tcp_zero_window_probe   0x0801765f    0xb6  Code  Gb  tcp_out.o [1]
tcphdr                  0x20010b78     0x4  Data  Lc  tcp_in.o [1]
tcpip_init              0x080197dd    0x40  Code  Gb  tcpip.o [1]
tcpip_init_done         0x20010b90     0x4  Data  Lc  tcpip.o [1]
tcpip_init_done_arg     0x20010b94     0x4  Data  Lc  tcpip.o [1]
tcpip_input             0x0801978f    0x4e  Code  Gb  tcpip.o [1]
tcpip_tcp_timer         0x0801ccc1    0x2a  Code  Lc  timers.o [1]
tcpip_tcp_timer_active  0x20010b9c     0x4  Data  Lc  timers.o [1]
tcpip_thread            0x080196c9    0xc6  Code  Lc  tcpip.o [1]
tcplen                  0x20010bc8     0x2  Data  Lc  tcp_in.o [1]
udp_input               0x08022fc5   0x200  Code  Gb  udp.o [1]
udp_pcbs                0x20010ba0     0x4  Data  Gb  udp.o [1]
ugSntp_Changed          0x20010bcf     0x1  Data  Gb  config.o [1]
ulMap_PulseIn_Port      0x20000624     0x4  Data  Gb  led_interrupt.o [1]
update_arp_entry        0x0801f3fb    0xda  Code  Lc  etharp.o [1]
usart_debug_task        0x0801bdcd    0x1c  Code  Lc  usart_debug_task.o [1]
usart_debug_task_create
                        0x0801bd91    0x3c  Code  Gb  usart_debug_task.o [1]
user_cmd_parser         0x08022589   0x2c4  Code  Gb  user_cmd.o [1]
user_cmdhandle          0x2000051c    0x6c  Data  Lc  user_cmd.o [1]
usnprintf               0x08015bed     0xe  Code  Gb  ustdlib.o [1]
ut4b0_1pps_msg_parser   0x0801b6cd    0x98  Code  Lc  ut4b0_receiver.o [1]
ut4b0_antenna_msg_parser
                        0x0801b769    0x42  Code  Lc  ut4b0_receiver.o [1]
ut4b0_bdgsv_msg_parser  0x0801afb7     0xa  Code  Lc  ut4b0_receiver.o [1]
ut4b0_check_cmdhandler  0x0801abd7    0xf8  Code  Lc  ut4b0_receiver.o [1]
ut4b0_checkcode_compare
                        0x0801ab81    0x56  Code  Lc  ut4b0_receiver.o [1]
ut4b0_cmd_reply_msg_parser
                        0x0801b885    0x96  Code  Lc  ut4b0_receiver.o [1]
ut4b0_cmd_version_msg_parser
                        0x0801b7b9    0xc0  Code  Lc  ut4b0_receiver.o [1]
ut4b0_gagsv_msg_parser  0x0801afcb     0xa  Code  Lc  ut4b0_receiver.o [1]
ut4b0_gal_utc_msg_parser
                        0x0801b37d    0xd6  Code  Lc  ut4b0_receiver.o [1]
ut4b0_get_leap_time     0x0801b5ad   0x112  Code  Lc  ut4b0_receiver.o [1]
ut4b0_gga_msg_parser    0x0801adad   0x1fc  Code  Lc  ut4b0_receiver.o [1]
ut4b0_glgsv_msg_parser  0x0801afc1     0xa  Code  Lc  ut4b0_receiver.o [1]
ut4b0_gpgsv_msg_parser  0x0801afad     0xa  Code  Lc  ut4b0_receiver.o [1]
ut4b0_gpsbds_utc_msg_parser
                        0x0801b26b   0x112  Code  Lc  ut4b0_receiver.o [1]
ut4b0_gsv_msg_parser    0x0801afd5   0x296  Code  Lc  ut4b0_receiver.o [1]
ut4b0_leap_process      0x0801b461   0x14c  Code  Lc  ut4b0_receiver.o [1]
ut4b0_receiver_acmode_set
                        0x0801b941    0x72  Code  Gb  ut4b0_receiver.o [1]
ut4b0_receiver_cmd_save
                        0x0801bbb1    0x56  Code  Lc  ut4b0_receiver.o [1]
ut4b0_receiver_configuration
                        0x0801bb35    0x7c  Code  Lc  ut4b0_receiver.o [1]
ut4b0_receiver_init     0x0801ab01    0x32  Code  Gb  ut4b0_receiver.o [1]
ut4b0_receiver_msg_parser
                        0x0801ab33    0x4e  Code  Gb  ut4b0_receiver.o [1]
ut4b0_receiver_serial_baud_set
                        0x0801b9b9    0x22  Code  Gb  ut4b0_receiver.o [1]
ut4b0_receiver_statement_set
                        0x0801ba01   0x114  Code  Gb  ut4b0_receiver.o [1]
ut4b0_receiver_utc_statement_set
                        0x0801bb1d    0x14  Code  Lc  ut4b0_receiver.o [1]
ut4b0_stmt_handle       0x2000030c    0xfc  Data  Lc  ut4b0_receiver.o [1]
ut4b0_zda_msg_parser    0x0801accf    0xd0  Code  Lc  ut4b0_receiver.o [1]
util_check_crc32        0x08022415    0x42  Code  Gb  util_check.o [1]
util_crc32              0x080223f1    0x24  Code  Lc  util_check.o [1]
util_ringbuffer_create  0x08022d31    0x48  Code  Gb  util_ringbuffer.o [1]
util_xor                0x08022457    0x34  Code  Lc  util_check.o [1]
util_xor_check          0x0802248b    0x48  Code  Gb  util_check.o [1]
uvsnprintf              0x08015981   0x26c  Code  Gb  ustdlib.o [1]
vsnprintf               0x0801be09    0x3c  Code  Gb  vsnprint.o [3]
watchdog_task           0x08034539    0x28  Code  Lc  watchdog_task.o [1]
watchdog_task_create    0x080344ed    0x3a  Code  Gb  watchdog_task.o [1]


[1] = D:\Git\tmp\XGM30\SOFTWARE\Debug\Obj
[2] = command line
[3] = dl7M_tln.a
[4] = m7M_tl.a
[5] = rt7M_tl.a
[6] = shb_l.a

   88 159 bytes of readonly  code memory
  146 519 bytes of readonly  data memory
   89 060 bytes of readwrite data memory

Errors: none
Warnings: none
