###############################################################################
#                                                                             #
# IAR ELF Linker V6.30.1.53127/W32 for ARM              23/Apr/2019  10:39:34 #
# Copyright 2007-2011 IAR Systems AB.                                         #
#                                                                             #
#    Output file  =  D:\XGM30\SOFTWARE\Debug\Exe\Project.out                  #
#    Map file     =  D:\XGM30\SOFTWARE\Debug\List\Project.map                 #
#    Command line =  "D:\XGM30\SOFTWARE\Debug\Obj\Extent INT.o"               #
#                    D:\XGM30\SOFTWARE\Debug\Obj\Shell_main.o                 #
#                    D:\XGM30\SOFTWARE\Debug\Obj\api_lib.o                    #
#                    D:\XGM30\SOFTWARE\Debug\Obj\api_msg.o                    #
#                    D:\XGM30\SOFTWARE\Debug\Obj\app.o                        #
#                    D:\XGM30\SOFTWARE\Debug\Obj\app_vect.o                   #
#                    D:\XGM30\SOFTWARE\Debug\Obj\autoip.o                     #
#                    D:\XGM30\SOFTWARE\Debug\Obj\bsp.o                        #
#                    D:\XGM30\SOFTWARE\Debug\Obj\bsp_eth.o                    #
#                    D:\XGM30\SOFTWARE\Debug\Obj\bsp_int.o                    #
#                    D:\XGM30\SOFTWARE\Debug\Obj\bsp_lib.o                    #
#                    D:\XGM30\SOFTWARE\Debug\Obj\bsp_periph.o                 #
#                    D:\XGM30\SOFTWARE\Debug\Obj\config.o                     #
#                    D:\XGM30\SOFTWARE\Debug\Obj\control.o                    #
#                    D:\XGM30\SOFTWARE\Debug\Obj\control_main.o               #
#                    D:\XGM30\SOFTWARE\Debug\Obj\cpu_a.o                      #
#                    D:\XGM30\SOFTWARE\Debug\Obj\cpu_c.o                      #
#                    D:\XGM30\SOFTWARE\Debug\Obj\cpu_core.o                   #
#                    D:\XGM30\SOFTWARE\Debug\Obj\def.o                        #
#                    D:\XGM30\SOFTWARE\Debug\Obj\dhcp.o                       #
#                    D:\XGM30\SOFTWARE\Debug\Obj\dns.o                        #
#                    D:\XGM30\SOFTWARE\Debug\Obj\eeprom.o                     #
#                    D:\XGM30\SOFTWARE\Debug\Obj\err.o                        #
#                    D:\XGM30\SOFTWARE\Debug\Obj\etharp.o                     #
#                    D:\XGM30\SOFTWARE\Debug\Obj\ethernetif.o                 #
#                    D:\XGM30\SOFTWARE\Debug\Obj\fs.o                         #
#                    D:\XGM30\SOFTWARE\Debug\Obj\httpd.o                      #
#                    D:\XGM30\SOFTWARE\Debug\Obj\icmp.o                       #
#                    D:\XGM30\SOFTWARE\Debug\Obj\igmp.o                       #
#                    D:\XGM30\SOFTWARE\Debug\Obj\inet.o                       #
#                    D:\XGM30\SOFTWARE\Debug\Obj\inet_chksum.o                #
#                    D:\XGM30\SOFTWARE\Debug\Obj\init.o                       #
#                    D:\XGM30\SOFTWARE\Debug\Obj\ip.o                         #
#                    D:\XGM30\SOFTWARE\Debug\Obj\ip_addr.o                    #
#                    D:\XGM30\SOFTWARE\Debug\Obj\ip_frag.o                    #
#                    D:\XGM30\SOFTWARE\Debug\Obj\lib_ascii.o                  #
#                    D:\XGM30\SOFTWARE\Debug\Obj\lib_math.o                   #
#                    D:\XGM30\SOFTWARE\Debug\Obj\lib_mem.o                    #
#                    D:\XGM30\SOFTWARE\Debug\Obj\lib_str.o                    #
#                    D:\XGM30\SOFTWARE\Debug\Obj\loopif.o                     #
#                    D:\XGM30\SOFTWARE\Debug\Obj\lwip.o                       #
#                    D:\XGM30\SOFTWARE\Debug\Obj\memp.o                       #
#                    D:\XGM30\SOFTWARE\Debug\Obj\misc.o                       #
#                    D:\XGM30\SOFTWARE\Debug\Obj\netbuf.o                     #
#                    D:\XGM30\SOFTWARE\Debug\Obj\netdb.o                      #
#                    D:\XGM30\SOFTWARE\Debug\Obj\netif.o                      #
#                    D:\XGM30\SOFTWARE\Debug\Obj\netifapi.o                   #
#                    D:\XGM30\SOFTWARE\Debug\Obj\os_app_hooks.o               #
#                    D:\XGM30\SOFTWARE\Debug\Obj\os_cfg_app.o                 #
#                    D:\XGM30\SOFTWARE\Debug\Obj\os_core.o                    #
#                    D:\XGM30\SOFTWARE\Debug\Obj\os_cpu_a.o                   #
#                    D:\XGM30\SOFTWARE\Debug\Obj\os_cpu_c.o                   #
#                    D:\XGM30\SOFTWARE\Debug\Obj\os_dbg.o                     #
#                    D:\XGM30\SOFTWARE\Debug\Obj\os_flag.o                    #
#                    D:\XGM30\SOFTWARE\Debug\Obj\os_int.o                     #
#                    D:\XGM30\SOFTWARE\Debug\Obj\os_mem.o                     #
#                    D:\XGM30\SOFTWARE\Debug\Obj\os_msg.o                     #
#                    D:\XGM30\SOFTWARE\Debug\Obj\os_mutex.o                   #
#                    D:\XGM30\SOFTWARE\Debug\Obj\os_pend_multi.o              #
#                    D:\XGM30\SOFTWARE\Debug\Obj\os_prio.o                    #
#                    D:\XGM30\SOFTWARE\Debug\Obj\os_q.o                       #
#                    D:\XGM30\SOFTWARE\Debug\Obj\os_sem.o                     #
#                    D:\XGM30\SOFTWARE\Debug\Obj\os_stat.o                    #
#                    D:\XGM30\SOFTWARE\Debug\Obj\os_task.o                    #
#                    D:\XGM30\SOFTWARE\Debug\Obj\os_tick.o                    #
#                    D:\XGM30\SOFTWARE\Debug\Obj\os_time.o                    #
#                    D:\XGM30\SOFTWARE\Debug\Obj\os_tmr.o                     #
#                    D:\XGM30\SOFTWARE\Debug\Obj\os_var.o                     #
#                    D:\XGM30\SOFTWARE\Debug\Obj\pbuf.o                       #
#                    D:\XGM30\SOFTWARE\Debug\Obj\raw.o                        #
#                    D:\XGM30\SOFTWARE\Debug\Obj\serial.o                     #
#                    D:\XGM30\SOFTWARE\Debug\Obj\slipif.o                     #
#                    D:\XGM30\SOFTWARE\Debug\Obj\snmp_SNMP.o                  #
#                    D:\XGM30\SOFTWARE\Debug\Obj\snmp_flash.o                 #
#                    D:\XGM30\SOFTWARE\Debug\Obj\snmp_main.o                  #
#                    D:\XGM30\SOFTWARE\Debug\Obj\snmp_mib.o                   #
#                    D:\XGM30\SOFTWARE\Debug\Obj\snmp_snmpAgent.o             #
#                    D:\XGM30\SOFTWARE\Debug\Obj\snmp_snmpInit.o              #
#                    D:\XGM30\SOFTWARE\Debug\Obj\snmp_snmpRefresh.o           #
#                    D:\XGM30\SOFTWARE\Debug\Obj\sockets.o                    #
#                    D:\XGM30\SOFTWARE\Debug\Obj\stats.o                      #
#                    D:\XGM30\SOFTWARE\Debug\Obj\stm32f4x7_eth.o              #
#                    D:\XGM30\SOFTWARE\Debug\Obj\stm32f4xx_adc.o              #
#                    D:\XGM30\SOFTWARE\Debug\Obj\stm32f4xx_can.o              #
#                    D:\XGM30\SOFTWARE\Debug\Obj\stm32f4xx_crc.o              #
#                    D:\XGM30\SOFTWARE\Debug\Obj\stm32f4xx_cryp.o             #
#                    D:\XGM30\SOFTWARE\Debug\Obj\stm32f4xx_cryp_aes.o         #
#                    D:\XGM30\SOFTWARE\Debug\Obj\stm32f4xx_cryp_des.o         #
#                    D:\XGM30\SOFTWARE\Debug\Obj\stm32f4xx_cryp_tdes.o        #
#                    D:\XGM30\SOFTWARE\Debug\Obj\stm32f4xx_dac.o              #
#                    D:\XGM30\SOFTWARE\Debug\Obj\stm32f4xx_dbgmcu.o           #
#                    D:\XGM30\SOFTWARE\Debug\Obj\stm32f4xx_dcmi.o             #
#                    D:\XGM30\SOFTWARE\Debug\Obj\stm32f4xx_dma.o              #
#                    D:\XGM30\SOFTWARE\Debug\Obj\stm32f4xx_exti.o             #
#                    D:\XGM30\SOFTWARE\Debug\Obj\stm32f4xx_flash.o            #
#                    D:\XGM30\SOFTWARE\Debug\Obj\stm32f4xx_fsmc.o             #
#                    D:\XGM30\SOFTWARE\Debug\Obj\stm32f4xx_gpio.o             #
#                    D:\XGM30\SOFTWARE\Debug\Obj\stm32f4xx_hash.o             #
#                    D:\XGM30\SOFTWARE\Debug\Obj\stm32f4xx_hash_md5.o         #
#                    D:\XGM30\SOFTWARE\Debug\Obj\stm32f4xx_hash_sha1.o        #
#                    D:\XGM30\SOFTWARE\Debug\Obj\stm32f4xx_i2c.o              #
#                    D:\XGM30\SOFTWARE\Debug\Obj\stm32f4xx_iwdg.o             #
#                    D:\XGM30\SOFTWARE\Debug\Obj\stm32f4xx_pwr.o              #
#                    D:\XGM30\SOFTWARE\Debug\Obj\stm32f4xx_rcc.o              #
#                    D:\XGM30\SOFTWARE\Debug\Obj\stm32f4xx_rng.o              #
#                    D:\XGM30\SOFTWARE\Debug\Obj\stm32f4xx_rtc.o              #
#                    D:\XGM30\SOFTWARE\Debug\Obj\stm32f4xx_sdio.o             #
#                    D:\XGM30\SOFTWARE\Debug\Obj\stm32f4xx_spi.o              #
#                    D:\XGM30\SOFTWARE\Debug\Obj\stm32f4xx_syscfg.o           #
#                    D:\XGM30\SOFTWARE\Debug\Obj\stm32f4xx_tim.o              #
#                    D:\XGM30\SOFTWARE\Debug\Obj\stm32f4xx_usart.o            #
#                    D:\XGM30\SOFTWARE\Debug\Obj\stm32f4xx_wwdg.o             #
#                    D:\XGM30\SOFTWARE\Debug\Obj\sys_arch.o                   #
#                    D:\XGM30\SOFTWARE\Debug\Obj\system_stm32f4xx.o           #
#                    D:\XGM30\SOFTWARE\Debug\Obj\tcp.o                        #
#                    D:\XGM30\SOFTWARE\Debug\Obj\tcp_in.o                     #
#                    D:\XGM30\SOFTWARE\Debug\Obj\tcp_out.o                    #
#                    D:\XGM30\SOFTWARE\Debug\Obj\tcpip.o                      #
#                    D:\XGM30\SOFTWARE\Debug\Obj\timers.o                     #
#                    D:\XGM30\SOFTWARE\Debug\Obj\udp.o                        #
#                    D:\XGM30\SOFTWARE\Debug\Obj\ustdlib.o                    #
#                    D:\XGM30\SOFTWARE\Debug\Obj\web_main.o -o                #
#                    D:\XGM30\SOFTWARE\Debug\Exe\Project.out --map            #
#                    D:\XGM30\SOFTWARE\Debug\List\Project.map --config        #
#                    D:\XGM30\SOFTWARE\BSP\stm32f407xE.icf --semihosting      #
#                    --entry __iar_program_start --vfe                        #
#                                                                             #
#                                                                             #
###############################################################################

*******************************************************************************
*** RUNTIME MODEL ATTRIBUTES
***

CppFlavor       = *
__Heap_Handler  = Basic
__SystemLibrary = DLib


*******************************************************************************
*** PLACEMENT SUMMARY
***

"A1":  place at 0x08000000 { ro section .intvec };
"P1":  place in [from 0x08000000 to 0x080fffff] { ro };
"P3":  place in [from 0x10000000 to 0x1000ffff] { block CSTACK, section .ccram };
"P4":  place in [from 0x20000000 to 0x2001ffff] { rw, block HEAP };

  Section             Kind        Address     Size  Object
  -------             ----        -------     ----  ------
"A1":                                        0x184
  .intvec             const    0x08000000    0x184  app_vect.o [1]
                             - 0x08000184    0x184

"P1":                                      0x324b8
  .rodata             const    0x08000184   0x5224  fs.o [1]
  .rodata             const    0x080053a8   0x3eec  fs.o [1]
  .rodata             const    0x08009294   0x2a9c  fs.o [1]
  .rodata             const    0x0800bd30   0x21a8  fs.o [1]
  .rodata             const    0x0800ded8   0x21a0  fs.o [1]
  .rodata             const    0x08010078   0x1f34  fs.o [1]
  .rodata             const    0x08011fac   0x1d0c  fs.o [1]
  .text               ro code  0x08013cb8   0x1a04  config.o [1]
  .text               ro code  0x080156bc     0x76  ABImemcpy.o [4]
  .text               ro code  0x08015732     0x22  zero_init3.o [4]
  .text               ro code  0x08015754    0x6dc  eeprom.o [1]
  .text               ro code  0x08015e30    0x1d4  ip_addr.o [1]
  .text               ro code  0x08016004     0x36  def.o [1]
  .text               ro code  0x0801603a      0xe  tcp_out.o [1]
  .text               ro code  0x08016048   0x11ec  httpd.o [1]
  .text               ro code  0x08017234    0x178  lwip.o [1]
  .text               ro code  0x080173ac     0x42  strcmp.o [4]
  .text               ro code  0x080173ee      0xa  xsprout.o [3]
  .text               ro code  0x080173f8    0x284  ustdlib.o [1]
  .text               ro code  0x0801767c     0x24  config.o [1]
  .text               ro code  0x080176a0     0x36  strlen.o [4]
  .text               ro code  0x080176d6     0x2a  strncmp.o [3]
  .text               ro code  0x08017700     0x14  udp.o [1]
  .text               ro code  0x08017714     0x34  sprintf.o [3]
  .text               ro code  0x08017748     0x1e  strcat.o [3]
  .rodata             const    0x08017766      0x2  os_cfg_app.o [1]
  .text               ro code  0x08017768    0x19c  stm32f4xx_flash.o [1]
  .text               ro code  0x08017904     0x24  printf.o [3]
  .text               ro code  0x08017928    0x24c  bsp_lib.o [1]
  .text               ro code  0x08017b74     0xee  fs.o [1]
  .rodata             const    0x08017c62      0x2  os_cfg_app.o [1]
  .text               ro code  0x08017c64    0xfc0  tcp_out.o [1]
  .text               ro code  0x08018c24    0xce8  tcp.o [1]
  .text               ro code  0x0801990c     0x16  strchr.o [4]
  .text               ro code  0x08019922      0x8  httpd.o [1]
  .rodata             const    0x0801992a      0x2  os_cfg_app.o [1]
  .text               ro code  0x0801992c    0x7e4  pbuf.o [1]
  .text               ro code  0x0801a110    0x45c  os_sem.o [1]
  .text               ro code  0x0801a56c    0x52e  bsp_eth.o [1]
  .rodata             const    0x0801aa9a      0x2  os_cfg_app.o [1]
  .text               ro code  0x0801aa9c    0x12e  ethernetif.o [1]
  .rodata             const    0x0801abca      0x2  os_cfg_app.o [1]
  .text               ro code  0x0801abcc    0x178  tcpip.o [1]
  .text               ro code  0x0801ad44    0x22c  netif.o [1]
  .text               ro code  0x0801af70    0x29e  sys_arch.o [1]
  .rodata             const    0x0801b20e      0x2  os_cfg_app.o [1]
  .text               ro code  0x0801b210     0x6c  strncpy.o [4]
  .text               ro code  0x0801b27c     0x10  config.o [1]
  .text               ro code  0x0801b28c     0x66  ABImemset.o [4]
  .rodata             const    0x0801b2f2      0x2  os_cfg_app.o [1]
  .text               ro code  0x0801b2f4    0x4a4  xprintfsmall.o [3]
  CODE                ro code  0x0801b798     0x2a  cpu_a.o [1]
  .rodata             const    0x0801b7c2      0x2  os_cfg_app.o [1]
  .text               ro code  0x0801b7c4    0x1a4  cpu_core.o [1]
  .text               ro code  0x0801b968     0xbc  xxmemxmalloc.o [3]
  .text               ro code  0x0801ba24     0x88  xxmemxfree.o [3]
  .text               ro code  0x0801baac    0x178  realloc.o [3]
  .text               ro code  0x0801bc24    0x124  memp.o [1]
  .text               ro code  0x0801bd48    0x3f4  ip.o [1]
  .text               ro code  0x0801c13c    0x218  timers.o [1]
  .text               ro code  0x0801c354     0x2c  strstr.o [3]
  .text               ro code  0x0801c380    0xb18  os_core.o [1]
  .text               ro code  0x0801ce98     0x48  bsp.o [1]
  .text               ro code  0x0801cee0    0x3c0  os_int.o [1]
  .text               ro code  0x0801d2a0    0xa98  stm32f4x7_eth.o [1]
  .text               ro code  0x0801dd38     0x28  bsp_periph.o [1]
  .text               ro code  0x0801dd60    0x1c4  stm32f4xx_rcc.o [1]
  .text               ro code  0x0801df24     0x60  stm32f4xx_syscfg.o [1]
  .text               ro code  0x0801df84     0xf8  stm32f4xx_gpio.o [1]
  .text               ro code  0x0801e07c     0xec  stm32f4xx_exti.o [1]
  .text               ro code  0x0801e168    0x3a8  bsp_int.o [1]
  .text               ro code  0x0801e510    0xadc  etharp.o [1]
  .text               ro code  0x0801efec     0x1c  init.o [1]
  .text               ro code  0x0801f008    0x36c  igmp.o [1]
  .text               ro code  0x0801f374    0x588  os_q.o [1]
  .text               ro code  0x0801f8fc    0x154  os_mem.o [1]
  .text               ro code  0x0801fa50    0xcfc  os_task.o [1]
  .text               ro code  0x0802074c     0x58  memchr.o [4]
  .text               ro code  0x080207a4     0x6a  lib_mem.o [1]
  .rodata             const    0x0802080e      0x2  os_cfg_app.o [1]
  .text               ro code  0x08020810     0x94  xsyslock.o [3]
  .text               ro code  0x080208a4     0x28  xgetmemchunk.o [3]
  .text               ro code  0x080208cc     0x78  ABImemmove.o [4]
  .text               ro code  0x08020944     0x9c  raw.o [1]
  .text               ro code  0x080209e0    0x21c  udp.o [1]
  .text               ro code  0x08020bfc   0x154c  tcp_in.o [1]
  .text               ro code  0x08022148    0x260  icmp.o [1]
  .text               ro code  0x080223a8     0x8c  os_prio.o [1]
  .text               ro code  0x08022434    0x3d4  os_tick.o [1]
  .text               ro code  0x08022808    0x3e0  os_stat.o [1]
  .text               ro code  0x08022be8    0x27c  os_flag.o [1]
  .text               ro code  0x08022e64    0x1f4  os_msg.o [1]
  .text               ro code  0x08023058     0x34  os_mutex.o [1]
  .text               ro code  0x0802308c    0x304  os_tmr.o [1]
  .text               ro code  0x08023390    0x208  os_dbg.o [1]
  .text               ro code  0x08023598    0x22c  os_cpu_c.o [1]
  .text               ro code  0x080237c4    0x1b8  os_cfg_app.o [1]
  CODE                ro code  0x0802397c     0x88  os_cpu_a.o [1]
  .text               ro code  0x08023a04     0xc0  control.o [1]
  .text               ro code  0x08023ac4    0x13c  cpu_c.o [1]
  .text               ro code  0x08023c00     0xc8  inet_chksum.o [1]
  .text               ro code  0x08023cc8     0xc4  rand.o [3]
  .text               ro code  0x08023d8c      0x8  xmtx.o [3]
  .text               ro code  0x08023d94    0x2b4  os_time.o [1]
  .text               ro code  0x08024048     0xee  I64DivMod.o [4]
  .text               ro code  0x08024136      0x2  xtls.o [3]
  .text               ro code  0x08024138      0x2  I64DivZer.o [4]
  .rodata             const    0x0802413a      0x2  os_cfg_app.o [1]
  .rodata             const    0x0802413c   0x116c  fs.o [1]
  .rodata             const    0x080252a8    0xfac  fs.o [1]
  .rodata             const    0x08026254    0xb74  fs.o [1]
  .rodata             const    0x08026dc8    0xae4  fs.o [1]
  .rodata             const    0x080278ac    0xae0  fs.o [1]
  .rodata             const    0x0802838c    0xa88  fs.o [1]
  .rodata             const    0x08028e14    0xa2c  fs.o [1]
  .rodata             const    0x08029840    0x994  fs.o [1]
  .rodata             const    0x0802a1d4    0x8b8  fs.o [1]
  .rodata             const    0x0802aa8c    0x7bc  fs.o [1]
  .rodata             const    0x0802b248    0x6e4  fs.o [1]
  .rodata             const    0x0802b92c    0x6b8  fs.o [1]
  .rodata             const    0x0802bfe4    0x6b4  fs.o [1]
  .rodata             const    0x0802c698    0x6a8  fs.o [1]
  .rodata             const    0x0802cd40    0x5c4  fs.o [1]
  .rodata             const    0x0802d304    0x5a8  fs.o [1]
  .rodata             const    0x0802d8ac    0x4d8  fs.o [1]
  .rodata             const    0x0802dd84    0x468  fs.o [1]
  .rodata             const    0x0802e1ec    0x460  fs.o [1]
  .rodata             const    0x0802e64c    0x3cc  fs.o [1]
  .rodata             const    0x0802ea18    0x1ec  fs.o [1]
  .rodata             const    0x0802ec04    0x194  config.o [1]
  .rodata             const    0x0802ed98    0x160  fs.o [1]
  .text               ro code  0x0802eef8    0x144  system_stm32f4xx.o [1]
  .text               ro code  0x0802f03c     0xf0  web_main.o [1]
  .text               ro code  0x0802f12c     0xe8  app.o [1]
  .text               ro code  0x0802f214     0xa0  control_main.o [1]
  .text               ro code  0x0802f2b4     0xa0  packbits_init3.o [4]
  .rodata             const    0x0802f354     0x94  config.o [1]
  .rodata             const    0x0802f3e8     0x70  config.o [1]
  .text               ro code  0x0802f458     0x6c  iarttio.o [5]
  .text               ro code  0x0802f4c4      0x8  XShttio.o [3]
  .rodata             const    0x0802f4cc     0x58  httpd.o [1]
  .rodata             const    0x0802f524     0x58  tcp_out.o [1]
  .rodata             const    0x0802f57c     0x50  config.o [1]
  .rodata             const    0x0802f5cc     0x50  config.o [1]
  .rodata             const    0x0802f61c     0x50  config.o [1]
  .rodata             const    0x0802f66c     0x50  config.o [1]
  .rodata             const    0x0802f6bc     0x50  httpd.o [1]
  .rodata             const    0x0802f70c     0x48  config.o [1]
  .rodata             const    0x0802f754     0x44  config.o [1]
  .rodata             const    0x0802f798     0x44  config.o [1]
  .rodata             const    0x0802f7dc     0x44  config.o [1]
  .rodata             const    0x0802f820     0x44  config.o [1]
  .rodata             const    0x0802f864     0x44  config.o [1]
  .rodata             const    0x0802f8a8     0x44  etharp.o [1]
  .rodata             const    0x0802f8ec     0x40  config.o [1]
  .rodata             const    0x0802f92c     0x40  config.o [1]
  .rodata             const    0x0802f96c     0x40  config.o [1]
  .rodata             const    0x0802f9ac     0x40  config.o [1]
  .rodata             const    0x0802f9ec     0x40  config.o [1]
  .rodata             const    0x0802fa2c     0x40  config.o [1]
  .rodata             const    0x0802fa6c     0x40  config.o [1]
  .rodata             const    0x0802faac     0x40  etharp.o [1]
  .rodata             const    0x0802faec     0x40  httpd.o [1]
  .rodata             const    0x0802fb2c     0x40  tcp_out.o [1]
  .rodata             const    0x0802fb6c     0x3c  config.o [1]
  .rodata             const    0x0802fba8     0x3c  igmp.o [1]
  .rodata             const    0x0802fbe4     0x3c  sys_arch.o [1]
  .rodata             const    0x0802fc20     0x3c  tcp_out.o [1]
  .rodata             const    0x0802fc5c     0x3c  tcp_out.o [1]
  .rodata             const    0x0802fc98     0x38  config.o [1]
  .rodata             const    0x0802fcd0     0x38  icmp.o [1]
  .rodata             const    0x0802fd08     0x38  pbuf.o [1]
  .rodata             const    0x0802fd40     0x38  tcp_in.o [1]
  .rodata             const    0x0802fd78     0x38  tcp_out.o [1]
  .rodata             const    0x0802fdb0     0x34  bsp_lib.o [1]
  .rodata             const    0x0802fde4     0x34  bsp_lib.o [1]
  .rodata             const    0x0802fe18     0x34  etharp.o [1]
  .rodata             const    0x0802fe4c     0x34  icmp.o [1]
  .rodata             const    0x0802fe80     0x34  icmp.o [1]
  .rodata             const    0x0802feb4     0x34  pbuf.o [1]
  .rodata             const    0x0802fee8     0x34  pbuf.o [1]
  .rodata             const    0x0802ff1c     0x34  tcp.o [1]
  .rodata             const    0x0802ff50     0x34  tcp_out.o [1]
  .rodata             const    0x0802ff84     0x34  tcp_out.o [1]
  .rodata             const    0x0802ffb8     0x30  bsp_lib.o [1]
  .rodata             const    0x0802ffe8     0x30  httpd.o [1]
  .rodata             const    0x08030018     0x30  httpd.o [1]
  .rodata             const    0x08030048     0x30  ip.o [1]
  .rodata             const    0x08030078     0x30  ip_addr.o [1]
  .rodata             const    0x080300a8     0x30  pbuf.o [1]
  .rodata             const    0x080300d8     0x30  pbuf.o [1]
  .rodata             const    0x08030108     0x30  pbuf.o [1]
  .rodata             const    0x08030138     0x30  pbuf.o [1]
  .rodata             const    0x08030168     0x30  sys_arch.o [1]
  .rodata             const    0x08030198     0x30  tcp.o [1]
  .rodata             const    0x080301c8     0x30  tcp.o [1]
  .rodata             const    0x080301f8     0x30  tcp_in.o [1]
  .rodata             const    0x08030228     0x30  tcp_out.o [1]
  .rodata             const    0x08030258     0x30  tcp_out.o [1]
  .rodata             const    0x08030288     0x2c  config.o [1]
  .rodata             const    0x080302b4     0x2c  config.o [1]
  .rodata             const    0x080302e0     0x2c  config.o [1]
  .rodata             const    0x0803030c     0x2c  config.o [1]
  .rodata             const    0x08030338     0x2c  config.o [1]
  .rodata             const    0x08030364     0x2c  config.o [1]
  .rodata             const    0x08030390     0x2c  config.o [1]
  .rodata             const    0x080303bc     0x2c  config.o [1]
  .rodata             const    0x080303e8     0x2c  etharp.o [1]
  .rodata             const    0x08030414     0x2c  etharp.o [1]
  .rodata             const    0x08030440     0x2c  httpd.o [1]
  .rodata             const    0x0803046c     0x2c  httpd.o [1]
  .rodata             const    0x08030498     0x2c  httpd.o [1]
  .rodata             const    0x080304c4     0x2c  icmp.o [1]
  .rodata             const    0x080304f0     0x2c  icmp.o [1]
  .rodata             const    0x0803051c     0x2c  igmp.o [1]
  .rodata             const    0x08030548     0x2c  ip.o [1]
  .rodata             const    0x08030574     0x2c  pbuf.o [1]
  .rodata             const    0x080305a0     0x2c  pbuf.o [1]
  .rodata             const    0x080305cc     0x2c  sys_arch.o [1]
  .rodata             const    0x080305f8     0x2c  sys_arch.o [1]
  .rodata             const    0x08030624     0x2c  tcp.o [1]
  .rodata             const    0x08030650     0x2c  tcp.o [1]
  .rodata             const    0x0803067c     0x2c  tcp.o [1]
  .rodata             const    0x080306a8     0x2c  tcp.o [1]
  .rodata             const    0x080306d4     0x2c  tcp_in.o [1]
  .rodata             const    0x08030700     0x2c  tcp_in.o [1]
  .rodata             const    0x0803072c     0x2c  tcp_in.o [1]
  .rodata             const    0x08030758     0x2c  tcp_in.o [1]
  .rodata             const    0x08030784     0x2c  tcp_out.o [1]
  .rodata             const    0x080307b0     0x2c  tcp_out.o [1]
  .text               ro code  0x080307dc     0x2c  data_init3.o [4]
  .rodata             const    0x08030808     0x28  bsp_lib.o [1]
  .rodata             const    0x08030830     0x28  config.o [1]
  .rodata             const    0x08030858     0x28  config.o [1]
  .rodata             const    0x08030880     0x28  config.o [1]
  .rodata             const    0x080308a8     0x28  etharp.o [1]
  .rodata             const    0x080308d0     0x28  etharp.o [1]
  .rodata             const    0x080308f8     0x28  etharp.o [1]
  .rodata             const    0x08030920     0x28  httpd.o [1]
  .rodata             const    0x08030948     0x28  httpd.o [1]
  .rodata             const    0x08030970     0x28  icmp.o [1]
  .rodata             const    0x08030998     0x28  icmp.o [1]
  .rodata             const    0x080309c0     0x28  igmp.o [1]
  .rodata             const    0x080309e8     0x28  ip.o [1]
  .rodata             const    0x08030a10     0x28  ip_addr.o [1]
  .rodata             const    0x08030a38     0x28  memp.o [1]
  .rodata             const    0x08030a60     0x28  memp.o [1]
  .rodata             const    0x08030a88     0x28  netif.o [1]
  .rodata             const    0x08030ab0     0x28  netif.o [1]
  .rodata             const    0x08030ad8     0x28  pbuf.o [1]
  .rodata             const    0x08030b00     0x28  pbuf.o [1]
  .rodata             const    0x08030b28     0x28  sys_arch.o [1]
  .rodata             const    0x08030b50     0x28  tcp.o [1]
  .rodata             const    0x08030b78     0x28  tcp.o [1]
  .rodata             const    0x08030ba0     0x28  tcp.o [1]
  .rodata             const    0x08030bc8     0x28  tcp.o [1]
  .rodata             const    0x08030bf0     0x28  tcp.o [1]
  .rodata             const    0x08030c18     0x28  tcp_in.o [1]
  .rodata             const    0x08030c40     0x28  tcp_in.o [1]
  .rodata             const    0x08030c68     0x28  tcp_in.o [1]
  .rodata             const    0x08030c90     0x28  tcp_in.o [1]
  .rodata             const    0x08030cb8     0x28  tcp_out.o [1]
  .rodata             const    0x08030ce0     0x28  tcp_out.o [1]
  .rodata             const    0x08030d08     0x28  tcpip.o [1]
  .rodata             const    0x08030d30     0x28  tcpip.o [1]
  .rodata             const    0x08030d58     0x28  udp.o [1]
  .rodata             const    0x08030d80     0x28  udp.o [1]
  .text               ro code  0x08030da8     0x28  putchar.o [3]
  .text               ro code  0x08030dd0     0x10  write.o [5]
  .text               ro code  0x08030de0     0x1e  dwrite.o [5]
  .text               ro code  0x08030dfe     0x20  iarwstd.o [5]
  .text               ro code  0x08030e1e     0x22  iarwrite.o [5]
  .rodata             const    0x08030e40     0x24  bsp_lib.o [1]
  .rodata             const    0x08030e64     0x24  etharp.o [1]
  .rodata             const    0x08030e88     0x24  httpd.o [1]
  .rodata             const    0x08030eac     0x24  httpd.o [1]
  .rodata             const    0x08030ed0     0x24  httpd.o [1]
  .rodata             const    0x08030ef4     0x24  icmp.o [1]
  .rodata             const    0x08030f18     0x24  memp.o [1]
  .rodata             const    0x08030f3c     0x24  pbuf.o [1]
  .rodata             const    0x08030f60     0x24  sys_arch.o [1]
  .rodata             const    0x08030f84     0x24  tcp.o [1]
  .rodata             const    0x08030fa8     0x24  tcp.o [1]
  .rodata             const    0x08030fcc     0x24  tcpip.o [1]
  .iar.init_table     const    0x08030ff0     0x2c  - Linker created -
  .rodata             const    0x0803101c     0x20  bsp_lib.o [1]
  .rodata             const    0x0803103c     0x20  config.o [1]
  .rodata             const    0x0803105c     0x20  config.o [1]
  .rodata             const    0x0803107c     0x20  httpd.o [1]
  .rodata             const    0x0803109c     0x20  httpd.o [1]
  .rodata             const    0x080310bc     0x20  httpd.o [1]
  .rodata             const    0x080310dc     0x20  httpd.o [1]
  .rodata             const    0x080310fc     0x20  httpd.o [1]
  .rodata             const    0x0803111c     0x20  httpd.o [1]
  .rodata             const    0x0803113c     0x20  httpd.o [1]
  .rodata             const    0x0803115c     0x20  httpd.o [1]
  .rodata             const    0x0803117c     0x20  httpd.o [1]
  .rodata             const    0x0803119c     0x20  memp.o [1]
  .rodata             const    0x080311bc     0x20  memp.o [1]
  .rodata             const    0x080311dc     0x20  pbuf.o [1]
  .rodata             const    0x080311fc     0x20  pbuf.o [1]
  .rodata             const    0x0803121c     0x20  tcp_in.o [1]
  .rodata             const    0x0803123c     0x20  tcp_in.o [1]
  .rodata             const    0x0803125c     0x20  tcp_in.o [1]
  .rodata             const    0x0803127c     0x20  tcp_out.o [1]
  .rodata             const    0x0803129c     0x20  tcp_out.o [1]
  .rodata             const    0x080312bc     0x20  tcp_out.o [1]
  .rodata             const    0x080312dc     0x20  tcpip.o [1]
  .rodata             const    0x080312fc     0x1c  bsp_lib.o [1]
  .rodata             const    0x08031318     0x1c  etharp.o [1]
  .rodata             const    0x08031334     0x1c  httpd.o [1]
  .rodata             const    0x08031350     0x1c  httpd.o [1]
  .rodata             const    0x0803136c     0x1c  httpd.o [1]
  .rodata             const    0x08031388     0x1c  httpd.o [1]
  .rodata             const    0x080313a4     0x1c  httpd.o [1]
  .rodata             const    0x080313c0     0x1c  httpd.o [1]
  .rodata             const    0x080313dc     0x1c  httpd.o [1]
  .rodata             const    0x080313f8     0x1c  httpd.o [1]
  .rodata             const    0x08031414     0x1c  httpd.o [1]
  .rodata             const    0x08031430     0x1c  httpd.o [1]
  .rodata             const    0x0803144c     0x1c  httpd.o [1]
  .rodata             const    0x08031468     0x1c  memp.o [1]
  .rodata             const    0x08031484     0x1c  memp.o [1]
  .rodata             const    0x080314a0     0x1c  os_int.o [1]
  .rodata             const    0x080314bc     0x1c  pbuf.o [1]
  .rodata             const    0x080314d8     0x1c  pbuf.o [1]
  .rodata             const    0x080314f4     0x1c  pbuf.o [1]
  .rodata             const    0x08031510     0x1c  pbuf.o [1]
  .rodata             const    0x0803152c     0x1c  pbuf.o [1]
  .rodata             const    0x08031548     0x1c  tcp.o [1]
  .rodata             const    0x08031564     0x1c  tcp.o [1]
  .rodata             const    0x08031580     0x1c  tcp.o [1]
  .rodata             const    0x0803159c     0x1c  tcp_in.o [1]
  .rodata             const    0x080315b8     0x18  etharp.o [1]
  .rodata             const    0x080315d0     0x18  httpd.o [1]
  .rodata             const    0x080315e8     0x18  httpd.o [1]
  .rodata             const    0x08031600     0x18  httpd.o [1]
  .rodata             const    0x08031618     0x18  netif.o [1]
  .rodata             const    0x08031630     0x18  os_tmr.o [1]
  .rodata             const    0x08031648     0x18  pbuf.o [1]
  .rodata             const    0x08031660     0x18  pbuf.o [1]
  .rodata             const    0x08031678     0x18  pbuf.o [1]
  .rodata             const    0x08031690     0x18  pbuf.o [1]
  .rodata             const    0x080316a8     0x18  pbuf.o [1]
  .rodata             const    0x080316c0     0x18  tcp.o [1]
  .rodata             const    0x080316d8     0x18  tcp_in.o [1]
  .rodata             const    0x080316f0     0x18  tcp_out.o [1]
  .rodata             const    0x08031708     0x18  tcp_out.o [1]
  .text               ro code  0x08031720     0x16  cmain.o [4]
  .text               ro code  0x08031736      0x4  low_level_init.o [3]
  .text               ro code  0x0803173a      0x4  exit.o [3]
  .rodata             const    0x0803173e      0x2  os_cfg_app.o [1]
  .text               ro code  0x08031740      0xe  cexit.o [4]
  .rodata             const    0x0803174e      0x2  os_dbg.o [1]
  .text               ro code  0x08031750     0x14  exit.o [5]
  .text               ro code  0x08031764     0x16  xprout.o [3]
  .rodata             const    0x0803177a      0x2  os_dbg.o [1]
  .rodata             const    0x0803177c     0x14  config.o [1]
  .rodata             const    0x08031790     0x14  config.o [1]
  .rodata             const    0x080317a4     0x14  etharp.o [1]
  .rodata             const    0x080317b8     0x14  fs.o [1]
  .rodata             const    0x080317cc     0x14  fs.o [1]
  .rodata             const    0x080317e0     0x14  fs.o [1]
  .rodata             const    0x080317f4     0x14  fs.o [1]
  .rodata             const    0x08031808     0x14  fs.o [1]
  .rodata             const    0x0803181c     0x14  fs.o [1]
  .rodata             const    0x08031830     0x14  fs.o [1]
  .rodata             const    0x08031844     0x14  fs.o [1]
  .rodata             const    0x08031858     0x14  fs.o [1]
  .rodata             const    0x0803186c     0x14  fs.o [1]
  .rodata             const    0x08031880     0x14  fs.o [1]
  .rodata             const    0x08031894     0x14  fs.o [1]
  .rodata             const    0x080318a8     0x14  fs.o [1]
  .rodata             const    0x080318bc     0x14  fs.o [1]
  .rodata             const    0x080318d0     0x14  fs.o [1]
  .rodata             const    0x080318e4     0x14  fs.o [1]
  .rodata             const    0x080318f8     0x14  fs.o [1]
  .rodata             const    0x0803190c     0x14  fs.o [1]
  .rodata             const    0x08031920     0x14  fs.o [1]
  .rodata             const    0x08031934     0x14  fs.o [1]
  .rodata             const    0x08031948     0x14  fs.o [1]
  .rodata             const    0x0803195c     0x14  fs.o [1]
  .rodata             const    0x08031970     0x14  fs.o [1]
  .rodata             const    0x08031984     0x14  fs.o [1]
  .rodata             const    0x08031998     0x14  fs.o [1]
  .rodata             const    0x080319ac     0x14  fs.o [1]
  .rodata             const    0x080319c0     0x14  fs.o [1]
  .rodata             const    0x080319d4     0x14  fs.o [1]
  .rodata             const    0x080319e8     0x14  fs.o [1]
  .rodata             const    0x080319fc     0x14  httpd.o [1]
  .rodata             const    0x08031a10     0x14  httpd.o [1]
  .rodata             const    0x08031a24     0x14  httpd.o [1]
  .rodata             const    0x08031a38     0x14  httpd.o [1]
  .rodata             const    0x08031a4c     0x14  httpd.o [1]
  .rodata             const    0x08031a60     0x14  os_core.o [1]
  .rodata             const    0x08031a74     0x14  os_stat.o [1]
  .rodata             const    0x08031a88     0x14  os_tick.o [1]
  .rodata             const    0x08031a9c     0x14  pbuf.o [1]
  .rodata             const    0x08031ab0     0x14  pbuf.o [1]
  .rodata             const    0x08031ac4     0x14  tcp_in.o [1]
  .rodata             const    0x08031ad8     0x14  tcp_in.o [1]
  .rodata             const    0x08031aec     0x14  tcp_out.o [1]
  .rodata             const    0x08031b00     0x14  tcp_out.o [1]
  .rodata             const    0x08031b14     0x14  udp.o [1]
  .rodata             const    0x08031b28     0x14  udp.o [1]
  .rodata             const    0x08031b3c     0x14  ustdlib.o [1]
  .rodata             const    0x08031b50     0x10  app.o [1]
  .rodata             const    0x08031b60     0x10  config.o [1]
  .rodata             const    0x08031b70     0x10  config.o [1]
  .rodata             const    0x08031b80     0x10  config.o [1]
  .rodata             const    0x08031b90     0x10  config.o [1]
  .rodata             const    0x08031ba0     0x10  config.o [1]
  .rodata             const    0x08031bb0     0x10  config.o [1]
  .rodata             const    0x08031bc0     0x10  config.o [1]
  .rodata             const    0x08031bd0     0x10  config.o [1]
  .rodata             const    0x08031be0     0x10  config.o [1]
  .rodata             const    0x08031bf0     0x10  config.o [1]
  .rodata             const    0x08031c00     0x10  config.o [1]
  .rodata             const    0x08031c10     0x10  config.o [1]
  .rodata             const    0x08031c20     0x10  config.o [1]
  .rodata             const    0x08031c30     0x10  config.o [1]
  .rodata             const    0x08031c40     0x10  control_main.o [1]
  .rodata             const    0x08031c50     0x10  etharp.o [1]
  .rodata             const    0x08031c60     0x10  etharp.o [1]
  .rodata             const    0x08031c70     0x10  etharp.o [1]
  .rodata             const    0x08031c80     0x10  httpd.o [1]
  .rodata             const    0x08031c90     0x10  httpd.o [1]
  .rodata             const    0x08031ca0     0x10  httpd.o [1]
  .rodata             const    0x08031cb0     0x10  httpd.o [1]
  .rodata             const    0x08031cc0     0x10  httpd.o [1]
  .rodata             const    0x08031cd0     0x10  lwip.o [1]
  .rodata             const    0x08031ce0     0x10  pbuf.o [1]
  .rodata             const    0x08031cf0     0x10  pbuf.o [1]
  .rodata             const    0x08031d00     0x10  pbuf.o [1]
  .rodata             const    0x08031d10     0x10  sys_arch.o [1]
  .rodata             const    0x08031d20     0x10  tcp.o [1]
  .rodata             const    0x08031d30     0x10  tcp.o [1]
  .rodata             const    0x08031d40     0x10  tcp_in.o [1]
  .rodata             const    0x08031d50     0x10  tcp_in.o [1]
  .rodata             const    0x08031d60     0x10  tcp_in.o [1]
  .rodata             const    0x08031d70     0x10  tcp_out.o [1]
  .rodata             const    0x08031d80     0x10  tcpip.o [1]
  .rodata             const    0x08031d90      0xc  config.o [1]
  .rodata             const    0x08031d9c      0xc  config.o [1]
  .rodata             const    0x08031da8      0xc  config.o [1]
  .rodata             const    0x08031db4      0xc  config.o [1]
  .rodata             const    0x08031dc0      0xc  config.o [1]
  .rodata             const    0x08031dcc      0xc  config.o [1]
  .rodata             const    0x08031dd8      0xc  config.o [1]
  .rodata             const    0x08031de4      0xc  config.o [1]
  .rodata             const    0x08031df0      0xc  config.o [1]
  .rodata             const    0x08031dfc      0xc  config.o [1]
  .rodata             const    0x08031e08      0xc  config.o [1]
  .rodata             const    0x08031e14      0xc  config.o [1]
  .rodata             const    0x08031e20      0xc  config.o [1]
  .rodata             const    0x08031e2c      0xc  config.o [1]
  .rodata             const    0x08031e38      0xc  config.o [1]
  .rodata             const    0x08031e44      0xc  config.o [1]
  .rodata             const    0x08031e50      0xc  config.o [1]
  .rodata             const    0x08031e5c      0xc  config.o [1]
  .rodata             const    0x08031e68      0xc  config.o [1]
  .rodata             const    0x08031e74      0xc  config.o [1]
  .rodata             const    0x08031e80      0xc  config.o [1]
  .rodata             const    0x08031e8c      0xc  config.o [1]
  .rodata             const    0x08031e98      0xc  etharp.o [1]
  .rodata             const    0x08031ea4      0xc  httpd.o [1]
  .rodata             const    0x08031eb0      0xc  httpd.o [1]
  .rodata             const    0x08031ebc      0xc  httpd.o [1]
  .rodata             const    0x08031ec8      0xc  httpd.o [1]
  .rodata             const    0x08031ed4      0xc  httpd.o [1]
  .rodata             const    0x08031ee0      0xc  httpd.o [1]
  .rodata             const    0x08031eec      0xc  httpd.o [1]
  .rodata             const    0x08031ef8      0xc  httpd.o [1]
  .rodata             const    0x08031f04      0xc  httpd.o [1]
  .rodata             const    0x08031f10      0xc  ip.o [1]
  .rodata             const    0x08031f1c      0xc  ip_addr.o [1]
  .rodata             const    0x08031f28      0xc  lwip.o [1]
  .rodata             const    0x08031f34      0xc  pbuf.o [1]
  .rodata             const    0x08031f40      0xc  sys_arch.o [1]
  .rodata             const    0x08031f4c      0xc  sys_arch.o [1]
  .text               ro code  0x08031f58      0xc  app_vect.o [1]
  .text               ro code  0x08031f64      0xc  cstartup_M.o [4]
  .rodata             const    0x08031f70      0x8  config.o [1]
  .rodata             const    0x08031f78      0x8  config.o [1]
  .rodata             const    0x08031f80      0x8  config.o [1]
  .rodata             const    0x08031f88      0x8  config.o [1]
  .rodata             const    0x08031f90      0x8  config.o [1]
  .rodata             const    0x08031f98      0x8  config.o [1]
  .rodata             const    0x08031fa0      0x8  config.o [1]
  .rodata             const    0x08031fa8      0x8  config.o [1]
  .rodata             const    0x08031fb0      0x8  config.o [1]
  .rodata             const    0x08031fb8      0x8  config.o [1]
  .rodata             const    0x08031fc0      0x8  config.o [1]
  .rodata             const    0x08031fc8      0x8  config.o [1]
  .rodata             const    0x08031fd0      0x8  config.o [1]
  .rodata             const    0x08031fd8      0x8  config.o [1]
  .rodata             const    0x08031fe0      0x8  config.o [1]
  .rodata             const    0x08031fe8      0x8  config.o [1]
  .rodata             const    0x08031ff0      0x8  config.o [1]
  .rodata             const    0x08031ff8      0x8  config.o [1]
  .rodata             const    0x08032000      0x8  config.o [1]
  .rodata             const    0x08032008      0x8  config.o [1]
  .rodata             const    0x08032010      0x8  config.o [1]
  .rodata             const    0x08032018      0x8  config.o [1]
  .rodata             const    0x08032020      0x8  config.o [1]
  .rodata             const    0x08032028      0x8  config.o [1]
  .rodata             const    0x08032030      0x8  config.o [1]
  .rodata             const    0x08032038      0x8  config.o [1]
  .rodata             const    0x08032040      0x8  config.o [1]
  .rodata             const    0x08032048      0x8  config.o [1]
  .rodata             const    0x08032050      0x8  config.o [1]
  .rodata             const    0x08032058      0x8  config.o [1]
  .rodata             const    0x08032060      0x8  config.o [1]
  .rodata             const    0x08032068      0x8  config.o [1]
  .rodata             const    0x08032070      0x8  config.o [1]
  .rodata             const    0x08032078      0x8  config.o [1]
  .rodata             const    0x08032080      0x8  config.o [1]
  .rodata             const    0x08032088      0x8  config.o [1]
  .rodata             const    0x08032090      0x8  config.o [1]
  .rodata             const    0x08032098      0x8  config.o [1]
  .rodata             const    0x080320a0      0x8  config.o [1]
  .rodata             const    0x080320a8      0x8  config.o [1]
  .rodata             const    0x080320b0      0x8  config.o [1]
  .rodata             const    0x080320b8      0x8  config.o [1]
  .rodata             const    0x080320c0      0x8  config.o [1]
  .rodata             const    0x080320c8      0x8  config.o [1]
  .rodata             const    0x080320d0      0x8  config.o [1]
  .rodata             const    0x080320d8      0x8  config.o [1]
  .rodata             const    0x080320e0      0x8  config.o [1]
  .rodata             const    0x080320e8      0x8  config.o [1]
  .rodata             const    0x080320f0      0x8  config.o [1]
  .rodata             const    0x080320f8      0x8  config.o [1]
  .rodata             const    0x08032100      0x8  config.o [1]
  .rodata             const    0x08032108      0x8  config.o [1]
  .rodata             const    0x08032110      0x8  config.o [1]
  .rodata             const    0x08032118      0x8  config.o [1]
  .rodata             const    0x08032120      0x8  config.o [1]
  .rodata             const    0x08032128      0x8  config.o [1]
  .rodata             const    0x08032130      0x8  config.o [1]
  .rodata             const    0x08032138      0x8  config.o [1]
  .rodata             const    0x08032140      0x8  config.o [1]
  .rodata             const    0x08032148      0x8  config.o [1]
  .rodata             const    0x08032150      0x8  config.o [1]
  .rodata             const    0x08032158      0x8  config.o [1]
  .rodata             const    0x08032160      0x8  config.o [1]
  .rodata             const    0x08032168      0x8  config.o [1]
  .rodata             const    0x08032170      0x8  config.o [1]
  .rodata             const    0x08032178      0x8  config.o [1]
  .rodata             const    0x08032180      0x8  config.o [1]
  .rodata             const    0x08032188      0x8  config.o [1]
  .rodata             const    0x08032190      0x8  config.o [1]
  .rodata             const    0x08032198      0x8  config.o [1]
  .rodata             const    0x080321a0      0x8  config.o [1]
  .rodata             const    0x080321a8      0x8  config.o [1]
  .rodata             const    0x080321b0      0x8  config.o [1]
  .rodata             const    0x080321b8      0x8  config.o [1]
  .rodata             const    0x080321c0      0x8  config.o [1]
  .rodata             const    0x080321c8      0x8  config.o [1]
  .rodata             const    0x080321d0      0x8  config.o [1]
  .rodata             const    0x080321d8      0x8  config.o [1]
  .rodata             const    0x080321e0      0x8  config.o [1]
  .rodata             const    0x080321e8      0x8  config.o [1]
  .rodata             const    0x080321f0      0x8  etharp.o [1]
  .rodata             const    0x080321f8      0x8  etharp.o [1]
  .rodata             const    0x08032200      0x8  httpd.o [1]
  .rodata             const    0x08032208      0x8  httpd.o [1]
  .rodata             const    0x08032210      0x8  httpd.o [1]
  .rodata             const    0x08032218      0x8  httpd.o [1]
  .rodata             const    0x08032220      0x8  httpd.o [1]
  .rodata             const    0x08032228      0x8  httpd.o [1]
  .rodata             const    0x08032230      0x8  httpd.o [1]
  .rodata             const    0x08032238      0x8  httpd.o [1]
  .rodata             const    0x08032240      0x8  httpd.o [1]
  .rodata             const    0x08032248      0x8  httpd.o [1]
  .rodata             const    0x08032250      0x8  httpd.o [1]
  .rodata             const    0x08032258      0x8  httpd.o [1]
  .rodata             const    0x08032260      0x8  lwip.o [1]
  .rodata             const    0x08032268      0x8  os_task.o [1]
  .rodata             const    0x08032270      0x8  tcp.o [1]
  .rodata             const    0x08032278      0x8  ustdlib.o [1]
  .rodata             const    0x08032280      0x8  web_main.o [1]
  .rodata             const    0x08032288      0x4  config.o [1]
  .rodata             const    0x0803228c      0x4  config.o [1]
  .rodata             const    0x08032290      0x4  config.o [1]
  .rodata             const    0x08032294      0x4  config.o [1]
  .rodata             const    0x08032298      0x4  config.o [1]
  .rodata             const    0x0803229c      0x4  config.o [1]
  .rodata             const    0x080322a0      0x4  config.o [1]
  .rodata             const    0x080322a4      0x4  config.o [1]
  .rodata             const    0x080322a8      0x4  httpd.o [1]
  .rodata             const    0x080322ac      0x4  httpd.o [1]
  .rodata             const    0x080322b0      0x4  httpd.o [1]
  .rodata             const    0x080322b4      0x4  httpd.o [1]
  .rodata             const    0x080322b8      0x4  httpd.o [1]
  .rodata             const    0x080322bc      0x4  httpd.o [1]
  .rodata             const    0x080322c0      0x4  httpd.o [1]
  .rodata             const    0x080322c4      0x4  httpd.o [1]
  .rodata             const    0x080322c8      0x4  httpd.o [1]
  .rodata             const    0x080322cc      0x4  httpd.o [1]
  .rodata             const    0x080322d0      0x4  httpd.o [1]
  .rodata             const    0x080322d4      0x4  httpd.o [1]
  .rodata             const    0x080322d8      0x4  httpd.o [1]
  .rodata             const    0x080322dc      0x4  httpd.o [1]
  .rodata             const    0x080322e0      0x4  httpd.o [1]
  .rodata             const    0x080322e4      0x4  httpd.o [1]
  .rodata             const    0x080322e8      0x4  ip_addr.o [1]
  .rodata             const    0x080322ec      0x4  os_cfg_app.o [1]
  .rodata             const    0x080322f0      0x4  os_cfg_app.o [1]
  .rodata             const    0x080322f4      0x4  os_cfg_app.o [1]
  .rodata             const    0x080322f8      0x4  os_cfg_app.o [1]
  .rodata             const    0x080322fc      0x4  os_cfg_app.o [1]
  .rodata             const    0x08032300      0x4  os_cfg_app.o [1]
  .rodata             const    0x08032304      0x4  os_cfg_app.o [1]
  .rodata             const    0x08032308      0x4  os_cfg_app.o [1]
  .rodata             const    0x0803230c      0x4  os_cfg_app.o [1]
  .rodata             const    0x08032310      0x4  os_cfg_app.o [1]
  .rodata             const    0x08032314      0x4  os_cfg_app.o [1]
  .rodata             const    0x08032318      0x4  os_cfg_app.o [1]
  .rodata             const    0x0803231c      0x4  os_cfg_app.o [1]
  .rodata             const    0x08032320      0x4  os_cfg_app.o [1]
  .rodata             const    0x08032324      0x4  os_cfg_app.o [1]
  .rodata             const    0x08032328      0x4  os_cfg_app.o [1]
  .rodata             const    0x0803232c      0x4  os_cfg_app.o [1]
  .rodata             const    0x08032330      0x4  os_cfg_app.o [1]
  .rodata             const    0x08032334      0x4  os_cfg_app.o [1]
  .rodata             const    0x08032338      0x4  os_cfg_app.o [1]
  .rodata             const    0x0803233c      0x4  os_cfg_app.o [1]
  .rodata             const    0x08032340      0x4  os_cfg_app.o [1]
  .rodata             const    0x08032344      0x4  os_cfg_app.o [1]
  .rodata             const    0x08032348      0x4  os_cfg_app.o [1]
  .rodata             const    0x0803234c      0x4  os_cfg_app.o [1]
  .rodata             const    0x08032350      0x4  os_cfg_app.o [1]
  .rodata             const    0x08032354      0x4  os_cfg_app.o [1]
  .rodata             const    0x08032358      0x4  os_cfg_app.o [1]
  .rodata             const    0x0803235c      0x4  os_cfg_app.o [1]
  .rodata             const    0x08032360      0x4  os_cfg_app.o [1]
  .rodata             const    0x08032364      0x4  os_cfg_app.o [1]
  .rodata             const    0x08032368      0x4  os_cfg_app.o [1]
  .rodata             const    0x0803236c      0x4  os_cfg_app.o [1]
  .rodata             const    0x08032370      0x4  os_cfg_app.o [1]
  .rodata             const    0x08032374      0x4  os_cfg_app.o [1]
  .rodata             const    0x08032378      0x4  os_cfg_app.o [1]
  .rodata             const    0x0803237c      0x4  os_cfg_app.o [1]
  .rodata             const    0x08032380      0x4  os_cfg_app.o [1]
  .rodata             const    0x08032384      0x4  os_cfg_app.o [1]
  .rodata             const    0x08032388      0x4  os_cfg_app.o [1]
  .rodata             const    0x0803238c      0x4  os_cfg_app.o [1]
  .rodata             const    0x08032390      0x4  os_dbg.o [1]
  .rodata             const    0x08032394      0x4  os_dbg.o [1]
  .rodata             const    0x08032398      0x4  os_dbg.o [1]
  .rodata             const    0x0803239c      0x4  sys_arch.o [1]
  .rodata             const    0x080323a0      0x4  ustdlib.o [1]
  .rodata             const    0x080323a4      0x2  os_dbg.o [1]
  .rodata             const    0x080323a6      0x2  os_dbg.o [1]
  .rodata             const    0x080323a8      0x2  os_dbg.o [1]
  .rodata             const    0x080323aa      0x2  os_dbg.o [1]
  .rodata             const    0x080323ac      0x2  os_dbg.o [1]
  .rodata             const    0x080323ae      0x2  os_dbg.o [1]
  .rodata             const    0x080323b0      0x2  os_dbg.o [1]
  .rodata             const    0x080323b2      0x2  os_dbg.o [1]
  .rodata             const    0x080323b4      0x2  os_dbg.o [1]
  .rodata             const    0x080323b6      0x2  os_dbg.o [1]
  .rodata             const    0x080323b8      0x2  os_dbg.o [1]
  .rodata             const    0x080323ba      0x2  os_dbg.o [1]
  .rodata             const    0x080323bc      0x2  os_dbg.o [1]
  .rodata             const    0x080323be      0x2  os_dbg.o [1]
  .rodata             const    0x080323c0      0x2  os_dbg.o [1]
  .rodata             const    0x080323c2      0x2  os_dbg.o [1]
  .rodata             const    0x080323c4      0x2  os_dbg.o [1]
  .rodata             const    0x080323c6      0x2  os_dbg.o [1]
  .rodata             const    0x080323c8      0x2  os_dbg.o [1]
  .rodata             const    0x080323ca      0x2  os_dbg.o [1]
  .rodata             const    0x080323cc      0x2  os_dbg.o [1]
  .rodata             const    0x080323ce      0x2  os_dbg.o [1]
  .rodata             const    0x080323d0      0x1  os_cfg_app.o [1]
  .rodata             const    0x080323d1      0x1  os_cfg_app.o [1]
  .rodata             const    0x080323d2      0x1  os_cfg_app.o [1]
  .rodata             const    0x080323d3      0x1  os_dbg.o [1]
  .rodata             const    0x080323d4      0x1  os_dbg.o [1]
  .rodata             const    0x080323d5      0x1  os_dbg.o [1]
  .rodata             const    0x080323d6      0x1  os_dbg.o [1]
  .rodata             const    0x080323d7      0x1  os_dbg.o [1]
  .rodata             const    0x080323d8      0x1  os_dbg.o [1]
  .rodata             const    0x080323d9      0x1  os_dbg.o [1]
  .rodata             const    0x080323da      0x1  os_dbg.o [1]
  .rodata             const    0x080323db      0x1  os_dbg.o [1]
  .rodata             const    0x080323dc      0x1  os_dbg.o [1]
  .rodata             const    0x080323dd      0x1  os_dbg.o [1]
  .rodata             const    0x080323de      0x1  os_dbg.o [1]
  .rodata             const    0x080323df      0x1  os_dbg.o [1]
  .rodata             const    0x080323e0      0x1  os_dbg.o [1]
  .rodata             const    0x080323e1      0x1  os_dbg.o [1]
  .rodata             const    0x080323e2      0x1  os_dbg.o [1]
  .rodata             const    0x080323e3      0x1  os_dbg.o [1]
  .rodata             const    0x080323e4      0x1  os_dbg.o [1]
  .rodata             const    0x080323e5      0x1  os_dbg.o [1]
  .rodata             const    0x080323e6      0x1  os_dbg.o [1]
  .rodata             const    0x080323e7      0x1  os_dbg.o [1]
  .rodata             const    0x080323e8      0x1  os_dbg.o [1]
  .rodata             const    0x080323e9      0x1  os_dbg.o [1]
  .rodata             const    0x080323ea      0x1  os_dbg.o [1]
  .rodata             const    0x080323eb      0x1  os_dbg.o [1]
  .rodata             const    0x080323ec      0x1  os_dbg.o [1]
  .rodata             const    0x080323ed      0x1  os_dbg.o [1]
  .rodata             const    0x080323ee      0x1  os_dbg.o [1]
  .rodata             const    0x080323ef      0x1  os_dbg.o [1]
  .rodata             const    0x080323f0      0x1  os_dbg.o [1]
  .rodata             const    0x080323f1      0x1  os_dbg.o [1]
  .rodata             const    0x080323f2      0x1  os_dbg.o [1]
  .rodata             const    0x080323f3      0x1  os_dbg.o [1]
  .rodata             const    0x080323f4      0x1  os_dbg.o [1]
  .rodata             const    0x080323f5      0x1  os_dbg.o [1]
  .rodata             const    0x080323f6      0x1  os_dbg.o [1]
  .rodata             const    0x080323f7      0x1  os_dbg.o [1]
  .rodata             const    0x080323f8      0x1  os_dbg.o [1]
  .text               ro code  0x080323fc      0x0  cstart_clearlocks.o [4]
  .rodata             const    0x080323fc      0x0  bwt_init3c.o [4]
  Initializer bytes   ro data  0x080323fc    0x23d  <for P4 s0>
                             - 0x08032639  0x324b5

"P3":                                       0x1000
  CSTACK                       0x10000000   0x1000  <Block>
    CSTACK            uninit   0x10000000   0x1000  <Block tail>
                             - 0x10001000   0x1000

"P4", part 1 of 3:                           0x4c0
  P4 s0                        0x20000000    0x4be  <Init block>
    .data             inited   0x20000000    0x210  fs.o [1]
    .data             inited   0x20000210    0x100  config.o [1]
    __DLIB_PERTHREAD  inited   0x20000310     0x8c  rand.o [3]
    .data             inited   0x2000039c     0x88  httpd.o [1]
    .data             inited   0x20000424     0x68  httpd.o [1]
    .data             inited   0x2000048c     0x10  httpd.o [1]
    .data             inited   0x2000049c     0x10  stm32f4xx_rcc.o [1]
    .data             inited   0x200004ac      0x8  XShttio.o [3]
    .data             inited   0x200004b4      0x4  eeprom.o [1]
    .data             inited   0x200004b8      0x4  tcp.o [1]
    .data             inited   0x200004bc      0x2  tcp.o [1]
                             - 0x200004be    0x4be

"P4", part 2 of 3:                          0xe978
  .bss                zero     0x200004c0   0x5000  sys_arch.o [1]
  .bss                zero     0x200054c0   0x264c  memp.o [1]
  .bss                zero     0x20007b0c   0x1dc4  stm32f4x7_eth.o [1]
  .bss                zero     0x200098d0   0x1dc4  stm32f4x7_eth.o [1]
  .bss                zero     0x2000b694    0x640  os_cfg_app.o [1]
  .bss                zero     0x2000bcd4    0x400  httpd.o [1]
  .bss                zero     0x2000c0d4     0x3c  lwip.o [1]
  .bss                zero     0x2000c110    0x3e8  sys_arch.o [1]
  .bss                zero     0x2000c4f8    0x300  os_var.o [1]
  .bss                zero     0x2000c7f8    0x200  app.o [1]
  .bss                zero     0x2000c9f8    0x200  control_main.o [1]
  .bss                zero     0x2000cbf8    0x200  os_cfg_app.o [1]
  .bss                zero     0x2000cdf8    0x200  os_cfg_app.o [1]
  .bss                zero     0x2000cff8    0x200  os_cfg_app.o [1]
  .bss                zero     0x2000d1f8    0x200  os_cfg_app.o [1]
  .bss                zero     0x2000d3f8    0x200  os_cfg_app.o [1]
  .bss                zero     0x2000d5f8    0x200  os_cfg_app.o [1]
  .bss                zero     0x2000d7f8    0x194  config.o [1]
  .bss                zero     0x2000d98c    0x194  config.o [1]
  .bss                zero     0x2000db20    0x194  config.o [1]
  .bss                zero     0x2000dcb4    0x144  bsp_int.o [1]
  .bss                zero     0x2000ddf8    0x140  os_cfg_app.o [1]
  .bss                zero     0x2000df38     0xf0  fs.o [1]
  .bss                zero     0x2000e028     0xc8  app.o [1]
  .bss                zero     0x2000e0f0     0xc8  control_main.o [1]
  .bss                zero     0x2000e1b8     0xc8  os_var.o [1]
  .bss                zero     0x2000e280     0xc8  os_var.o [1]
  .bss                zero     0x2000e348     0xc8  os_var.o [1]
  .bss                zero     0x2000e410     0xc8  os_var.o [1]
  .bss                zero     0x2000e4d8     0xc8  os_var.o [1]
  .bss                zero     0x2000e5a0     0xc0  etharp.o [1]
  .bss                zero     0x2000e660     0xa0  stm32f4x7_eth.o [1]
  .bss                zero     0x2000e700     0xa0  stm32f4x7_eth.o [1]
  .bss                zero     0x2000e7a0     0x78  os_cfg_app.o [1]
  .bss                zero     0x2000e818     0x78  os_cfg_app.o [1]
  .bss                zero     0x2000e890     0x78  os_cfg_app.o [1]
  .bss                zero     0x2000e908     0x78  os_cfg_app.o [1]
  .bss                zero     0x2000e980     0x78  os_cfg_app.o [1]
  .bss                zero     0x2000e9f8     0x78  os_cfg_app.o [1]
  .bss                zero     0x2000ea70     0x78  os_cfg_app.o [1]
  .bss                zero     0x2000eae8     0x68  os_cfg_app.o [1]
  .bss                zero     0x2000eb50     0x68  os_cfg_app.o [1]
  .bss                zero     0x2000ebb8     0x38  memp.o [1]
  .bss                zero     0x2000ebf0     0x28  tcpip.o [1]
  .bss                zero     0x2000ec18     0x20  lwip.o [1]
  .bss                zero     0x2000ec38     0x18  xsyslock.o [3]
  .bss                zero     0x2000ec50     0x14  sys_arch.o [1]
  .bss                zero     0x2000ec64     0x10  cpu_core.o [1]
  .bss                zero     0x2000ec74     0x10  tcp_in.o [1]
  .bss                zero     0x2000ec84      0xc  stm32f4x7_eth.o [1]
  .bss                zero     0x2000ec90      0x8  config.o [1]
  .bss                zero     0x2000ec98      0x8  os_prio.o [1]
  .bss                zero     0x2000eca0      0x8  os_var.o [1]
  .bss                zero     0x2000eca8      0x8  sys_arch.o [1]
  .bss                zero     0x2000ecb0      0x8  xxmemxmalloc.o [3]
  .bss                zero     0x2000ecb8      0x4  bsp_eth.o [1]
  .bss                zero     0x2000ecbc      0x4  bsp_eth.o [1]
  .bss                zero     0x2000ecc0      0x4  bsp_lib.o [1]
  .bss                zero     0x2000ecc4      0x4  bsp_lib.o [1]
  .bss                zero     0x2000ecc8      0x4  bsp_lib.o [1]
  .bss                zero     0x2000eccc      0x4  config.o [1]
  .bss                zero     0x2000ecd0      0x4  config.o [1]
  .bss                zero     0x2000ecd4      0x4  config.o [1]
  .bss                zero     0x2000ecd8      0x4  config.o [1]
  .bss                zero     0x2000ecdc      0x4  cpu_core.o [1]
  .bss                zero     0x2000ece0      0x4  cpu_core.o [1]
  .bss                zero     0x2000ece4      0x4  cpu_core.o [1]
  .bss                zero     0x2000ece8      0x4  cpu_core.o [1]
  .bss                zero     0x2000ecec      0x4  cpu_core.o [1]
  .bss                zero     0x2000ecf0      0x4  httpd.o [1]
  .bss                zero     0x2000ecf4      0x4  httpd.o [1]
  .bss                zero     0x2000ecf8      0x4  httpd.o [1]
  .bss                zero     0x2000ecfc      0x4  httpd.o [1]
  .bss                zero     0x2000ed00      0x4  httpd.o [1]
  .bss                zero     0x2000ed04      0x4  igmp.o [1]
  .bss                zero     0x2000ed08      0x4  igmp.o [1]
  .bss                zero     0x2000ed0c      0x4  igmp.o [1]
  .bss                zero     0x2000ed10      0x4  ip.o [1]
  .bss                zero     0x2000ed14      0x4  ip.o [1]
  .bss                zero     0x2000ed18      0x4  ip.o [1]
  .bss                zero     0x2000ed1c      0x4  ip.o [1]
  .bss                zero     0x2000ed20      0x4  lwip.o [1]
  .bss                zero     0x2000ed24      0x4  netif.o [1]
  .bss                zero     0x2000ed28      0x4  netif.o [1]
  .bss                zero     0x2000ed2c      0x4  os_var.o [1]
  .bss                zero     0x2000ed30      0x4  os_var.o [1]
  .bss                zero     0x2000ed34      0x4  os_var.o [1]
  .bss                zero     0x2000ed38      0x4  os_var.o [1]
  .bss                zero     0x2000ed3c      0x4  os_var.o [1]
  .bss                zero     0x2000ed40      0x4  os_var.o [1]
  .bss                zero     0x2000ed44      0x4  os_var.o [1]
  .bss                zero     0x2000ed48      0x4  os_var.o [1]
  .bss                zero     0x2000ed4c      0x4  os_var.o [1]
  .bss                zero     0x2000ed50      0x4  os_var.o [1]
  .bss                zero     0x2000ed54      0x4  os_var.o [1]
  .bss                zero     0x2000ed58      0x4  os_var.o [1]
  .bss                zero     0x2000ed5c      0x4  os_var.o [1]
  .bss                zero     0x2000ed60      0x4  os_var.o [1]
  .bss                zero     0x2000ed64      0x4  os_var.o [1]
  .bss                zero     0x2000ed68      0x4  os_var.o [1]
  .bss                zero     0x2000ed6c      0x4  os_var.o [1]
  .bss                zero     0x2000ed70      0x4  os_var.o [1]
  .bss                zero     0x2000ed74      0x4  os_var.o [1]
  .bss                zero     0x2000ed78      0x4  os_var.o [1]
  .bss                zero     0x2000ed7c      0x4  os_var.o [1]
  .bss                zero     0x2000ed80      0x4  os_var.o [1]
  .bss                zero     0x2000ed84      0x4  os_var.o [1]
  .bss                zero     0x2000ed88      0x4  os_var.o [1]
  .bss                zero     0x2000ed8c      0x4  os_var.o [1]
  .bss                zero     0x2000ed90      0x4  os_var.o [1]
  .bss                zero     0x2000ed94      0x4  os_var.o [1]
  .bss                zero     0x2000ed98      0x4  os_var.o [1]
  .bss                zero     0x2000ed9c      0x4  os_var.o [1]
  .bss                zero     0x2000eda0      0x4  os_var.o [1]
  .bss                zero     0x2000eda4      0x4  os_var.o [1]
  .bss                zero     0x2000eda8      0x4  os_var.o [1]
  .bss                zero     0x2000edac      0x4  os_var.o [1]
  .bss                zero     0x2000edb0      0x4  raw.o [1]
  .bss                zero     0x2000edb4      0x4  stm32f4x7_eth.o [1]
  .bss                zero     0x2000edb8      0x4  stm32f4x7_eth.o [1]
  .bss                zero     0x2000edbc      0x4  stm32f4x7_eth.o [1]
  .bss                zero     0x2000edc0      0x4  tcp.o [1]
  .bss                zero     0x2000edc4      0x4  tcp.o [1]
  .bss                zero     0x2000edc8      0x4  tcp.o [1]
  .bss                zero     0x2000edcc      0x4  tcp.o [1]
  .bss                zero     0x2000edd0      0x4  tcp.o [1]
  .bss                zero     0x2000edd4      0x4  tcp.o [1]
  .bss                zero     0x2000edd8      0x4  tcp_in.o [1]
  .bss                zero     0x2000eddc      0x4  tcp_in.o [1]
  .bss                zero     0x2000ede0      0x4  tcp_in.o [1]
  .bss                zero     0x2000ede4      0x4  tcp_in.o [1]
  .bss                zero     0x2000ede8      0x4  tcp_in.o [1]
  .bss                zero     0x2000edec      0x4  tcp_in.o [1]
  .bss                zero     0x2000edf0      0x4  tcpip.o [1]
  .bss                zero     0x2000edf4      0x4  tcpip.o [1]
  .bss                zero     0x2000edf8      0x4  timers.o [1]
  .bss                zero     0x2000edfc      0x4  timers.o [1]
  .bss                zero     0x2000ee00      0x4  udp.o [1]
  .bss                zero     0x2000ee04      0x4  xgetmemchunk.o [3]
  .bss                zero     0x2000ee08      0x2  cpu_core.o [1]
  .bss                zero     0x2000ee0a      0x2  cpu_core.o [1]
  .bss                zero     0x2000ee0c      0x2  eeprom.o [1]
  .bss                zero     0x2000ee0e      0x2  ip.o [1]
  .bss                zero     0x2000ee10      0x2  os_var.o [1]
  .bss                zero     0x2000ee12      0x2  os_var.o [1]
  .bss                zero     0x2000ee14      0x2  os_var.o [1]
  .bss                zero     0x2000ee16      0x2  os_var.o [1]
  .bss                zero     0x2000ee18      0x2  os_var.o [1]
  .bss                zero     0x2000ee1a      0x2  os_var.o [1]
  .bss                zero     0x2000ee1c      0x2  os_var.o [1]
  .bss                zero     0x2000ee1e      0x2  os_var.o [1]
  .bss                zero     0x2000ee20      0x2  tcp_in.o [1]
  .bss                zero     0x2000ee22      0x2  web_main.o [1]
  .bss                zero     0x2000ee24      0x1  bsp_eth.o [1]
  .bss                zero     0x2000ee25      0x1  config.o [1]
  .bss                zero     0x2000ee26      0x1  config.o [1]
  .bss                zero     0x2000ee27      0x1  config.o [1]
  .bss                zero     0x2000ee28      0x1  config.o [1]
  .bss                zero     0x2000ee29      0x1  control.o [1]
  .bss                zero     0x2000ee2a      0x1  etharp.o [1]
  .bss                zero     0x2000ee2b      0x1  netif.o [1]
  .bss                zero     0x2000ee2c      0x1  os_var.o [1]
  .bss                zero     0x2000ee2d      0x1  os_var.o [1]
  .bss                zero     0x2000ee2e      0x1  os_var.o [1]
  .bss                zero     0x2000ee2f      0x1  os_var.o [1]
  .bss                zero     0x2000ee30      0x1  os_var.o [1]
  .bss                zero     0x2000ee31      0x1  os_var.o [1]
  .bss                zero     0x2000ee32      0x1  os_var.o [1]
  .bss                zero     0x2000ee33      0x1  os_var.o [1]
  .bss                zero     0x2000ee34      0x1  os_var.o [1]
  .bss                zero     0x2000ee35      0x1  tcp.o [1]
  .bss                zero     0x2000ee36      0x1  tcp_in.o [1]
  .bss                zero     0x2000ee37      0x1  tcp_in.o [1]
                             - 0x2000ee38   0xe978

"P4", part 3 of 3:                          0x4000
  HEAP                         0x2000ee38   0x4000  <Block>
    HEAP              uninit   0x2000ee38   0x4000  <Block tail>
                             - 0x20012e38   0x4000


*******************************************************************************
*** INIT TABLE
***

          Address     Size
          -------     ----
Zero (__iar_zero_init3)
    1 destination range, total size 0xe978:
          0x200004c0  0xe978

Copy/packbits (__iar_packbits_init3)
    1 source range, total size 0x23d (47% of destination):
          0x080323fc   0x23d
    1 destination range, total size 0x4be:
          0x20000000   0x4be



*******************************************************************************
*** MODULE SUMMARY
***

    Module               ro code  ro data  rw data
    ------               -------  -------  -------
D:\XGM30\SOFTWARE\Debug\Obj: [1]
    app.o                    232       16      712
    app_vect.o                12      388
    bsp.o                     72
    bsp_eth.o              1 326                 9
    bsp_int.o                936               324
    bsp_lib.o                588      288       12
    bsp_periph.o              40
    config.o               6 712    3 817    1 496
    control.o                192                 1
    control_main.o           160       16      712
    cpu_a.o                   42
    cpu_c.o                  316
    cpu_core.o               420                40
    def.o                     54
    eeprom.o               1 756        2        6
    etharp.o               2 780      576      193
    ethernetif.o             302
    fs.o                     238  125 593      768
    httpd.o                4 596    1 884    1 300
    icmp.o                   608      364
    igmp.o                   876      144       12
    inet_chksum.o            200
    init.o                    28
    ip.o                   1 012      144       18
    ip_addr.o                468      104
    lib_mem.o                106
    lwip.o                   376       36       96
    memp.o                   292      236    9 860
    netif.o                  556      104        9
    os_cfg_app.o             440      189    6 040
    os_core.o              2 840       20
    os_cpu_a.o               136
    os_cpu_c.o               556
    os_dbg.o                 520       98
    os_flag.o                636
    os_int.o                 960       28
    os_mem.o                 340
    os_msg.o                 500
    os_mutex.o                52
    os_prio.o                140                 8
    os_q.o                 1 416
    os_sem.o               1 116
    os_stat.o                992       20
    os_task.o              3 324        8
    os_tick.o                980       20
    os_time.o                692
    os_tmr.o                 772       24
    os_var.o                                 1 933
    pbuf.o                 2 020      980
    raw.o                    156                 4
    stm32f4x7_eth.o        2 712            15 584
    stm32f4xx_exti.o         236
    stm32f4xx_flash.o        412
    stm32f4xx_gpio.o         248
    stm32f4xx_rcc.o          452        8       16
    stm32f4xx_syscfg.o        96
    sys_arch.o               670      316   21 508
    system_stm32f4xx.o       324
    tcp.o                  3 304      747       31
    tcp_in.o               5 452      676       44
    tcp_out.o              4 046      896
    tcpip.o                  376      164       48
    timers.o                 536                 8
    udp.o                    560      120        4
    ustdlib.o                644       32
    web_main.o               240        8        2
    ----------------------------------------------
    Total:                64 192  138 066   60 798

command line: [2]
    ----------------------------------------------
    Total:

dl7M_tln.a: [3]
    XShttio.o                  8        4        8
    exit.o                     4
    low_level_init.o           4
    printf.o                  36
    putchar.o                 40
    rand.o                   196       66      140
    realloc.o                376
    sprintf.o                 52
    strcat.o                  30
    strncmp.o                 42
    strstr.o                  44
    xgetmemchunk.o            40                 4
    xmtx.o                     8
    xprintfsmall.o         1 188
    xprout.o                  22
    xsprout.o                 10
    xsyslock.o               148                24
    xtls.o                     2
    xxmemxfree.o             136
    xxmemxmalloc.o           188                 8
    ----------------------------------------------
    Total:                 2 574       70      184

rt7M_tl.a: [4]
    ABImemcpy.o              118
    ABImemmove.o             120
    ABImemset.o              102
    I64DivMod.o              238
    I64DivZer.o                2
    bwt_init3c.o
    cexit.o                   14
    cmain.o                   22
    cstart_clearlocks.o
    cstartup_M.o              12
    data_init3.o              44
    memchr.o                  88
    packbits_init3.o         160
    strchr.o                  22
    strcmp.o                  66
    strlen.o                  54
    strncpy.o                108
    zero_init3.o              34
    ----------------------------------------------
    Total:                 1 204

shb_l.a: [5]
    dwrite.o                  30
    exit.o                    20
    iarttio.o                108
    iarwrite.o                34
    iarwstd.o                 32
    write.o                   16
    ----------------------------------------------
    Total:                   240

    Gaps                       3
    Linker created                     44   20 480
--------------------------------------------------
    Grand Total:          68 213  138 180   81 462


*******************************************************************************
*** ENTRY LIST
***

Entry                      Address    Size  Type      Object
-----                      -------    ----  ----      ------
?main                   0x08031721          Code  Gb  cmain.o [4]
APBAHBPrescTable        0x2000049c    0x10  Data  Lc  stm32f4xx_rcc.o [1]
AppTaskStart            0x0802f17d    0x7a  Code  Lc  app.o [1]
AppTaskStartStk         0x2000c7f8   0x200  Data  Lc  app.o [1]
AppTaskStartTCB         0x2000e028    0xc8  Data  Lc  app.o [1]
App_BusFault_ISR        0x08031f5d     0x2  Code  Lc  app_vect.o [1]
App_Fault_ISR           0x08031f5b     0x2  Code  Lc  app_vect.o [1]
App_MemFault_ISR        0x08031f61     0x2  Code  Lc  app_vect.o [1]
App_NMI_ISR             0x08031f59     0x2  Code  Lc  app_vect.o [1]
App_Spurious_ISR        0x08031f63     0x2  Code  Lc  app_vect.o [1]
App_UsageFault_ISR      0x08031f5f     0x2  Code  Lc  app_vect.o [1]
BSP_CPU_ClkFreq         0x0801ceaf    0x10  Code  Gb  bsp.o [1]
BSP_ETH_GetCurrentTxBuffer
                        0x0801a935     0x8  Code  Gb  bsp_eth.o [1]
BSP_ETH_GetDescriptorStatus
                        0x0801a9dd    0x14  Code  Gb  bsp_eth.o [1]
BSP_ETH_GetMacAddress   0x0801a931     0x4  Code  Gb  bsp_eth.o [1]
BSP_ETH_IRQHandler      0x2000ecbc     0x4  Data  Gb  bsp_eth.o [1]
BSP_ETH_IsRxPktValid    0x0801a93d     0xc  Code  Gb  bsp_eth.o [1]
BSP_ETH_ReleaseDescriptor
                        0x0801a993    0x4a  Code  Gb  bsp_eth.o [1]
BSP_Init                0x0801ce99    0x16  Code  Gb  bsp.o [1]
BSP_InitEth             0x0801a89b    0x96  Code  Gb  bsp_eth.o [1]
BSP_IntDisAll           0x0801e169     0x8  Code  Gb  bsp_int.o [1]
BSP_IntEn               0x0801e171    0x10  Code  Gb  bsp_int.o [1]
BSP_IntHandler          0x0801e4d5    0x36  Code  Lc  bsp_int.o [1]
BSP_IntHandlerADC1_2_3  0x0801e25f     0xa  Code  Gb  bsp_int.o [1]
BSP_IntHandlerCAN1_RX0  0x0801e273     0xa  Code  Gb  bsp_int.o [1]
BSP_IntHandlerCAN1_RX1  0x0801e27d     0xa  Code  Gb  bsp_int.o [1]
BSP_IntHandlerCAN1_SCE  0x0801e287     0xa  Code  Gb  bsp_int.o [1]
BSP_IntHandlerCAN1_TX   0x0801e269     0xa  Code  Gb  bsp_int.o [1]
BSP_IntHandlerCAN2_RX0  0x0801e42b     0xa  Code  Gb  bsp_int.o [1]
BSP_IntHandlerCAN2_RX1  0x0801e435     0xa  Code  Gb  bsp_int.o [1]
BSP_IntHandlerCAN2_SCE  0x0801e43f     0xa  Code  Gb  bsp_int.o [1]
BSP_IntHandlerCAN2_TX   0x0801e421     0xa  Code  Gb  bsp_int.o [1]
BSP_IntHandlerCRYP      0x0801e4c1     0xa  Code  Gb  bsp_int.o [1]
BSP_IntHandlerDCMI      0x0801e4b7     0xa  Code  Gb  bsp_int.o [1]
BSP_IntHandlerDMA1_CH0  0x0801e219     0xa  Code  Gb  bsp_int.o [1]
BSP_IntHandlerDMA1_CH1  0x0801e223     0xa  Code  Gb  bsp_int.o [1]
BSP_IntHandlerDMA1_CH2  0x0801e22d     0xa  Code  Gb  bsp_int.o [1]
BSP_IntHandlerDMA1_CH3  0x0801e237     0xa  Code  Gb  bsp_int.o [1]
BSP_IntHandlerDMA1_CH4  0x0801e241     0xa  Code  Gb  bsp_int.o [1]
BSP_IntHandlerDMA1_CH5  0x0801e24b     0xa  Code  Gb  bsp_int.o [1]
[...]
ethernetif_input        0x0801ab2b    0x42  Code  Gb  ethernetif.o [1]
ethernetif_notify_conn_changed
                        0x0801aa85    0x16  Code  Gb  bsp_eth.o [1]
ethernetif_update_config
                        0x0801ab95    0x36  Code  Gb  ethernetif.o [1]
ethzero                 0x080321f8     0x8  Data  Gb  etharp.o [1]
exit                    0x0803173b     0x4  Code  Gb  exit.o [3]
extract_uri_parameters  0x080161c5    0x82  Code  Lc  httpd.o [1]
file_404_html           0x080319e8    0x14  Data  Gb  fs.o [1]
file_common_js          0x080319d4    0x14  Data  Gb  fs.o [1]
file_css_main_css       0x080319c0    0x14  Data  Gb  fs.o [1]
file_data_shtml         0x080319ac    0x14  Data  Gb  fs.o [1]
file_images_li_hover_gif
                        0x08031998    0x14  Data  Gb  fs.o [1]
file_images_li_line_jpg
                        0x08031984    0x14  Data  Gb  fs.o [1]
file_images_logo_jpg    0x08031970    0x14  Data  Gb  fs.o [1]
file_images_logo_png    0x0803195c    0x14  Data  Gb  fs.o [1]
file_images_nav_bg_jpg  0x08031948    0x14  Data  Gb  fs.o [1]
file_images_nav_bg_orgin_jpg
                        0x08031934    0x14  Data  Gb  fs.o [1]
file_images_wait1_gif   0x0803190c    0x14  Data  Gb  fs.o [1]
file_images_wait_gif    0x08031920    0x14  Data  Gb  fs.o [1]
file_images_wait_orgin_gif
                        0x080318f8    0x14  Data  Gb  fs.o [1]
file_index_html         0x080318e4    0x14  Data  Gb  fs.o [1]
file_leap_shtml         0x080318d0    0x14  Data  Gb  fs.o [1]
file_leftmenu_alarm_htm
                        0x080318a8    0x14  Data  Gb  fs.o [1]
file_leftmenu_css       0x080318bc    0x14  Data  Gb  fs.o [1]
file_leftmenu_dev_htm   0x08031894    0x14  Data  Gb  fs.o [1]
file_leftmenu_info_htm  0x08031880    0x14  Data  Gb  fs.o [1]
file_leftmenu_login_htm
                        0x0803186c    0x14  Data  Gb  fs.o [1]
file_leftmenu_sys_htm   0x08031858    0x14  Data  Gb  fs.o [1]
file_log_shtml          0x08031844    0x14  Data  Gb  fs.o [1]
file_login_shtml        0x08031830    0x14  Data  Gb  fs.o [1]
file_message_shtml      0x0803181c    0x14  Data  Gb  fs.o [1]
file_set_shtml          0x08031808    0x14  Data  Gb  fs.o [1]
file_status_shtml       0x080317f4    0x14  Data  Gb  fs.o [1]
file_time_shtml         0x080317e0    0x14  Data  Gb  fs.o [1]
file_topmenu_css        0x080317cc    0x14  Data  Gb  fs.o [1]
file_topmenu_htm        0x080317b8    0x14  Data  Gb  fs.o [1]
find_entry              0x0801e61d   0x236  Code  Lc  etharp.o [1]
flags                   0x2000ee36     0x1  Data  Lc  tcp_in.o [1]
free                    0x0801ba25    0x82  Code  Gb  xxmemxfree.o [3]
free_entry              0x0801e575    0x34  Code  Lc  etharp.o [1]
free_etharp_q           0x0801e511    0x64  Code  Lc  etharp.o [1]
fs_bytes_left           0x08017c5b     0x8  Code  Gb  fs.o [1]
fs_close                0x08017c1d     0x8  Code  Gb  fs.o [1]
fs_free                 0x08017ba7    0x24  Code  Lc  fs.o [1]
fs_malloc               0x08017b75    0x32  Code  Lc  fs.o [1]
fs_memory               0x2000df38    0xf0  Data  Gb  fs.o [1]
fs_open                 0x08017bcb    0x4a  Code  Gb  fs.o [1]
fs_read                 0x08017c25    0x36  Code  Gb  fs.o [1]
g_bChangeIPAddress      0x2000ee25     0x1  Data  Gb  config.o [1]
g_iNumCGIs              0x2000ed00     0x4  Data  Gb  httpd.o [1]
g_iNumTags              0x2000ecf4     0x4  Data  Gb  httpd.o [1]
g_pCGIs                 0x2000ecfc     0x4  Data  Gb  httpd.o [1]
g_pcConfigSSITags       0x20000210   0x100  Data  Lc  config.o [1]
g_pcHex                 0x080323a0     0x4  Data  Lc  ustdlib.o [1]
g_pcSSIExtensions       0x2000048c    0x10  Data  Gb  httpd.o [1]
g_pcTagLeadIn           0x080322e0     0x4  Data  Gb  httpd.o [1]
g_pcTagLeadOut          0x080322e4     0x4  Data  Gb  httpd.o [1]
g_pfnSSIHandler         0x2000ecf0     0x4  Data  Gb  httpd.o [1]
g_ppcTags               0x2000ecf8     0x4  Data  Gb  httpd.o [1]
g_psConfigCGIURIs       0x0802f3e8    0x70  Data  Lc  config.o [1]
g_psDefaultFilenames    0x08030948    0x28  Data  Gb  httpd.o [1]
g_psDefaultParameters   0x2000ecd8     0x4  Data  Gb  config.o [1]
g_psFactoryParameters   0x080322a4     0x4  Data  Gb  config.o [1]
g_psHTTPHeaderStrings   0x20000424    0x68  Data  Lc  httpd.o [1]
g_psHTTPHeaders         0x2000039c    0x88  Data  Lc  httpd.o [1]
g_pucFlashPBCurrent     0x2000ecd4     0x4  Data  Lc  config.o [1]
g_sParameters           0x2000d7f8   0x194  Data  Gb  config.o [1]
g_sParametersFactory    0x0802ec04   0x194  Data  Lc  config.o [1]
g_sWorkingDefaultParameters
                        0x2000d98c   0x194  Data  Gb  config.o [1]
g_ulIPMode              0x2000ed20     0x4  Data  Lc  lwip.o [1]
get_http_headers        0x08016317   0x128  Code  Lc  httpd.o [1]
get_tag_insert          0x08016247    0xd0  Code  Lc  httpd.o [1]
http_accept             0x0801702b    0x5c  Code  Lc  httpd.o [1]
http_close_conn         0x08016175    0x50  Code  Lc  httpd.o [1]
http_err                0x08016eed     0xc  Code  Lc  httpd.o [1]
http_find_file          0x08016cdd   0x13c  Code  Lc  httpd.o [1]
http_get_404_file       0x08016b65    0x3a  Code  Lc  httpd.o [1]
http_init_file          0x08016e21    0xa6  Code  Lc  httpd.o [1]
http_parse_request      0x08016b9f   0x138  Code  Lc  httpd.o [1]
http_poll               0x08016f15    0x4c  Code  Lc  httpd.o [1]
http_recv               0x08016f61    0xca  Code  Lc  httpd.o [1]
http_send_data          0x0801644d   0x718  Code  Lc  httpd.o [1]
http_sent               0x08016ef9    0x1c  Code  Lc  httpd.o [1]
http_set_cgi_handlers   0x08017161    0x34  Code  Gb  httpd.o [1]
http_set_ssi_handler    0x08017113    0x4e  Code  Gb  httpd.o [1]
http_state_alloc        0x0801609f    0x26  Code  Lc  httpd.o [1]
http_state_free         0x080160c5    0x30  Code  Lc  httpd.o [1]
http_write              0x080160f5    0x80  Code  Lc  httpd.o [1]
httpd_init              0x08017109     0xa  Code  Gb  httpd.o [1]
httpd_init_addr         0x08017091    0x78  Code  Lc  httpd.o [1]
httpd_req_buf           0x2000bcd4   0x400  Data  Lc  httpd.o [1]
icmp_dest_unreach       0x080222f3     0xe  Code  Gb  icmp.o [1]
icmp_input              0x08022149   0x1aa  Code  Gb  icmp.o [1]
icmp_send_response      0x08022301    0x7e  Code  Lc  icmp.o [1]
igmp_delaying_member    0x0801f255    0x30  Code  Lc  igmp.o [1]
igmp_group_list         0x2000ed04     0x4  Data  Lc  igmp.o [1]
igmp_init               0x0801f009    0x16  Code  Gb  igmp.o [1]
igmp_input              0x0801f0fb    0xfe  Code  Gb  igmp.o [1]
igmp_ip_output_if       0x0801f285    0x2e  Code  Lc  igmp.o [1]
igmp_lookfor_group      0x0801f079    0x28  Code  Gb  igmp.o [1]
igmp_lookup_group       0x0801f0a1    0x5a  Code  Lc  igmp.o [1]
igmp_report_groups      0x0801f057    0x22  Code  Gb  igmp.o [1]
igmp_send               0x0801f2b3    0x9c  Code  Lc  igmp.o [1]
igmp_start              0x0801f01f    0x38  Code  Gb  igmp.o [1]
igmp_start_timer        0x0801f231    0x24  Code  Lc  igmp.o [1]
igmp_timeout            0x0801f221    0x10  Code  Lc  igmp.o [1]
igmp_timer              0x0801c1a7    0x12  Code  Lc  timers.o [1]
igmp_tmr                0x0801f1f9    0x28  Code  Gb  igmp.o [1]
inet_chksum             0x08023c65     0xe  Code  Gb  inet_chksum.o [1]
inet_chksum_pbuf        0x08023c73    0x56  Code  Gb  inet_chksum.o [1]
inseg                   0x2000ec74    0x10  Data  Lc  tcp_in.o [1]
ip4_addr_isbroadcast    0x08015e31    0x4c  Code  Gb  ip_addr.o [1]
ip_addr_any             0x080322e8     0x4  Data  Gb  ip_addr.o [1]
ip_id                   0x2000ee0e     0x2  Data  Lc  ip.o [1]
ip_input                0x0801bd9b   0x1ca  Code  Gb  ip.o [1]
ip_output               0x0801c0c1    0x50  Code  Gb  ip.o [1]
ip_output_if            0x0801bf65    0x26  Code  Gb  ip.o [1]
ip_output_if_opt        0x0801bf8b   0x136  Code  Gb  ip.o [1]
ip_route                0x0801bd49    0x52  Code  Gb  ip.o [1]
ipaddr_addr             0x08015e7d    0x16  Code  Gb  ip_addr.o [1]
ipaddr_aton             0x08015e93   0x164  Code  Gb  ip_addr.o [1]
iphdr                   0x2000eddc     0x4  Data  Lc  tcp_in.o [1]
isdigit                 0x0801b27d    0x10  Code  Gb  config.o [1]
isxdigit                0x0801767d    0x24  Code  Gb  config.o [1]
low_level_input         0x0801aadd    0x4e  Code  Gb  ethernetif.o [1]
low_level_output        0x0801aa9d    0x40  Code  Gb  ethernetif.o [1]
lwIPInit                0x08017267    0xc4  Code  Gb  lwip.o [1]
lwIPLocalIPAddrGet      0x0801736f     0x6  Code  Gb  lwip.o [1]
lwIPNetworkConfigChange
                        0x0801732b    0x44  Code  Gb  lwip.o [1]
lwip_htonl              0x0801601b    0x18  Code  Gb  def.o [1]
lwip_htons              0x08016005     0xc  Code  Gb  def.o [1]
lwip_init               0x0801efed    0x1c  Code  Gb  init.o [1]
lwip_ntohl              0x08016033     0x8  Code  Gb  def.o [1]
lwip_ntohs              0x08016011     0xa  Code  Gb  def.o [1]
lwip_sem                0x2000ec18    0x20  Data  Gb  lwip.o [1]
lwip_standard_chksum    0x08023c01    0x64  Code  Lc  inet_chksum.o [1]
main                    0x0802f12d    0x50  Code  Gb  app.o [1]
main_control            0x0802f225    0x40  Code  Gb  control_main.o [1]
main_control_Task       0x0802f265    0x38  Code  Gb  control_main.o [1]
main_control_init       0x0802f215     0x8  Code  Lc  control_main.o [1]
main_net                0x2000c0d4    0x3c  Data  Gb  lwip.o [1]
main_task_hanlder       0x0802f21d     0x8  Code  Lc  control_main.o [1]
malloc                  0x0801b969    0xb6  Code  Gb  xxmemxmalloc.o [3]
mbox                    0x2000ebf0    0x28  Data  Lc  tcpip.o [1]
mem_init                0x0801b041     0x2  Code  Gb  sys_arch.o [1]
memchr                  0x0802074d          Code  Gb  memchr.o [4]
memcpy                  0x0801603b     0xe  Code  Gb  tcp_out.o [1]
memp_free               0x0801bcdf    0x44  Code  Gb  memp.o [1]
memp_init               0x0801bc25    0x5a  Code  Gb  memp.o [1]
memp_malloc             0x0801bc7f    0x60  Code  Gb  memp.o [1]
memp_memory             0x200054c0  0x264c  Data  Lc  memp.o [1]
memp_num                0x08031484    0x1c  Data  Lc  memp.o [1]
memp_sizes              0x08031468    0x1c  Data  Lc  memp.o [1]
memp_tab                0x2000ebb8    0x38  Data  Lc  memp.o [1]
memset                  0x08017701    0x14  Code  Gb  udp.o [1]
mtx                     0x2000ec3c    0x14  Data  Lc  xsyslock.o [3]
netif_add               0x0801ad47    0x94  Code  Gb  netif.o [1]
netif_default           0x2000ed28     0x4  Data  Gb  netif.o [1]
netif_init              0x0801ad45     0x2  Code  Gb  netif.o [1]
netif_list              0x2000ed24     0x4  Data  Gb  netif.o [1]
netif_set_addr          0x0801addb    0x20  Code  Gb  netif.o [1]
netif_set_default       0x0801ae7b     0x6  Code  Gb  netif.o [1]
netif_set_down          0x0801aee5    0x16  Code  Gb  netif.o [1]
netif_set_gw            0x0801ae5f     0xe  Code  Gb  netif.o [1]
netif_set_ipaddr        0x0801adfb    0x64  Code  Gb  netif.o [1]
netif_set_link_callback
                        0x0801af69     0x8  Code  Gb  netif.o [1]
netif_set_link_down     0x0801af47    0x22  Code  Gb  netif.o [1]
netif_set_link_up       0x0801aefb    0x4c  Code  Gb  netif.o [1]
netif_set_netmask       0x0801ae6d     0xe  Code  Gb  netif.o [1]
netif_set_up            0x0801aea5    0x40  Code  Gb  netif.o [1]
next_timeout            0x2000edf8     0x4  Data  Lc  timers.o [1]
old_SysRunDay           0x2000ecd0     0x4  Data  Lc  config.o [1]
pbuf_alloc              0x0801992d   0x26e  Code  Gb  pbuf.o [1]
pbuf_cat                0x08019e55    0x78  Code  Gb  pbuf.o [1]
pbuf_clen               0x08019e29    0x12  Code  Gb  pbuf.o [1]
pbuf_copy               0x08019ecd   0x118  Code  Gb  pbuf.o [1]
pbuf_copy_partial       0x08019fe5    0xb4  Code  Gb  pbuf.o [1]
pbuf_free               0x08019d5f    0xca  Code  Gb  pbuf.o [1]
pbuf_header             0x08019c8b    0xd4  Code  Gb  pbuf.o [1]
pbuf_realloc            0x08019b9b    0xf0  Code  Gb  pbuf.o [1]
pbuf_ref                0x08019e3b    0x1a  Code  Gb  pbuf.o [1]
printf                  0x08017905    0x24  Code  Gb  printf.o [3]
putchar                 0x08030da9    0x28  Code  Gb  putchar.o [3]
pvNullPointer           0x0803239c     0x4  Data  Gb  sys_arch.o [1]
rand                    0x08023cc9    0xc4  Code  Gb  rand.o [3]
raw_input               0x08020945    0x8e  Code  Gb  raw.o [1]
raw_pcbs                0x2000edb0     0x4  Data  Lc  raw.o [1]
reConnect_config        0x0801a889    0x12  Code  Gb  bsp_eth.o [1]
realloc                 0x0801bb81    0xa4  Code  Gb  realloc.o [3]
recv_data               0x2000ede8     0x4  Data  Lc  tcp_in.o [1]
recv_flags              0x2000ee37     0x1  Data  Lc  tcp_in.o [1]
seqno                   0x2000ede0     0x4  Data  Lc  tcp_in.o [1]
sprintf                 0x08017715    0x34  Code  Gb  sprintf.o [3]
strcat                  0x08017749    0x1e  Code  Gb  strcat.o [3]
strchr                  0x0801990d          Code  Gb  strchr.o [4]
strcmp                  0x080173ad          Code  Gb  strcmp.o [4]
strlen                  0x080176a1          Code  Gb  strlen.o [4]
strncmp                 0x080176d7    0x2a  Code  Gb  strncmp.o [3]
strncpy                 0x0801b211          Code  Gb  strncpy.o [4]
strnstr                 0x08016049    0x56  Code  Lc  httpd.o [1]
strstr                  0x08019923     0x8  Code  Gb  httpd.o [1]
sys_arch_mbox_fetch     0x0801afd7    0x4a  Code  Gb  sys_arch.o [1]
sys_arch_protect        0x0801b1ed    0x12  Code  Gb  sys_arch.o [1]
sys_arch_unprotect      0x0801b1ff    0x10  Code  Gb  sys_arch.o [1]
sys_init                0x0801b043    0x3a  Code  Gb  sys_arch.o [1]
sys_mbox_new            0x0801af71    0x3c  Code  Gb  sys_arch.o [1]
sys_mbox_trypost        0x0801afad    0x2a  Code  Gb  sys_arch.o [1]
sys_mbox_valid          0x0801b021    0x20  Code  Gb  sys_arch.o [1]
sys_thread_new          0x0801b07d   0x134  Code  Gb  sys_arch.o [1]
sys_timeout             0x0801c1d3    0x8c  Code  Gb  timers.o [1]
sys_timeouts_init       0x0801c1b9    0x1a  Code  Gb  timers.o [1]
sys_timeouts_mbox_fetch
                        0x0801c2b7    0x82  Code  Gb  timers.o [1]
sys_untimeout           0x0801c25f    0x58  Code  Gb  timers.o [1]
syslock_o               0x2000ec38     0x4  Data  Lc  xsyslock.o [3]
syslog                  0x2000ee28     0x1  Data  Gb  config.o [1]
tcp_abandon             0x08018e39    0xb8  Code  Gb  tcp.o [1]
tcp_abort               0x08018ef1     0xa  Code  Gb  tcp.o [1]
tcp_accept              0x0801976d     0x4  Code  Gb  tcp.o [1]
tcp_accept_null         0x08018f9b     0x6  Code  Lc  tcp.o [1]
tcp_active_pcbs         0x2000edcc     0x4  Data  Gb  tcp.o [1]
tcp_alloc               0x0801967d    0xb6  Code  Gb  tcp.o [1]
tcp_arg                 0x08019757     0x4  Code  Gb  tcp.o [1]
tcp_backoff             0x08031d20    0x10  Data  Gb  tcp.o [1]
tcp_bind                0x08018efb    0xa0  Code  Gb  tcp.o [1]
tcp_bound_pcbs          0x2000edc4     0x4  Data  Gb  tcp.o [1]
tcp_close               0x08018e1d    0x1c  Code  Gb  tcp.o [1]
tcp_close_shutdown      0x08018c43   0x1da  Code  Lc  tcp.o [1]
tcp_create_segment      0x08017d51    0xca  Code  Lc  tcp_out.o [1]
tcp_eff_send_mss        0x08019877    0x28  Code  Gb  tcp.o [1]
tcp_enqueue_flags       0x08018435   0x1aa  Code  Gb  tcp_out.o [1]
tcp_err                 0x08019767     0x6  Code  Gb  tcp.o [1]
tcp_fasttmr             0x0801951d    0x80  Code  Gb  tcp.o [1]
tcp_input               0x08020bfd   0x576  Code  Gb  tcp_in.o [1]
tcp_input_pcb           0x2000edec     0x4  Data  Gb  tcp_in.o [1]
tcp_keepalive           0x08018b33    0x3c  Code  Gb  tcp_out.o [1]
tcp_kill_prio           0x080195f7    0x48  Code  Lc  tcp.o [1]
tcp_kill_timewait       0x0801963f    0x32  Code  Lc  tcp.o [1]
tcp_listen_input        0x08021173   0x116  Code  Lc  tcp_in.o [1]
tcp_listen_pcbs         0x2000edc8     0x4  Data  Gb  tcp.o [1]
tcp_listen_with_backlog
                        0x08018fa1    0xe8  Code  Gb  tcp.o [1]
tcp_new                 0x0801974d     0xa  Code  Gb  tcp.o [1]
tcp_new_port            0x08019151    0x54  Code  Lc  tcp.o [1]
tcp_next_iss            0x08019863    0x14  Code  Gb  tcp.o [1]
tcp_output              0x08018633   0x222  Code  Gb  tcp_out.o [1]
tcp_output_alloc_header
                        0x08017c65    0xaa  Code  Lc  tcp_out.o [1]
tcp_output_segment      0x08018855    0xd2  Code  Lc  tcp_out.o [1]
tcp_parseopt            0x08022045    0xb0  Code  Lc  tcp_in.o [1]
tcp_pbuf_prealloc       0x08017e1b    0x8c  Code  Lc  tcp_out.o [1]
tcp_pcb_lists           0x08031d30    0x10  Data  Gb  tcp.o [1]
tcp_pcb_purge           0x0801977b    0x46  Code  Gb  tcp.o [1]
tcp_pcb_remove          0x080197c1    0xa2  Code  Gb  tcp.o [1]
tcp_persist_backoff     0x08032270     0x8  Data  Gb  tcp.o [1]
tcp_poll                0x08019771     0xa  Code  Gb  tcp.o [1]
tcp_process             0x08021331   0x56c  Code  Lc  tcp_in.o [1]
tcp_receive             0x08021905   0x73a  Code  Lc  tcp_in.o [1]
tcp_recv                0x0801975b     0x6  Code  Gb  tcp.o [1]
tcp_recv_null           0x080195d1    0x26  Code  Gb  tcp.o [1]
tcp_recved              0x080190f1    0x60  Code  Gb  tcp.o [1]
tcp_rexmit              0x08018a6d    0x4e  Code  Gb  tcp_out.o [1]
tcp_rexmit_fast         0x08018abb    0x78  Code  Gb  tcp_out.o [1]
tcp_rexmit_rto          0x08018a39    0x34  Code  Gb  tcp_out.o [1]
tcp_rst                 0x08018931    0xa8  Code  Gb  tcp_out.o [1]
tcp_seg_free            0x080195af    0x1e  Code  Gb  tcp.o [1]
tcp_segs_free           0x0801959d    0x12  Code  Gb  tcp.o [1]
tcp_send_empty_ack      0x080185df    0x54  Code  Gb  tcp_out.o [1]
tcp_send_fin            0x08017d0f    0x42  Code  Gb  tcp_out.o [1]
tcp_sent                0x08019761     0x6  Code  Gb  tcp.o [1]
tcp_setprio             0x080195cd     0x4  Code  Gb  tcp.o [1]
tcp_slowtmr             0x080191a5   0x378  Code  Gb  tcp.o [1]
tcp_ticks               0x2000edc0     0x4  Data  Gb  tcp.o [1]
tcp_timer               0x2000ee35     0x1  Data  Lc  tcp.o [1]
tcp_timer_needed        0x0801c167    0x2c  Code  Gb  timers.o [1]
tcp_timewait_input      0x08021289    0xa8  Code  Lc  tcp_in.o [1]
tcp_tmp_pcb             0x2000edd4     0x4  Data  Gb  tcp.o [1]
tcp_tmr                 0x08018c25    0x1e  Code  Gb  tcp.o [1]
tcp_tw_pcbs             0x2000edd0     0x4  Data  Gb  tcp.o [1]
tcp_update_rcv_ann_wnd  0x08019089    0x68  Code  Gb  tcp.o [1]
tcp_write               0x08017f61   0x4d4  Code  Gb  tcp_out.o [1]
tcp_write_checks        0x08017ea7    0xba  Code  Lc  tcp_out.o [1]
tcp_zero_window_probe   0x08018b6f    0xb6  Code  Gb  tcp_out.o [1]
tcphdr                  0x2000edd8     0x4  Data  Lc  tcp_in.o [1]
tcpip_init              0x0801ace1    0x40  Code  Gb  tcpip.o [1]
tcpip_init_done         0x2000edf0     0x4  Data  Lc  tcpip.o [1]
tcpip_init_done_arg     0x2000edf4     0x4  Data  Lc  tcpip.o [1]
tcpip_input             0x0801ac93    0x4e  Code  Gb  tcpip.o [1]
tcpip_tcp_timer         0x0801c13d    0x2a  Code  Lc  timers.o [1]
tcpip_tcp_timer_active  0x2000edfc     0x4  Data  Lc  timers.o [1]
tcpip_thread            0x0801abcd    0xc6  Code  Lc  tcpip.o [1]
tcplen                  0x2000ee20     0x2  Data  Lc  tcp_in.o [1]
udp_input               0x080209e1   0x200  Code  Gb  udp.o [1]
udp_pcbs                0x2000ee00     0x4  Data  Gb  udp.o [1]
ugSntp_Changed          0x2000ee27     0x1  Data  Gb  config.o [1]
update_arp_entry        0x0801e8a7    0xda  Code  Lc  etharp.o [1]
usnprintf               0x08017665     0xe  Code  Gb  ustdlib.o [1]
uvsnprintf              0x080173f9   0x26c  Code  Gb  ustdlib.o [1]


[1] = D:\XGM30\SOFTWARE\Debug\Obj
[2] = command line
[3] = dl7M_tln.a
[4] = rt7M_tl.a
[5] = shb_l.a

   68 213 bytes of readonly  code memory
  138 180 bytes of readonly  data memory
   81 462 bytes of readwrite data memory

Errors: none
Warnings: none
